pendientes: 541
OK 3018656 INVESTIGACION 2020 etoe_2020_junio_dbf.zip
OK 338762 INVESTIGACION 2020 etco_2020_julio_dbf.zip
OK 18588 INVESTIGACION 2020 descripcion_archivos_fd.xlsx
OK 561045 INVESTIGACION 2020 ecovid_ml_2020_jun_bd_dbf.zip
OK 576839 INVESTIGACION 2020 ecovid_ml_2020_jul_bd_dbf.zip
OK 473103 INVESTIGACION 2020 ecovid_ml_2020_may_bd_dbf.zip
OK 1016855 INVESTIGACION 2020 ecovid_ml_2020_may_jul_estructura_bd.pdf
OK 296217 INVESTIGACION 2020 ecovid_ed_2020_bd_csv.zip
OK 74084 INVESTIGACION 2020 ecovid_ed_2020_fd_md_xlsx.zip
OK 167097 INVESTIGACION 2020 BIARE_2020_octubre_csv.zip
OK 2469119 INVESTIGACION 2020 etoe_2020_abril_cpv2020_dbf.zip
OK 1336378 INVESTIGACION 2020 etoe_inegi_estructura_base_datos_cpv2020.pdf
OK 2319739 INVESTIGACION 2020 etoe_2020_mayo_cpv2020_dbf.zip
OK 2712018 INVESTIGACION 2020 etoe_2020_junio_cpv2020_dbf.zip
OK 3514954 INVESTIGACION 2020 enigh2020_hogares_csv.zip
OK 1941444 INVESTIGACION 2020 enigh2020_trabajos_csv.zip
OK 1779533 INVESTIGACION 2020 enigh2020_viviendas_csv.zip
OK 11129649 INVESTIGACION 2020 enigh2020_poblacion_csv.zip
OK 7338622 INVESTIGACION 2020 concentradohogar_csv.zip
OK 86821883 INVESTIGACION 2020 gastoshogar_csv.zip
OK 3201999 INVESTIGACION 2020 gastospersona_csv.zip
OK 9139625 INVESTIGACION 2020 ingresos_csv.zip
OK 172877 INVESTIGACION 2022 BIARE_2022_julio_csv.zip
OK 171552 INVESTIGACION 2022 BIARE_2022_abril_csv.zip
OK 173398 INVESTIGACION 2022 BIARE_2022_octubre_csv.zip
OK 1065035 INVESTIGACION 2022 icmm_2022_bd_xlsx.zip
OK 170136 INVESTIGACION 2022 BIARE_2022_enero_csv.zip
OK 1310955 INVESTIGACION 2022 endiseg_web_2022_bd_csv.zip
OK 1114394 INVESTIGACION 2022 endiseg_web_2022_fd_pdf.zip
OK 231601 INVESTIGACION 2022 endiseg_web_2022_modelo_logico_pdf.zip
OK 172356 INVESTIGACION 2024 BIARE_2024_enero_csv.zip
OK 169775 INVESTIGACION 2024 BIARE_2024_julio_csv.zip
OK 173709 INVESTIGACION 2024 BIARE_2024_abril_csv.zip
OK 175891 INVESTIGACION 2024 BIARE_2024_noviembre_csv.zip
OK 331179 ENSU 2013 ensu_bd_2013_dbf.zip
OK 483956 ENSU 2013 ensu_fd_2013_pdf.zip
OK 7651917 ENSU 2016 ensu_fd_2016_pdf.zip
OK 4906100 ENSU 2016 ensu_bd_2016_dbf.zip
OK 9504089 ENSU 2018 ensu_bd_2018_dbf.zip
OK 5526314 ENSU 2018 ensu_fd_2018_pdf.zip
OK 14925495 ENSU 2023 ensu_bd_2023_csv.zip
OK 10786554 ENSU 2023 ensu_fd_2023_pdf.zip
OK 312320 ENDIREH 2006 fd_endireh06.xls
OK 3030154 DUTIH 2019 dutih2019_bd_dbf.zip
OK 110789 DUTIH 2019 dutih2019_fd.xlsx
OK 192702 ENVIPE 2013 fd_envipe2013.xlsx
OK 1836970 ENVIPE 2014 fd_envipe2014.pdf
OK 72856934 EDR 2005 defunciones_generales_base_datos_2005_2009_dbf.zip
OK 12617168 EMAT 1993 matrimonios_base_datos_1993_1994_dbf.zip
OK 6174444 EMAT 2024 matrimonios_base_datos_2024_dbf.zip
OK 1864528 MORTALIDAD 2020 fetales_base_de_datos_2020_dbf.zip
OK 32344612 MORTALIDAD 2020 defunciones_base_datos_2020_dbf.zip
OK 273971 ENCIG 2011 fd_encig2011.pdf
OK 22434928 ED 2010 divorcios_base_datos_2010_2014_dbf.zip
OK 633836 ENASEM 2021 enasem_2021_fd.xlsx
OK 17281059 ENASEM 2021 enasem_2021_diagramas_flujo.pdf
OK 34844 ENASEM 2021 enasem_2021_variables.xlsx
OK 12116614 NUPCIALIDAD 1985 divorcios_base_datos_1985_1989_dbf.zip
OK 5562511 NUPCIALIDAD 2021 divorcios_base_datos_2021_dbf.zip
OK 38673 ENCO 2018 fd_enco_v6.pdf
OK 2046367 ENCO 2024 enco_2024_dbf.zip
OK 160436 ENCO 2025 enco_2025_enero_dbf.zip
OK 159342 ENCO 2025 enco_2025_febrero_dbf.zip
OK 159344 ENCO 2025 enco_2025_marzo_dbf.zip
OK 160432 ENCO 2025 enco_2025_abril_dbf.zip
OK 179927 ENCO 2025 enco_2025_mayo_dbf.zip
OK 160487 ENCO 2025 enco_2025_julio_dbf.zip
OK 171868 ENCO 2025 enco_2025_agosto_dbf.zip
OK 883538 ENCO 2025 fd_enco_v7.pdf
OK 164850 ENCO 2025 enco_2025_septiembre_dbf.zip
OK 164577 ENCO 2025 enco_2025_octubre_dbf.zip
OK 164332 ENCO 2025 enco_2025_noviembre_dbf.zip
OK 164816 ENCO 2025 enco_2025_diciembre_dbf.zip
OK 163057 ENCO 2026 enco_2026_enero_dbf.zip
OK 173527 ENCO 2026 enco_2026_febrero_dbf.zip
OK 163665 ENCO 2026 enco_2026_marzo_dbf.zip
OK 162956 ENCO 2026 enco_2026_abril_dbf.zip
OK 163904 ENCO 2026 enco_2026_mayo_dbf.zip
OK 164801 ENCO 2026 enco_2026_julio_dbf.zip
OK 507 CA 2021 Oct TRD_CARAC_UP_EJEM_csv.zip
OK 6967040 CNGMD 2010 agua_cngmd2011_dbf.zip
OK 5751256 CNGMD 2010 residuos_cngmd2011_dbf.zip
OK 619794 CNGMD 2010 ayu_estructura_cngmd2011_dbf.zip
OK 840989 CNGMD 2010 ayu_comisiones_cngmd2011_dbf.zip
OK 926396 CNGMD 2010 apmd_estructura_cngmd2011_dbf.zip
OK 2463675 CNGMD 2010 apmd_recursos_cngmd2011_dbf.zip
OK 1083901 CNGMD 2010 apmd_tramites_cngmd2011_dbf.zip
OK 1126013 CNGMD 2010 apmd_funciones_cngmd2011_dbf.zip
OK 784520 CNGMD 2010 apmd_transparencia_cngmd2011_dbf.zip
OK 451419 CNGMD 2010 apmd_participacion_cngmd2011_dbf.zip
OK 633480 CNGMD 2010 apmd_marco_cngmd2011_dbf.zip
OK 1136581 CNGMD 2010 sp_ejercicio_cngmd2011_dbf.zip
OK 639264 CNGMD 2010 sp_recursos_cngmd2011_dbf.zip
OK 465603 CNGMD 2010 sp_infraestructura_cngmd2011_dbf.zip
OK 490759 CNGMD 2010 jm_ejercicio_cngmd2011_dbf.zip
OK 448069 CNGMD 2010 jm_recursos_cngmd2011_dbf.zip
OK 386992 CNGMD 2010 jm_infraestructura_cngmd2011_dbf.zip
OK 494907 CNGMD 2014 Estruct_aytto_cngmd2015_dbf.zip
OK 1209660 CNGMD 2014 Com_ini_aytto_cngmd2015_dbf.zip
OK 886731 CNGMD 2014 Estructura_organizacional_cngmd2015_dbf.zip
OK 2277255 CNGMD 2014 JM_Recursos_cngmd2015_dbf.zip
OK 547223 CNGMD 2014 JM_Infraestuctura_cngmd2015_dbf.zip
OK 21232341 CNGMD 2014 JM_Ejercicio_funcion_cngmd2015_dbf.zip
OK 2650213 CNGMD 2014 Gob_elec_cngmd2015_dbf.zip
OK 1872308 CNGMD 2014 Transparencia_cngmd2015_dbf.zip
OK 1467100 CNGMD 2014 Ctrl_inter_anticor_cngmd2015_dbf.zip
OK 1064934 CNGMD 2014 Plan_evalua_cngmd2015_dbf.zip
OK 381018 CNGMD 2014 Act_estadis_geograficas_cngmd2015_dbf.zip
OK 1227902 CNGMD 2014 Tramites_serv_cngmd2015_dbf.zip
OK 1226187 CNGMD 2014 sp_Seguridad_publica_cngmd2015_dbf.zip
OK 5367125 CNGMD 2014 sp_Recursos_cngmd2015_dbf.zip
OK 1746941 CNGMD 2014 Participacion_cuidadana_cngmd2015_dbf.zip
OK 11765226 CNGMD 2014 Recursos_cngmd2015_dbf.zip
OK 1713590 CNGMD 2014 Serv_publicos_cngmd2015_dbf.zip
OK 5493020 CNGMD 2014 Marco_regulatorio_cngmd2015_dbf.zip
OK 23508619 CNGMD 2014 SP_Ejercicio_funcion_cngmd2015_dbf.zip
OK 3783391 CNGMD 2014 Proteccion_civil_cngmd2015_dbf.zip
OK 538295 CNGMD 2014 Estructura_organizacional_catastro_cngmd2015_dbf.zip
OK 398152 CNGMD 2014 Capacitacion_catastro_cngmd2015_dbf.zip
OK 317841 CNGMD 2014 Programa_modernizacion_catastral_cngmd2015_dbf.zip
OK 343692 CNGMD 2014 Tecnologias_informacion_catastral_cngmd2015_dbf.zip
OK 331919 CNGMD 2014 Resguardo_informacion_catastral_cngmd2015_dbf.zip
OK 529362 CNGMD 2014 Procesos_catastrales_cngmd2015_dbf.zip
OK 991197 CNGMD 2014 Padron_catastral_cngmd2015_dbf.zip
OK 779600 CNGMD 2014 Cartografia_catastral_cngmd2015_dbf.zip
OK 331759 CNGMD 2014 Inspecciones_de_campo_cngmd2015_dbf.zip
OK 396828 CNGMD 2014 Impuesto_predial_cngmd2015_dbf.zip
OK 400425 CNGMD 2014 Valuacion_catastral_cngmd2015_dbf.zip
OK 445425 CNGMD 2014 Vinculacion_catastral_cngmd2015_dbf.zip
OK 323152 CNGMD 2014 Serv_agua_red_cngmd2015_dbf.zip
OK 765932 CNGMD 2014 Capta_agua_public_cngmd2015_dbf.zip
OK 1053905 CNGMD 2014 Admin_agua_red_cngmd2015_dbf.zip
OK 346589 CNGMD 2014 Drenaje_alcant_cngmd2015_dbf.zip
OK 372830 CNGMD 2014 Trat_aguas_resid_cngmd2015_dbf.zip
OK 500415 CNGMD 2014 Aguas_sintrat_cngmd2015_dbf.zip
OK 468600 CNGMD 2014 Prog_gest_aguapot_cngmd2015_dbf.zip
OK 914504 CNGMD 2014 Difus_gest_agua_cngmd2015_dbf.zip
OK 564863 CNGMD 2014 Rec_RSU_cngmd2015_dbf.zip
OK 486059 CNGMD 2014 Trat_RSU_cngmd2015_dbf.zip
OK 464785 CNGMD 2014 Disp_final_RSU_cngmd2015_dbf.zip
OK 453616 CNGMD 2014 Est_gen_comp_RSU_cngmd2015_dbf.zip
OK 479471 CNGMD 2014 Prog_gest_int_RSU_cngmd2015_dbf.zip
OK 498009 CNGMD 2014 Part_ciud_RSU_cngmd2015_dbf.zip
OK 865241 CNGMD 2018 Integrantes_ayuntami_cngmd2019_dbf.zip
OK 728544 CNGMD 2018 Actividad_ayuntami_cngmd2019_dbf.zip
OK 3203236 CNGMD 2018 Estruc_organizacional_cngmd2019_dbf.zip
OK 1228031 CNGMD 2018 Rec_presupuestal_cngmd2019_dbf.zip
OK 2646992 CNGMD 2018 Rec_materiales_cngmd2019_dbf.zip
OK 1291423 CNGMD 2018 Gobierno_electronico_cngmd2019_dbf.zip
OK 746513 CNGMD 2018 Planea_evaluacion_cngmd2019_dbf.zip
OK 450648 CNGMD 2018 Activ_estadist_geogra_cngmd2019_dbf.zip
OK 993861 CNGMD 2018 Tramites_servicios_cngmd2019_dbf.zip
OK 2585235 CNGMD 2018 Proteccion_civil_cngmd2019_dbf.zip
OK 555359 CNGMD 2018 Transparencia_cngmd2019_dbf.zip
OK 1464074 CNGMD 2018 Ctrl_inter_anticor_cngmd2019_dbf.zip
OK 1330727 CNGMD 2018 Participacion_ciudada_cngmd2019_dbf.zip
OK 1317358 CNGMD 2018 Marco_regulatorio_cngmd2019_dbf.zip
OK 1173256 CNGMD 2018 Servicios_publicos_cngmd2019_dbf.zip
OK 1620548 CNGMD 2018 Admon_arch_gest_docum_cngmd2019_dbf.zip
OK 1983688 CNGMD 2018 Recursos_SP_cngmd2019_dbf.zip
OK 1254313 CNGMD 2018 Infraestructura_SP_cngmd2019_dbf.zip
OK 601876 CNGMD 2018 Infoestadistica_SP_cngmd2019_dbf.zip
OK 471060 CNGMD 2018 Interven_policiamun_cngmd2019_dbf.zip
OK 7756016 CNGMD 2018 Presunta_infracdelito_cngmd2019_dbf.zip
OK 3949075 CNGMD 2018 Probable_victima_reg_cngmd2019_dbf.zip
OK 5170274 CNGMD 2018 Probable_infractor_cngmd2019_dbf.zip
OK 463500 CNGMD 2018 Mando_unico_policial_cngmd2019_dbf.zip
OK 970769 CNGMD 2018 Falleci_func_policial_cngmd2019_dbf.zip
OK 917651 CNGMD 2018 Recursos_humanos_cngmd2019_dbf.zip
OK 536659 CNGMD 2018 Infraestructura_cngmd2019_dbf.zip
OK 9483861 CNGMD 2018 Ejercicio_funcion_cngmd2019_dbf.zip
OK 1142398 CNGMD 2018 Estruc_organ_catastro_cngmd2019_dbf.zip
OK 1046104 CNGMD 2018 Pad_cart_catastral_cngmd2019_dbf.zip
OK 486651 CNGMD 2018 Ins_camp_imp_pred_cat_cngmd2019_dbf.zip
OK 654550 CNGMD 2018 Valua_vinc_catastral_cngmd2019_dbf.zip
OK 464294 CNGMD 2018 Admin_pub_territorio_cngmd2019_dbf.zip
OK 748587 CNGMD 2018 Rec_hum_territorial_cngmd2019_dbf.zip
OK 697494 CNGMD 2018 Inst_juri_territorial_cngmd2019_dbf.zip
OK 657518 CNGMD 2018 Reserv_territoriales_cngmd2019_dbf.zip
OK 458324 CNGMD 2018 Asent_human_irregu_cngmd2019_dbf.zip
OK 460740 CNGMD 2018 Asen_hum_zona_riesg_cngmd2019_dbf.zip
OK 497895 CNGMD 2018 Desarr_urbano_ecc_cngmd2019_dbf.zip
OK 500125 CNGMD 2018 Inf_admon_territorial_cngmd2019_dbf.zip
OK 744944 CNGMD 2018 Coordininst_intercinf_cngmd2019_dbf.zip
OK 63166 ENCOAP 2023 encoap2023_fd.xlsx
