pendientes: 215
OK 31597356 NATALIDAD 1995 natalidad_base_datos_1995_dbf.zip
OK 35081928 NATALIDAD 2024 natalidad_base_datos_2024_dbf.zip
OK 2046055 ACCIDENTES 1999 atus_99_dbf.zip
OK 3661725 ACCIDENTES 2005 atus_05_dbf.zip
OK 3384384 ACCIDENTES 2022 atus_22_dbf.zip
OK 3393244 ACCIDENTES 2024 atus_24_dbf.zip
OK 125655 CJM 2021 cjm_bd_2021_csv.zip
OK 3211233 CJM 2021 cjm_fd_2021_pdf.zip
OK 256996 CNIJE 2015 Tribunal_Superior_Justicia_cnije2016_dbf.zip
OK 271361 CNIJE 2015 Consejo_Judicatura_cnije2016_dbf.zip
OK 273661 CNIJE 2015 Estructura_organizacional_cnije2016_dbf.zip
OK 443012 CNIJE 2015 Rec_hum_cnije2016_dbf.zip
OK 267698 CNIJE 2015 Rec_pres_cnije2016_dbf.zip
OK 391848 CNIJE 2015 Rec_mat_cnije2016_dbf.zip
OK 291974 CNIJE 2015 TyS_gob_elec_cnije2016_dbf.zip
OK 412627 CNIJE 2015 Func_esp_cnije2016_dbf.zip
OK 463277 CNIJE 2015 Defensoria_oficio_cnije2016_dbf.zip
OK 454311 CNIJE 2015 Serv_periciales_cnije2016_dbf.zip
OK 410855 CNIJE 2015 Transparencia_cnije2016_dbf.zip
OK 492374 CNIJE 2015 Admin_archivos_gestion_doc_cnije2016_dbf.zip
OK 234433 CNIJE 2015 Marco_regulatorio_cnije2016_dbf.zip
OK 259918 CNIJE 2015 Implement_sist_acus_oral_cnije2016_dbf.zip
OK 4058807 CNIJE 2015 Exp_asuntos_ingresados_Mpenal_cnije2016_dbf.zip
OK 2569547 CNIJE 2015 Cau_penales_concluidas_cnije2016_dbf.zip
OK 2187608 CNIJE 2015 Cau_penales_existencia_cnije2016_dbf.zip
OK 428600 CNIJE 2015 ExpDelnar_cau_pen_ingre_cnije2016_dbf.zip
OK 248672 CNIJE 2015 Tocas_penales_cnije2016_dbf.zip
OK 2646017 CNIJE 2015 Asun_abiertos_Mjus_adol_cnije2016_dbf.zip
OK 1385169 CNIJE 2015 Asun_concluidos_Mjus_adol_cnije2016_dbf.zip
OK 1421450 CNIJE 2015 Asun_pendientes_Mjus_adol_cnije2016_dbf.zip
OK 404806 CNIJE 2015 ExpCondNar_asuntos_abiertos_cnije2016_dbf.zip
OK 238554 CNIJE 2015 Tocas_penales_ja_cnije2016_dbf.zip
OK 240805 CNIJE 2015 Implent_Just_Oral_excepto_penal_cnije2016_dbf.zip
OK 283787 CNIJE 2015 Aperturas_excepto_penal_cnije2016_dbf.zip
OK 273794 CNIJE 2015 Conclusiones_excepto_penal_cnije2016_dbf.zip
OK 277568 CNIJE 2015 Pendientes_excepto_penal_cnije2016_dbf.zip
OK 251028 CNIJE 2015 Tocas_excepto_penal_cnije2016_dbf.zip
OK 412474 CNIJE 2015 Estructura_org_rec_hum_cnije2016_dbf.zip
OK 239786 CNIJE 2015 Rec_pres_ja_cnije2016_dbf.zip
OK 264159 CNIJE 2015 Rec_mat_ja_cnije2016_dbf.zip
OK 2271730 CNIJE 2015 Just_alt_mec_soluc_cnije2016_dbf.zip
OK 177977 CNIJF 2013 estructura_organizacional_cnijf2014_dbf.zip
OK 192831 CNIJF 2013 rec_hum_cnijf2014_dbf.zip
OK 168716 CNIJF 2013 rec_mat_cnijf2014_dbf.zip
OK 148434 CNIJF 2013 rec_pres_cnijf2014_dbf.zip
OK 219491 CNIJF 2013 func_esp_cnijf2014_dbf.zip
OK 210051 CNIJF 2013 transp_anticor_cnijf2014_dbf.zip
OK 168236 CNIJF 2013 tys_gob_elec_cnijf2014_dbf.zip
OK 150739 CNIJF 2013 marco_regulatorio_cnijf2014_dbf.zip
OK 168335 CNIJF 2013 imp_jus_fed_todas_mat_scjn_cnijf2014_dbf.zip
OK 186073 CNIJF 2013 imp_jus_fed_mat_elec_cnijf2014_dbf.zip
OK 153725 CNIJF 2013 imp_jus_fed_todas_mat_cjf_cnijf2014_dbf.zip
OK 264320 CNIJF 2013 asuntos_juris_cnijf2014_dbf.zip
OK 304074 CNIJF 2013 imp_jus_fed_mat_penal_cjf_cnijf2014_dbf.zip
OK 210444 CNPJE 2013 estructura_organizacional_cnpje2014_dbf.zip
OK 274951 CNPJE 2013 recursos_cnpje2014_dbf.zip
OK 358036 CNPJE 2013 agencias_mp_cnpje2014_dbf.zip
OK 205598 CNPJE 2013 infraestructura_cnpje2014_dbf.zip
OK 157577 CNPJE 2013 funciones_cnpje2014_dbf.zip
OK 121622 CNPJE 2013 implementacion_sao_cnpje2014_dbf.zip
OK 138625 CNPJE 2013 denuncias_qa_cnpje2014_dbf.zip
OK 1155812 CNPJE 2013 ap_iniciadas_ci_abiertas_cnpje2014_dbf.zip
OK 641035 CNPJE 2013 ap_ci_determinadas_cnpje2014_dbf.zip
OK 304079 CNPJE 2013 ci_cerradas_cnpje2014_dbf.zip
OK 637450 CNPJE 2013 ap_ci_pendientes_cnpje2014_dbf.zip
OK 119508 CNPJE 2013 ordenes_aprehension_cnpje2014_dbf.zip
OK 120597 CNPJE 2013 vehic_robados_recup_cnpje2014_dbf.zip
OK 935994 CNPJE 2013 ap_invest_abiertas_cnpje2014_dbf.zip
OK 510524 CNPJE 2013 ap_invest_determ_cnpje2014_dbf.zip
OK 290791 CNPJE 2013 invest_cerradas_cnpje2014_dbf.zip
OK 590640 CNPJE 2013 ap_invest_pen_cnpje2014_dbf.zip
OK 307497 CNPJE 2013 ejercicio_funcion_cnpje2014_dbf.zip
OK 223745 CNPJE 2013 justicia_al_estructura_organizacional_cnpje2014_dbf.zip
OK 175681 CNPJE 2013 rec_mat_cnpje2014_dbf.zip
OK 168318 CNPJE 2013 rec_pres_cnpje2014_dbf.zip
OK 229305 CNSPF 2017 Recursos_humanos_cnspf2018_dbf.zip
OK 173328 CNSPF 2017 Recursos_presupuestal_cnspf2018_dbf.zip
OK 199121 CNSPF 2017 Recursos_materiales_cnspf2018_dbf.zip
OK 188290 CNSPF 2017 Ejer_funci_especifica_cnspf2018_dbf.zip
OK 243176 CNSPF 2017 Control_intern_antico_cnspf2018_dbf.zip
OK 189953 CNSPF 2017 Marco_regulatorio_cnspf2018_dbf.zip
OK 176576 CNSPF 2017 Asociacio_interinstit_cnspf2018_dbf.zip
OK 257674 CNSPF 2017 Ejer_funcion_spf_cnspf2018_dbf.zip
OK 192999 CNSPF 2017 Ejercicio_func_espec_cnspf2018_dbf.zip
OK 175761 CNSPF 2017 Uso_fuerza_cnspf2018_dbf.zip
OK 241404 CNSPF 2017 Acc_sinies_carr_puent_cnspf2018_dbf.zip
OK 210904 CNTAIPPDPF 2015 Estruc_organizac_cntaippdpf2016_dbf.zip
OK 228989 CNTAIPPDPF 2015 Recursos_humanos_cntaippdpf2016_dbf.zip
OK 135687 CNTAIPPDPF 2015 Rec_presupuestal_cntaippdpf2016_dbf.zip
OK 149884 CNTAIPPDPF 2015 Rec_materiales_cntaippdpf2016_dbf.zip
OK 188267 CNTAIPPDPF 2015 Gobierno_electro_cntaippdpf2016_dbf.zip
OK 194505 CNTAIPPDPF 2015 Ejer_funcion_esp_cntaippdpf2016_dbf.zip
OK 335729 CNTAIPPDPF 2015 Transp_acc_prot_cntaippdpf2016_dbf.zip
OK 215076 CNTAIPPDPF 2015 Prote_datos_pers_cntaippdpf2016_dbf.zip
OK 193559 CNTAIPPDPF 2015 Organos_transp_cntaippdpf2016_dbf.zip
OK 161166 CNTAIPPDPF 2015 Clasif_informa_cntaippdpf2016_dbf.zip
OK 82192 CNTAIPPDPF 2015 Cultura_transp_cntaippdpf2016_dbf.zip
OK 223228 CNTAIPPDPF 2015 Ctrl_inter_antic_cntaippdpf2016_dbf.zip
OK 164666 CNTAIPPDPF 2015 Participa_ciudad_cntaippdpf2016_dbf.zip
OK 146000 CNTAIPPDPF 2015 Marc_regulatorio_cntaippdpf2016_dbf.zip
OK 80033 CNTAIPPDPF 2015 Asoc_interguber_cntaippdpf2016_dbf.zip
OK 352024 CNTAIPPDPF 2015 Admin_archi_gest_cntaippdpf2016_dbf.zip
OK 225832 CNTAIPPDPF 2015 Compete_materias_cntaippdpf2016_dbf.zip
OK 272475 CNTAIPPDPF 2015 Activi_capacita_cntaippdpf2016_dbf.zip
OK 316667 CNTAIPPDPF 2015 Rec_rev_acc_prot_cntaippdpf2016_dbf.zip
OK 239415 CNTAIPPDPF 2015 Rec_inconformida_cntaippdpf2016_dbf.zip
OK 180014 CNTAIPPDPF 2015 Medidas_apremio_cntaippdpf2016_dbf.zip
OK 184706 CNTAIPPDPF 2015 Sanciones_cntaippdpf2016_dbf.zip
OK 150181 CNTAIPPDPF 2015 Denuncias_actos_cntaippdpf2016_dbf.zip
OK 165262 CNTAIPPDPF 2015 Prote_dato_perso_cntaippdpf2016_dbf.zip
OK 217210 CNTAIPPDPF 2015 Cultura_materias_cntaippdpf2016_dbf.zip
OK 244110 CNTAIPPDPF 2015 Sujetos_obligado_cntaippdpf2016_dbf.zip
OK 295344 CNTAIPPDPF 2015 Organos_tran_suj_cntaippdpf2016_dbf.zip
OK 256042 CNTAIPPDPF 2015 Clasif_info_suj_cntaippdpf2016_dbf.zip
OK 267286 CNTAIPPDPF 2015 Capacitacion_suj_cntaippdpf2016_dbf.zip
OK 275012 CNTAIPPDPF 2015 Obliga_comunes_cntaippdpf2016_dbf.zip
OK 250792 CNTAIPPDPF 2015 Obliga_especifi_cntaippdpf2016_dbf.zip
OK 432021 CNTAIPPDPF 2015 Solicit_acc_prot_cntaippdpf2016_dbf.zip
OK 263733 CNTAIPPDPF 2015 Cultura_tran_suj_cntaippdpf2016_dbf.zip
OK 11169658 EDF 2000 defunciones_fetales_base_datos_2000_2004_dbf.zip
OK 10809633 EDF 2005 defunciones_fetales_base_datos_2005_2009_dbf.zip
OK 2570147 EDF 2022 fetales_base_de_datos_2022_dbf.zip
OK 1945245 EDF 2023 fetales_base_de_datos_2023_dbf.zip
OK 5112823 ENCCUM 2012 enccum2012_BD_dbf.zip
OK 40448 ENCCUM 2012 encccum2012_descripcion_de_archivos.xls
OK 3661029 ENECE 1997 bd_enece97_dbf.zip
OK 7367 ENECE 1997 fd_enece97.pdf
OK 7676026 ENESS 2017 eness17_csv.zip
OK 1196257 ENESS 2017 fd_eness_2017.pdf
OK 953766 ENESS 2017 reconstruccion_eness_2017.pdf
OK 24661898 ENEU 1992 eneu_1992_dbf.zip
OK 202396 ENFIH 2019 enfih_2019_fd.xlsx
OK 436751 ENFIH 2019 enfih_2019_modelo_entidad_pdf.zip
OK 1657262 ENFIH 2019 enfih_2019_codigo_r_riqueza.pdf
OK 1532761 ENFIH 2019 enfih_2019_codigo_r_ingreso.pdf
OK 3945038 ENPOL 2021 fd_enpol2021.pdf
OK 1760381 ENTI 2022 enti_2022_fd.pdf
OK 2513 ENVE 2012 enve_2012_csv.zip
OK 2551 ENVE 2018 enve_2018_csv.zip
OK 5532157 ILMM 2020 ilmm_2020_bd_xlsx.zip
OK 7311877 JUDICIALESPENAL 2000 judiciales_bd_catalogos_2000_dbf.zip
OK 491466 JUSTICIAPENAL 2018 TA_Expedientes_ehriij2019_dbf.zip
OK 1128491 JUSTICIAPENAL 2018 TA_Delitos_ehriij2019_dbf.zip
OK 1408250 JUSTICIAPENAL 2018 TA_Procesados_ehriij2019_dbf.zip
OK 767396 JUSTICIAPENAL 2018 TA_Procesados_delito_ehriij2019_dbf.zip
OK 3682166 JUSTICIAPENAL 2018 TA_Procesados_medida_ehriij2019_dbf.zip
OK 1180155 JUSTICIAPENAL 2018 TA_Victimas_ehriij2019_dbf.zip
OK 1075240 JUSTICIAPENAL 2018 TA_Victima_delito_ehriij2019_dbf.zip
OK 898852 JUSTICIAPENAL 2018 TA_Victi_procesado_ehriij2019_dbf.zip
OK 725738 JUSTICIAPENAL 2018 TA_Tramites_ehriij2019_dbf.zip
OK 429385 JUSTICIAPENAL 2018 TA_Conclusiones_ehriij2019_dbf.zip
OK 345306 JUSTICIAPENAL 2018 TA_Delito_conclusion_ehriij2019_dbf.zip
OK 796521 JUSTICIAPENAL 2018 JC_Expedientes_ehriij2019_dbf.zip
OK 2410678 JUSTICIAPENAL 2018 JC_Delitos_ehriij2019_dbf.zip
OK 3177886 JUSTICIAPENAL 2018 JC_Imputados_ehriij2019_dbf.zip
OK 1725889 JUSTICIAPENAL 2018 JC_Imputados_delito_ehriij2019_dbf.zip
OK 4175430 JUSTICIAPENAL 2018 JC_Imputados_medida_ehriij2019_dbf.zip
OK 2179791 JUSTICIAPENAL 2018 JC_Victimas_ehriij2019_dbf.zip
OK 2333704 JUSTICIAPENAL 2018 JC_Victima_delito_ehriij2019_dbf.zip
OK 1603935 JUSTICIAPENAL 2018 JC_Victi_imputado_ehriij2019_dbf.zip
OK 1625788 JUSTICIAPENAL 2018 JC_Tramites_ehriij2019_dbf.zip
OK 1018492 JUSTICIAPENAL 2018 JC_Conclusiones_ehriij2019_dbf.zip
OK 841794 JUSTICIAPENAL 2018 JC_Delito_conclusion_ehriij2019_dbf.zip
OK 248157 JUSTICIAPENAL 2018 JO_Expedientes_ehriij2019_dbf.zip
OK 443029 JUSTICIAPENAL 2018 JO_Delitos_ehriij2019_dbf.zip
OK 573270 JUSTICIAPENAL 2018 JO_Imputados_ehriij2019_dbf.zip
OK 303222 JUSTICIAPENAL 2018 JO_Imputados_delito_ehriij2019_dbf.zip
OK 282689 JUSTICIAPENAL 2018 JO_Imputados_medida_ehriij2019_dbf.zip
OK 482962 JUSTICIAPENAL 2018 JO_Victimas_ehriij2019_dbf.zip
OK 359406 JUSTICIAPENAL 2018 JO_Victima_delito_ehriij2019_dbf.zip
OK 330429 JUSTICIAPENAL 2018 JO_Victi_Imputado_ehriij2019_dbf.zip
OK 304947 JUSTICIAPENAL 2018 JO_Tramites_ehriij2019_dbf.zip
OK 289035 JUSTICIAPENAL 2018 JO_Conclusiones_ehriij2019_dbf.zip
OK 245805 JUSTICIAPENAL 2018 JO_Delito_conclusion_ehriij2019_dbf.zip
OK 194195 JUSTICIAPENAL 2018 AM_Expedientes_ehriij2019_dbf.zip
OK 257395 JUSTICIAPENAL 2018 AM_Delitos_ehriij2019_dbf.zip
OK 312314 JUSTICIAPENAL 2018 AM_Adol_procesados_ehriij2019_dbf.zip
OK 180109 JUSTICIAPENAL 2018 AM_Adolprocesa_deli_ehriij2019_dbf.zip
OK 224928 JUSTICIAPENAL 2018 AM_Adolprocesa_medid_ehriij2019_dbf.zip
OK 306559 JUSTICIAPENAL 2018 AM_Victimas_ehriij2019_dbf.zip
OK 198609 JUSTICIAPENAL 2018 AM_Victima_delito_ehriij2019_dbf.zip
OK 198790 JUSTICIAPENAL 2018 AM_Victi_adolproces_ehriij2019_dbf.zip
OK 200800 JUSTICIAPENAL 2018 AM_Tramites_ehriij2019_dbf.zip
OK 211948 JUSTICIAPENAL 2018 AM_Conclusiones_ehriij2019_dbf.zip
OK 188966 JUSTICIAPENAL 2018 AM_Delito_conclusion_ehriij2019_dbf.zip
OK 206774 JUSTICIAPENAL 2018 OA_Expedientes_ehriij2019_dbf.zip
OK 296049 JUSTICIAPENAL 2018 OA_Delitos_ehriij2019_dbf.zip
OK 351045 JUSTICIAPENAL 2018 OA_Adol_imputados_ehriij2019_dbf.zip
OK 142571 JUSTICIAPENAL 2018 OA_Adolimputado_deli_ehriij2019_dbf.zip
OK 319930 JUSTICIAPENAL 2018 OA_Adolimputado_medi_ehriij2019_dbf.zip
OK 336174 JUSTICIAPENAL 2018 OA_Victimas_ehriij2019_dbf.zip
OK 220921 JUSTICIAPENAL 2018 OA_Victima_delito_ehriij2019_dbf.zip
OK 221988 JUSTICIAPENAL 2018 OA_Victi_adolimputad_ehriij2019_dbf.zip
OK 207823 JUSTICIAPENAL 2018 OA_Tramites_ehriij2019_dbf.zip
OK 242458 JUSTICIAPENAL 2018 OA_Conclusiones_ehriij2019_dbf.zip
OK 134012 JUSTICIAPENAL 2018 OA_Delito_conclusion_ehriij2019_dbf.zip
OK 675138 JUSTICIAPENAL 2018 TA_Narcoticos_ehriij2019_dbf.zip
OK 1427366 JUSTICIAPENAL 2018 JC_Narcoticos_ehriij2019_dbf.zip
OK 550980 JUSTICIAPENAL 2018 JO_Narcoticos_ehriij2019_dbf.zip
OK 556837 JUSTICIAPENAL 2018 AM_Narcoticos_ehriij2019_dbf.zip
OK 590787 JUSTICIAPENAL 2018 OA_Narcoticos_ehriij2019_dbf.zip
OK 149330 MOCIBA 2016 mociba2016_fd.xlsx
OK 77803 MODECULT 2019 modecult_may2019_csv.zip
OK 68608 MODECULT 2019 fd_modecult2019.xls
OK 102131 MODECULT 2022 modecult_may2022_csv.zip
OK 34757 MODECULT 2022 fd_modecult2022.xlsx
OK 1028250 MODUTIH 2006 endutih_2006_bd_dbf.zip
OK 62464 MODUTIH 2006 fd_endutih06.xls
OK 579484 MOLEC 2025 Jun molec_jun25_csv.zip
OK 56180 MOPRADEF 2018 Nov mopradef_bd_noviembre_2018_sav.zip
OK 34814 MOPRADEF 2022 mopradef_bd_noviembre_2022_sav.zip
OK 35106 MOPRADEF 2023 mopradef_bd_noviembre_2023_sav.zip
OK 24832080 MUSEOS 2016 museos_base_datos_2016_2020_dbf.zip
tanda cerrada: 215 caminadas, 0.29 GB
