pendientes: 519
OK 160581 ENIGH 1992 hogares_dbf.zip
OK 447654 ENIGH 1992 poblacion_dbf.zip
OK 481787 ENIGH 1992 ingresos_dbf.zip
OK 5418054 ENIGH 1992 gastos_dbf.zip
OK 397215 ENIGH 1992 nomon_dbf.zip
OK 935379 ENIGH 1992 concen_dbf.zip
OK 1312154 ENIGH 1992 describe92.pdf
OK 39749 ENIGH 1992 variable92_pdf.zip
OK 1174724 INVESTIGACION 2012 Bienestar_csv.zip
OK 30867459 INVESTIGACION 2012 engastoybiare_dbf.zip
OK 1511016 INVESTIGACION 2012 engasto_fd.pdf
OK 459304 INVESTIGACION 2012 bienestar_listado_variables.pdf
OK 193013 INVESTIGACION 2018 biare_2018_abril_csv.zip
OK 189065 INVESTIGACION 2018 biare_2018_julio_csv.zip
OK 192529 INVESTIGACION 2018 biare_2018_octubre_csv.zip
OK 6101837 INVESTIGACION 2018 concentradohogar_csv.zip
OK 72486833 INVESTIGACION 2018 gastoshogar_csv.zip
OK 3839252 INVESTIGACION 2018 gastospersona_csv.zip
OK 7789584 INVESTIGACION 2018 ingresos_csv.zip
OK 2961029 INVESTIGACION 2018 enigh2018_hogares_csv.zip
OK 1654073 INVESTIGACION 2018 enigh2018_trabajos_csv.zip
OK 1494842 INVESTIGACION 2018 enigh2018_viviendas_csv.zip
OK 8060653 INVESTIGACION 2018 enigh2018_poblacion_csv.zip
OK 913035 INVESTIGACION 2018 matrizwdia.xlsx
OK 1134815 INVESTIGACION 2018 matrizwhip.xlsx
OK 725084 INVESTIGACION 2018 matrizwobe.xlsx
OK 480653 INVESTIGACION 2018 muestradia.xlsx
OK 545472 INVESTIGACION 2018 muestrahip.xlsx
OK 429958 INVESTIGACION 2018 muestraobe.xlsx
OK 1915 INVESTIGACION 2018 por_estado_diabetes.csv
OK 1582 INVESTIGACION 2018 por_estado_hipertension.csv
OK 2774 INVESTIGACION 2018 por_estado_obesidad.csv
OK 36962 INVESTIGACION 2018 diccionario_de_datos.xlsx
OK 2148178 INVESTIGACION 2018 completo.zip
OK 33653 INVESTIGACION 2018 descripcion_archivos_fd.xlsx
OK 192541 INVESTIGACION 2018 biare_2018_enero_csv.zip
OK 168906 INVESTIGACION 2023 BIARE_2023_enero_csv.zip
OK 170189 INVESTIGACION 2023 BIARE_2023_abril_csv.zip
OK 171019 INVESTIGACION 2023 BIARE_2023_julio_csv.zip
OK 174714 INVESTIGACION 2023 BIARE_2023_octubre_csv.zip
OK 574741 ENSU 2015 ensu_bd_2015_dbf.zip
OK 1113035 ENSU 2015 ensu_fd_2015.pdf
OK 5114973 ENSU 2020 ensu_fd_2020_pdf.zip
OK 9959831 ENSU 2020 ensu_bd_2020_dbf.zip
OK 38870435 EMAT 2000 matrimonios_base_datos_2000_2004_dbf.zip
OK 9765119 MORTALIDAD 1990 defunciones_fetales_base_datos_1990_1994_dbf.zip
OK 36487992 MORTALIDAD 1990 defunciones_generales_base_datos_1990_1994_dbf.zip
OK 2612238 ENCIG 2021 encig21_estructura_base_datos.pdf
OK 14820825 ENCIG 2025 encig25_estructura_base_datos.pdf
OK 11702660 ED 1990 divorcios_base_datos_1990_1994_dbf.zip
OK 11702660 NUPCIALIDAD 1990 divorcios_base_datos_1990_1994_dbf.zip
OK 7483 CE 2004 ce2004_ejemplobd_csv.zip
OK 8791995 ENCO 2001 enco_2001_2005_dbf.zip
OK 20028 ENCO 2001 fd_enco_v1.pdf
OK 16315 ENCO 2010 fd_enco_v5.pdf
OK 6913684 ENCUCI 2020 BD_ENCUCI2020_dbf.zip
OK 1758249 ENCUCI 2020 FD_ENCUCI2020.pdf
OK 2183297 ADICCIONES 2002 Ena_ena2002_dbf.zip
OK 71231 ADICCIONES 2002 fd_ena2002.pdf
OK 371 CAE 2007 ejemplo_ejidal2007_csv.zip
OK 31692566 NATALIDAD 1997 natalidad_base_datos_1997_dbf.zip
OK 39995464 NATALIDAD 2003 natalidad_base_datos_2003_dbf.zip
OK 41832163 NATALIDAD 2009 natalidad_base_datos_2009_dbf.zip
OK 42837933 NATALIDAD 2019 natalidad_base_datos_2019_dbf.zip
OK 40466857 NATALIDAD 2021 natalidad_base_datos_2021_dbf.zip
OK 3411163 ACCIDENTES 2003 atus_03_dbf.zip
OK 4028837 ACCIDENTES 2011 atus_11_dbf.zip
OK 3712111 ACCIDENTES 2014 atus_14_dbf.zip
OK 568260 BIARE 2025 biare_2025_bd_csv.zip
OK 53390 BIARE 2025 biare_2025_fd.xlsx
OK 149366 CNDHF 2016 Estruc_organizacional_cndhf2017_dbf.zip
OK 178370 CNDHF 2016 Recursos_humanos_cndhf2017_dbf.zip
OK 146349 CNDHF 2016 Recursos_presupuestal_cndhf2017_dbf.zip
OK 145947 CNDHF 2016 Recursos_materiales_cndhf2017_dbf.zip
OK 155193 CNDHF 2016 Capacitac_difusion_DH_cndhf2017_dbf.zip
OK 154655 CNDHF 2016 Gobierno_electronico_cndhf2017_dbf.zip
OK 152311 CNDHF 2016 Funciones_especificas_cndhf2017_dbf.zip
OK 151731 CNDHF 2016 Transparencia_cndhf2017_dbf.zip
OK 157192 CNDHF 2016 Contr_inter_anticorru_cndhf2017_dbf.zip
OK 138202 CNDHF 2016 Participacion_ciudada_cndhf2017_dbf.zip
OK 138326 CNDHF 2016 Marco_regulatorio_cndhf2017_dbf.zip
OK 144435 CNDHF 2016 Asocia_intergubername_cndhf2017_dbf.zip
OK 156774 CNDHF 2016 Admon_archivo_gestion_cndhf2017_dbf.zip
OK 154977 CNDHF 2016 Solicitudes_queja_cndhf2017_dbf.zip
OK 149647 CNDHF 2016 Ingresos_cndhf2017_dbf.zip
OK 269219 CNDHF 2016 Expedientes_queja_cndhf2017_dbf.zip
OK 205793 CNDHF 2016 Conclusiones_cndhf2017_dbf.zip
OK 198768 CNDHF 2016 Existencia_cierreanio_cndhf2017_dbf.zip
OK 156490 CNDHF 2016 Seguimiento_cndhf2017_dbf.zip
OK 145600 CNDHF 2016 Presuntos_hec_violato_cndhf2017_dbf.zip
OK 208268 CNGF 2017 Estruc_organizacional_cngf2018_dbf.zip
OK 239302 CNGF 2017 Recursos_humanos_cngf2018_dbf.zip
OK 238872 CNGF 2017 Recursos_materiales_cngf2018_dbf.zip
OK 253025 CNGF 2017 Gobierno_electronico_cngf2018_dbf.zip
OK 178179 CNGF 2017 Act_estadis_geografica_cngf2018_dbf.zip
OK 348290 CNGF 2017 Ctrl_interno_anticorru_cngf2018_dbf.zip
OK 183316 CNGF 2017 Marco_regulatorio_cngf2018_dbf.zip
OK 246264 CNGF 2017 Recursos_presupuestal_cngf2018_dbf.zip
OK 184824 CNGF 2017 Planeacion_evaluacion_cngf2018_dbf.zip
OK 260763 CNGF 2017 Tramites_servicios_cngf2018_dbf.zip
OK 521786 CNGSPSPE 2015 Infraest_recursos_pob_reclusa_cngspspe2016_dbf.zip
OK 401121 CNGSPSPE 2015 Infraest_recursos_adolesc_cngspspe2016_dbf.zip
OK 291812 CNGSPSPE 2015 Estructura_org_cngspspe2016_dbf.zip
OK 1600613 CNGSPSPE 2015 Recursos_cngspspe2016_dbf.zip
OK 512468 CNGSPSPE 2015 Gob_elec_cngspspe2016_dbf.zip
OK 287155 CNGSPSPE 2015 Planeacion_eval_cngspspe2016_dbf.zip
OK 252061 CNGSPSPE 2015 Act_estadistica_geo_cngspspe2016_dbf.zip
OK 230091 CNGSPSPE 2015 Tramite_serv_cngspspe2016_dbf.zip
OK 428329 CNGSPSPE 2015 Proteccion_civil_cngspspe2016_dbf.zip
OK 627081 CNGSPSPE 2015 Transparencia_cngspspe2016_dbf.zip
OK 405557 CNGSPSPE 2015 Ctrl_interno_anticor_cngspspe2016_dbf.zip
OK 197364 CNGSPSPE 2015 Participa_ciudadana_cngspspe2016_dbf.zip
OK 397287 CNGSPSPE 2015 Marc_regulatorio_cngspspe2016_dbf.zip
OK 481466 CNGSPSPE 2015 Defensoria_oficio_cngspspe2016_dbf.zip
OK 466348 CNGSPSPE 2015 Personal_seg_pub_cngspspe2016_dbf.zip
OK 502771 CNGSPSPE 2015 Infraestructura_seg_pub_cngspspe2016_dbf.zip
OK 1241038 CNGSPSPE 2015 Ejercicio_funcion_cngspspe2016_dbf.zip
OK 345390 CNGSPSPE 2015 Mando_unico_pol_cngspspe2016_dbf.zip
OK 169325 CNGSPSPE 2015 Ejercicio_funcion_especifica_cngspspe2016_dbf.zip
OK 1262300 CNGSPSPE 2015 Poblacion_penitenciaria_cngspspe2016_dbf.zip
OK 959776 CNGSPSPE 2015 Adolescentes_en_tratamiento_cngspspe2016_dbf.zip
OK 388753 CNGSPSPE 2015 Ejercicio_funcion_OPDH_cngspspe2016_dbf.zip
OK 1849728 CNGSPSPE 2015 Medio_ambiente_cngspspe2016_dbf.zip
OK 236060 CNGSPSPE 2015 Rec_hum_cngspspe2016_dbf.zip
OK 230451 CNGSPSPE 2015 Infraestructura_cngspspe2016_dbf.zip
OK 227666 CNGSPSPE 2015 Ejercicio_funcion_JC_cngspspe2016_dbf.zip
OK 254482 CNGSPSPE 2015 Recursos_humanos_catastral_cngspspe2016_dbf.zip
OK 243305 CNGSPSPE 2015 Capacitacion_catastral_cngspspe2016_dbf.zip
OK 196877 CNGSPSPE 2015 Marco_legal_catastral_cngspspe2016_dbf.zip
FALLO 000 curl: (3) URL rejected: Malformed input to a URL function https://www.inegi.org.mx/contenidos/programas/cngspspe/2016/microdatos/m1/Aplicacion _normatividad_tecnica_catastral_cngspspe2016_dbf.zip
OK 246304 CNGSPSPE 2015 Programa_modernizacion_catastral_cngspspe2016_dbf.zip
OK 256630 CNGSPSPE 2015 Tecnologias_informacion_telecom_catastro_cngspspe2016_dbf.zip
OK 161315 CNGSPSPE 2015 Resguardo_informacion_catastral_cngspspe2016_dbf.zip
OK 289642 CNGSPSPE 2015 Procesos_servicios_catastrales_cngspspe2016_dbf.zip
OK 304888 CNGSPSPE 2015 Padron_catastral_cngspspe2016_dbf.zip
OK 307656 CNGSPSPE 2015 Cartografia_catastral_cngspspe2016_dbf.zip
OK 174651 CNGSPSPE 2015 Inspecciones_campo_cngspspe2016_dbf.zip
OK 251103 CNGSPSPE 2015 Impuesto_predial_cngspspe2016_dbf.zip
OK 252810 CNGSPSPE 2015 Valuacion_catastral_cngspspe2016_dbf.zip
OK 264783 CNGSPSPE 2015 Vinculacion_intercambio_informacion_cngspspe2016_dbf.zip
OK 153431 CNGSPSPE 2015 Acceso_publicacion_informacion_cngspspe2016_dbf.zip
OK 252494 CNGSPSPE 2015 Estructura_Organizacional_Catastro_Estatal_cngspspe2016_dbf.zip
OK 387838 CNGSPSPE 2018 Estructura_rechuma_cngspspe2019_dbf.zip
OK 228501 CNGSPSPE 2018 Ejercicio_presupue_cngspspe2019_dbf.zip
OK 433590 CNGSPSPE 2018 Recursos_mater_cngspspe2019_dbf.zip
OK 257102 CNGSPSPE 2018 Gob_elec_cngspspe2019_dbf.zip
OK 177514 CNGSPSPE 2018 Planeacion_eval_cngspspe2019_dbf.zip
OK 168755 CNGSPSPE 2018 Act_estadist_geo_cngspspe2019_dbf.zip
OK 215485 CNGSPSPE 2018 Tramite_serv_cngspspe2019_dbf.zip
OK 286054 CNGSPSPE 2018 Proteccion_civil_cngspspe2019_dbf.zip
OK 177678 CNGSPSPE 2018 Transparencia_cngspspe2019_dbf.zip
OK 277039 CNGSPSPE 2018 Ctrl_inter_anticor_cngspspe2019_dbf.zip
OK 182793 CNGSPSPE 2018 Particip_ciudadana_cngspspe2019_dbf.zip
OK 204778 CNGSPSPE 2018 Marco_regulatorio_cngspspe2019_dbf.zip
OK 224641 CNGSPSPE 2018 Defensoria_pubofic_cngspspe2019_dbf.zip
OK 257694 CNGSPSPE 2018 Recursos_defenso_cngspspe2019_dbf.zip
OK 160917 CNGSPSPE 2018 Capacita_defenso_cngspspe2019_dbf.zip
OK 234003 CNGSPSPE 2018 Serv_periciales_cngspspe2019_dbf.zip
OK 233031 CNGSPSPE 2018 Recursos_servperic_cngspspe2019_dbf.zip
OK 159683 CNGSPSPE 2018 Capacitacion_SP_cngspspe2019_dbf.zip
OK 272667 CNGSPSPE 2018 Admon_arch_gestdoc_cngspspe2019_dbf.zip
OK 267858 CNGSPSPE 2018 Rec_hum_pre_segpub_cngspspe2019_dbf.zip
OK 249277 CNGSPSPE 2018 Infraestruc_segpub_cngspspe2019_dbf.zip
OK 166917 CNGSPSPE 2018 Genera_info_estad_cngspspe2019_dbf.zip
OK 200656 CNGSPSPE 2018 Infraes_generacion_cngspspe2019_dbf.zip
OK 154279 CNGSPSPE 2018 Empresas_segpub_cngspspe2019_dbf.zip
OK 2798581 CNGSPSPE 2018 InterPrInfraDelVic_cngspspe2019_dbf.zip
OK 427339 CNGSPSPE 2018 ProbInfra_Resp_MUP_cngspspe2019_dbf.zip
OK 179155 CNGSPSPE 2018 Falleci_policia_cngspspe2019_dbf.zip
OK 194024 CNGSPSPE 2018 Recurso_centropeni_cngspspe2019_dbf.zip
OK 172092 CNGSPSPE 2018 Ejercicio_funcion_cngspspe2019_dbf.zip
OK 215357 CNGSPSPE 2018 Ctrl_interno_antic_cngspspe2019_dbf.zip
OK 176432 CNGSPSPE 2018 Marco_regulator_sp_cngspspe2019_dbf.zip
OK 156798 CNGSPSPE 2018 Asocia_interguber_cngspspe2019_dbf.zip
OK 356354 CNGSPSPE 2018 Ingresos_centro_pe_cngspspe2019_dbf.zip
OK 318951 CNGSPSPE 2018 Egresos_centro_pe_cngspspe2019_dbf.zip
OK 288056 CNGSPSPE 2018 Personas_centro_pe_cngspspe2019_dbf.zip
OK 278098 CNGSPSPE 2018 Caract_perso_liber_cngspspe2019_dbf.zip
OK 193152 CNGSPSPE 2018 Incidentes_CP_cngspspe2019_dbf.zip
OK 225982 CNGSPSPE 2018 Act_reinse_social_cngspspe2019_dbf.zip
OK 167668 CNGSPSPE 2018 Traslados_cngspspe2019_dbf.zip
OK 188625 CNGSPSPE 2018 Proteccion_derehum_cngspspe2019_dbf.zip
OK 176888 CNGSPSPE 2018 Regimen_disciplina_cngspspe2019_dbf.zip
OK 174962 CNGSPSPE 2018 Personas_externada_cngspspe2019_dbf.zip
OK 182591 CNGSPSPE 2018 Recurso_tratamient_cngspspe2019_dbf.zip
OK 174553 CNGSPSPE 2018 Ejerc_func_centro_cngspspe2019_dbf.zip
OK 206757 CNGSPSPE 2018 Ctrlinterno_antico_cngspspe2019_dbf.zip
OK 172623 CNGSPSPE 2018 Marco_regulacentro_cngspspe2019_dbf.zip
OK 159314 CNGSPSPE 2018 Asoc_intergub_cent_cngspspe2019_dbf.zip
OK 299626 CNGSPSPE 2018 Ingreso_centro_ado_cngspspe2019_dbf.zip
OK 272993 CNGSPSPE 2018 Egresos_centro_ado_cngspspe2019_dbf.zip
OK 287572 CNGSPSPE 2018 Adolesc_centro_ado_cngspspe2019_dbf.zip
OK 237506 CNGSPSPE 2018 Caracte_adoles_int_cngspspe2019_dbf.zip
OK 192955 CNGSPSPE 2018 Inciden_centro_ado_cngspspe2019_dbf.zip
OK 195467 CNGSPSPE 2018 Activ_orien_centro_cngspspe2019_dbf.zip
OK 179274 CNGSPSPE 2018 Ejerfunc_organ_pdh_cngspspe2019_dbf.zip
OK 172103 CNGSPSPE 2018 Regim_discipli_ado_cngspspe2019_dbf.zip
OK 273742 CNGSPSPE 2018 Adolesce_trata_ext_cngspspe2019_dbf.zip
OK 162177 CNGSPSPE 2018 Recursos_humanos_cngspspe2019_dbf.zip
OK 155472 CNGSPSPE 2018 Infraestructura_cngspspe2019_dbf.zip
OK 244251 CNGSPSPE 2018 Proce_admin_inicia_cngspspe2019_dbf.zip
OK 225437 CNGSPSPE 2018 Proce_admin_determ_cngspspe2019_dbf.zip
OK 208555 CNGSPSPE 2018 Estructur_organiza_cngspspe2019_dbf.zip
OK 199854 CNGSPSPE 2018 Marco_nomatividad_cngspspe2019_dbf.zip
OK 253751 CNGSPSPE 2018 Pmc_tecnologias_cngspspe2019_dbf.zip
OK 305285 CNGSPSPE 2018 Padron_cartografia_cngspspe2019_dbf.zip
OK 248511 CNGSPSPE 2018 Inspec_impuesto_cngspspe2019_dbf.zip
OK 166141 CNGSPSPE 2018 Admi_publi_terri_cngspspe2019_dbf.zip
OK 189946 CNGSPSPE 2018 Rec_hum_personal_cngspspe2019_dbf.zip
OK 213330 CNGSPSPE 2018 Instru_juri_plan_cngspspe2019_dbf.zip
OK 212030 CNGSPSPE 2018 Parti_activi_terri_cngspspe2019_dbf.zip
OK 195644 CNGSPSPE 2018 Zonas_metroconu_cngspspe2019_dbf.zip
OK 174034 CNGSPSPE 2018 Reservas_terr_anp_cngspspe2019_dbf.zip
OK 158422 CNGSPSPE 2018 Asen_huma_irregu_cngspspe2019_dbf.zip
OK 170903 CNGSPSPE 2018 Ciudad_compacta_cngspspe2019_dbf.zip
OK 168188 CNGSPSPE 2018 Movilidad_cngspspe2019_dbf.zip
OK 221124 CNGSPSPE 2018 Resiliencia_cngspspe2019_dbf.zip
OK 187170 CNGSPSPE 2018 Info_admi_terr_cngspspe2019_dbf.zip
OK 166876 CNGSPSPE 2018 Inter_info_cngspspe2019_dbf.zip
OK 535922 CNGSPSPE 2018 Medio_ambiente_cngspspe2019_dbf.zip
OK 457950 CNGSPSPE 2018 Estruc_org_centros_cngspspe2019_dbf.zip
OK 352030 CNGSPSPE 2018 Est_org_centro_ado_cngspspe2019_dbf.zip
OK 122782 CNIJE 2018 Tribunal_Super_Justic_cnije2019_dbf.zip
OK 139049 CNIJE 2018 Consejo_Judicatura_cnije2019_dbf.zip
OK 194586 CNIJE 2018 Estruct_organizaciona_cnije2019_dbf.zip
OK 153245 CNIJE 2018 Infraestruc_orgajuris_cnije2019_dbf.zip
OK 446365 CNIJE 2018 Rec_hum_cnije2019_dbf.zip
OK 157522 CNIJE 2018 Rec_pres_cnije2019_dbf.zip
OK 292061 CNIJE 2018 Rec_mat_cnije2019_dbf.zip
OK 115041 CNIJE 2018 Gob_elec_cnije2019_dbf.zip
OK 141883 CNIJE 2018 Tramite_servicios_cnije2019_dbf.zip
OK 202285 CNIJE 2018 Func_esp_cnije2019_dbf.zip
OK 344076 CNIJE 2018 Defensoria_oficio_cnije2019_dbf.zip
OK 219518 CNIJE 2018 Ejer_func_defens_ofic_cnije2019_dbf.zip
OK 351881 CNIJE 2018 Serv_periciales_cnije2019_dbf.zip
OK 211384 CNIJE 2018 Ejer_fun_serv_pericia_cnije2019_dbf.zip
OK 301447 CNIJE 2018 Ctrl_interno_anticorr_cnije2019_dbf.zip
OK 151898 CNIJE 2018 Transparencia_cnije2019_dbf.zip
OK 120954 CNIJE 2018 Admin_archivo_gestion_cnije2019_dbf.zip
OK 321077 CNIJE 2018 Marco_regulatorio_cnije2019_dbf.zip
OK 141541 CNIJE 2018 Carrera_judicial_cnije2019_dbf.zip
OK 120399 CNIJE 2018 Implejust_oral_expena_cnije2019_dbf.zip
OK 211132 CNIJE 2018 Expediente_asunto_ing_cnije2019_dbf.zip
OK 126342 CNIJE 2018 Pruebas_reg_exp_abier_cnije2019_dbf.zip
OK 252381 CNIJE 2018 Conclusion_exce_penal_cnije2019_dbf.zip
OK 159055 CNIJE 2018 Expedi_pendi_concluir_cnije2019_dbf.zip
OK 92266 CNIJE 2018 Exp_eta_ejec_dur_anio_cnije2019_dbf.zip
OK 333820 CNIJE 2018 Tocas_excepto_penal_cnije2019_dbf.zip
OK 105599 CNIJE 2018 Opera_just_mec_alter_cnije2019_dbf.zip
OK 363426 CNIJE 2018 Estructura_recursos_cnije2019_dbf.zip
OK 191586 CNIJE 2018 Just_alt_mec_adulto_cnije2019_dbf.zip
OK 115685 CNIJE 2018 Solic_rec_adultos_cnije2019_dbf.zip
OK 242659 CNIJE 2018 Exp_abiertos_adultos_cnije2019_dbf.zip
OK 341906 CNIJE 2018 Solic_expabierto_adul_cnije2019_dbf.zip
OK 342504 CNIJE 2018 Req_expabierto_adulto_cnije2019_dbf.zip
OK 245463 CNIJE 2018 Expe_concluido_adulto_cnije2019_dbf.zip
OK 179911 CNIJE 2018 Expe_ingre_adulto_cnije2019_dbf.zip
OK 199418 CNIJE 2018 Exp_conc_seg_adulto_cnije2019_dbf.zip
OK 177502 CNIJE 2018 Exped_tramite_adulto_cnije2019_dbf.zip
OK 193605 CNIJE 2018 Exp_esp_adolescente_cnije2019_dbf.zip
OK 116606 CNIJE 2018 Solic_rec_adolescente_cnije2019_dbf.zip
OK 239183 CNIJE 2018 Exp_abiertos_adolesc_cnije2019_dbf.zip
OK 341744 CNIJE 2018 Solic_expabier_adoles_cnije2019_dbf.zip
OK 341754 CNIJE 2018 Req_expabierto_adoles_cnije2019_dbf.zip
OK 247008 CNIJE 2018 Expe_concluido_adoles_cnije2019_dbf.zip
OK 180317 CNIJE 2018 Expe_ingre_adolesc_cnije2019_dbf.zip
OK 199060 CNIJE 2018 Exp_conc_seg_adolesc_cnije2019_dbf.zip
OK 177218 CNIJE 2018 Exped_tramite_adolesc_cnije2019_dbf.zip
OK 114645 CNIJE 2018 Soli_recib_exppenal_cnije2019_dbf.zip
OK 107211 CNIJE 2018 Exp_abiertos_exppenal_cnije2019_dbf.zip
OK 220584 CNIJE 2018 Soli_expabiert_penal_cnije2019_dbf.zip
OK 219502 CNIJE 2018 Invit_expabiert_penal_cnije2019_dbf.zip
OK 164517 CNIJE 2018 Expe_concluid_expenal_cnije2019_dbf.zip
OK 111777 CNIJE 2018 Expe_ingre_expenal_cnije2019_dbf.zip
OK 130941 CNIJE 2018 Exp_con_seg_expenal_cnije2019_dbf.zip
OK 96453 CNIJE 2018 Exped_tramite_expenal_cnije2019_dbf.zip
OK 553943 CNIJE 2018 Sistema_tradicional_cnije2019_dbf.zip
OK 382022 CNIJE 2018 Victimareg_duran_anio_cnije2019_dbf.zip
OK 321072 CNIJE 2018 Proc_imput_duran_anio_cnije2019_dbf.zip
OK 450117 CNIJE 2018 Sentenc_durant_anio_cnije2019_dbf.zip
OK 194525 CNIJE 2018 Tocas_penales_cnije2019_dbf.zip
OK 126312 CNIJE 2018 Asunt_aten_juz_ejecuc_cnije2019_dbf.zip
OK 585220 CNIJE 2018 Ingresos_sistema_pena_cnije2019_dbf.zip
OK 409422 CNIJE 2018 Victreg_caupenaingre_cnije2019_dbf.zip
OK 353478 CNIJE 2018 Imputa_registra_causa_cnije2019_dbf.zip
OK 268314 CNIJE 2018 Actos_procesales_JCC_cnije2019_dbf.zip
OK 558076 CNIJE 2018 Conclusio_durant_anio_cnije2019_dbf.zip
OK 467482 CNIJE 2018 Sentenci_regis_penale_cnije2019_dbf.zip
OK 253859 CNIJE 2018 Causas_penales_acusat_cnije2019_dbf.zip
OK 195979 CNIJE 2018 Tocas_penal_sis_acusa_cnije2019_dbf.zip
OK 171460 CNIJE 2018 Asuntos_juzgados_ejec_cnije2019_dbf.zip
OK 1452082 CNIJE 2018 Caracte_geogra_delito_cnije2019_dbf.zip
OK 319224 CNIJE 2018 Explora_procesa_imput_cnije2019_dbf.zip
OK 450951 CNIJE 2018 Causa_delitos_victima_cnije2019_dbf.zip
OK 364830 CNIJE 2018 Vicreg_caupening_seo_cnije2019_dbf.zip
OK 299480 CNIJE 2018 Ado_procesados_regist_cnije2019_dbf.zip
OK 415835 CNIJE 2018 Ado_sentenciado_reg_cnije2019_dbf.zip
OK 198016 CNIJE 2018 Tocas_ado_2da_instanc_cnije2019_dbf.zip
OK 100973 CNIJE 2018 Asuntoate_ejecuc_pena_cnije2019_dbf.zip
OK 93216 CNIJE 2018 Implementacion_SIJPA_cnije2019_dbf.zip
OK 305050 CNIJE 2018 Ingresos_SIJPA_cnije2019_dbf.zip
OK 374746 CNIJE 2018 Victima_reg_causapena_cnije2019_dbf.zip
OK 315798 CNIJE 2018 Ado_imputado_registra_cnije2019_dbf.zip
OK 204641 CNIJE 2018 Actos_procesales_JCG_cnije2019_dbf.zip
OK 325370 CNIJE 2018 Conclus_durante_anio_cnije2019_dbf.zip
OK 406163 CNIJE 2018 Adoles_sent_reg_SIJPA_cnije2019_dbf.zip
OK 188302 CNIJE 2018 Causa_pend_cierreanio_cnije2019_dbf.zip
OK 204590 CNIJE 2018 Tocas_penal_atendida_cnije2019_dbf.zip
OK 135253 CNIJE 2018 Asunto_atend_JE_SIJPA_cnije2019_dbf.zip
OK 1526508 CNIJE 2018 Caract_geogra_delitos_cnije2019_dbf.zip
OK 293258 CNIJE 2018 Explcarac_victima_ado_cnije2019_dbf.zip
OK 151017 CNPJ 2013 Estructura_organizacional_dbf.zip
OK 270469 CNPJ 2013 Recursos_dbf.zip
OK 217408 CNPJ 2013 Agencias_MPF_dbf.zip
OK 161356 CNPJ 2013 Func_esp_dbf.zip
OK 142622 CNPJ 2013 Implement_sist_acus_oral_dbf.zip
OK 222929 CNPJ 2013 Denuncias_querellas_actas_dbf.zip
OK 298070 CNPJ 2013 AP_iniciadas_CI_abiertas_dbf.zip
OK 234353 CNPJ 2013 AP_CI_determinadas_dbf.zip
OK 149658 CNPJ 2013 CI_cerradas_dbf.zip
OK 237260 CNPJ 2013 AP_CI_pendientes_dbf.zip
OK 214745 CNPJ 2013 Ordenes_aprehension_dbf.zip
OK 186126 CNPJ 2017 Estruc_organizacional_cnpjf2018_dbf.zip
OK 245623 CNPJ 2017 Recursos_cnpjf2018_dbf.zip
OK 280632 CNPJ 2017 Agencias_MPF_cnpjf2018_dbf.zip
OK 198980 CNPJ 2017 Infraestructura_cnpjf2018_dbf.zip
OK 214751 CNPJ 2017 Func_esp_cnpjf2018_dbf.zip
OK 276756 CNPJ 2017 Serv_periciales_cnpjf2018_dbf.zip
OK 239887 CNPJ 2017 Rechum_serv_pericial_cnpjf2018_dbf.zip
OK 247783 CNPJ 2017 Recursos_humanos_cnpjf2018_dbf.zip
OK 174673 CNPJ 2017 Recurso_presupuestal_cnpjf2018_dbf.zip
OK 192536 CNPJ 2017 Recursos_materiales_cnpjf2018_dbf.zip
OK 185693 CNPJ 2017 Expl_mec_alter_penal_cnpjf2018_dbf.zip
OK 179064 CNPJ 2017 Solicitud_recib_anio_cnpjf2018_dbf.zip
OK 190970 CNPJ 2017 Expediente_abierto_cnpjf2018_dbf.zip
OK 218810 CNPJ 2017 Solic_regis_expabiert_cnpjf2018_dbf.zip
OK 219337 CNPJ 2017 Reque_regis_expabiert_cnpjf2018_dbf.zip
OK 220679 CNPJ 2017 Expediente_concluido_cnpjf2018_dbf.zip
OK 223074 CNPJ 2017 Segui_cumpli_acuerdo_cnpjf2018_dbf.zip
OK 197243 CNPJ 2017 Expe_tramit_solic_int_cnpjf2018_dbf.zip
OK 214700 CNPJ 2017 Denuncias_querellas_cnpjf2018_dbf.zip
OK 177853 CNPJ 2017 Actas_circunstanciada_cnpjf2018_dbf.zip
OK 194614 CNPJ 2017 Exis_inicio_anio_cnpjf2018_dbf.zip
OK 342939 CNPJ 2017 Ingresos_aperturas_cnpjf2018_dbf.zip
OK 187123 CNPJ 2017 Reingresos_cnpjf2018_dbf.zip
OK 198836 CNPJ 2017 Reasignaciones_cnpjf2018_dbf.zip
OK 217243 CNPJ 2017 Conclus_durante_anio_cnpjf2018_dbf.zip
OK 204021 CNPJ 2017 Cierre_durante_anio_cnpjf2018_dbf.zip
OK 214091 CNPJ 2017 Exis_cierre_anio_cnpjf2018_dbf.zip
OK 195795 CNPJ 2017 Medidas_cautelare_pro_cnpjf2018_dbf.zip
OK 223809 CNPJ 2017 Ordenes_aprehension_cnpjf2018_dbf.zip
OK 227665 CNPJ 2017 Comb_ctrl_delsalud_cnpjf2018_dbf.zip
OK 216098 CNPJ 2017 Aseguramientos_procur_cnpjf2018_dbf.zip
OK 209550 CNPJE 2012 estructura_organizacional_cnpje2013_dbf.zip
OK 248137 CNPJE 2012 recursos_cnpje2013_dbf.zip
OK 322275 CNPJE 2012 agencias_mp_cnpje2013_dbf.zip
OK 113430 CNPJE 2012 implementacion_sao_cnpje2013_dbf.zip
OK 173007 CNPJE 2012 denuncias_qa_cnpje2013_dbf.zip
OK 759522 CNPJE 2012 ap_iniciadas_ci_abiertas_cnpje2013_dbf.zip
OK 408087 CNPJE 2012 ap_ci_determinadas_cnpje2013_dbf.zip
OK 243617 CNPJE 2012 ci_cerradas_cnpje2013_dbf.zip
OK 394278 CNPJE 2012 ap_ci_pendientes_cnpje2013_dbf.zip
OK 153424 CNPJE 2012 ordenes_aprehension_cnpje2013_dbf.zip
OK 153701 CNPJE 2012 vehiculos_robados_recup_cnpje2013_dbf.zip
OK 672609 CNPJE 2012 ap_invest_abiertas_cnpje2013_dbf.zip
OK 373090 CNPJE 2012 ap_invest_determ_cnpje2013_dbf.zip
OK 234916 CNPJE 2012 invest_cerradas_cnpje2013_dbf.zip
OK 368202 CNPJE 2012 ap_invest_pen_cnpje2013_dbf.zip
OK 200141 CNPJE 2012 infraestructura_cnpje2013_dbf.zip
OK 189551 CNPJE 2012 funciones_cnpje2013_dbf.zip
OK 281711 CNPJE 2015 Estructura_organizacional_cnpje2016_dbf.zip
OK 436985 CNPJE 2015 Recursos_cnpje2016_dbf.zip
OK 547436 CNPJE 2015 Agencias_MP_cnpje2016_dbf.zip
OK 388157 CNPJE 2015 Infraestructura_cnpje2016_dbf.zip
OK 274556 CNPJE 2015 Func_esp_cnpje2016_dbf.zip
OK 483118 CNPJE 2015 Serv_periciales_cnpje2016_dbf.zip
OK 643057 CNPJE 2015 Centro_justicia_mujeres_cnpje2016_dbf.zip
OK 164033 CNPJE 2015 Implement_sist_acus_oral_cnpje2016_dbf.zip
OK 186456 CNPJE 2015 Denuncias_querellas_actas_cnpje2016_dbf.zip
OK 2931139 CNPJE 2015 AP_iniciadas_CI_abiertas_cnpje2016_dbf.zip
OK 1246150 CNPJE 2015 AP_CI_determinadas_cnpje2016_dbf.zip
OK 728962 CNPJE 2015 CI_cerradas_cnpje2016_dbf.zip
OK 1112647 CNPJE 2015 AP_CI_pendientes_cnpje2016_dbf.zip
OK 164726 CNPJE 2015 Ordenes_aprehension_cnpje2016_dbf.zip
OK 159032 CNPJE 2015 Vehic_robados_recup_cnpje2016_dbf.zip
OK 160475 CNPJE 2015 Denuncias_querellas_cnpje2016_dbf.zip
OK 2481941 CNPJE 2015 AP_invest_abiertas_cnpje2016_dbf.zip
OK 1147498 CNPJE 2015 AP_invest_determinadas_cnpje2016_dbf.zip
OK 659482 CNPJE 2015 Invest_cerradas_cnpje2016_dbf.zip
OK 1143072 CNPJE 2015 AP_invest_pendientes_cnpje2016_dbf.zip
OK 166396 CNPJE 2015 Ordenes_detencion_cnpje2016_dbf.zip
OK 386604 CNPJE 2015 Estructura_organizacional_JA_cnpje2016_dbf.zip
OK 243601 CNPJE 2015 Rec_pres_cnpje2016_dbf.zip
OK 264405 CNPJE 2015 Rec_mat_cnpje2016_dbf.zip
OK 1674834 CNPJE 2015 Justicia_alterna_mec_alter_cnpje2016_dbf.zip
OK 304751 CNPJE 2015 ExpDelnar_APinic_CIabiertas_cnpje2016_dbf.zip
OK 300356 CNPJE 2015 ExpCAnar_APinic_CIabiertas_cnpje2016_dbf.zip
OK 372916 CNSPEF 2018 Estruct_organizacion_cnspef2019_dbf.zip
OK 395012 CNSPEF 2018 Recursos_humanos_cnspef2019_dbf.zip
OK 335493 CNSPEF 2018 Recursos_presupuesta_cnspef2019_dbf.zip
OK 334081 CNSPEF 2018 Recursos_materiales_cnspef2019_dbf.zip
OK 343717 CNSPEF 2018 Ejerc_funcion_especi_cnspef2019_dbf.zip
OK 398364 CNSPEF 2018 Contro_int_anticorru_cnspef2019_dbf.zip
OK 341419 CNSPEF 2018 Marco_regulatorio_cnspef2019_dbf.zip
OK 336581 CNSPEF 2018 Asociacion_interinst_cnspef2019_dbf.zip
OK 459075 CNSPEF 2018 Ingreso_centropenite_cnspef2019_dbf.zip
OK 405280 CNSPEF 2018 Egreso_centropeniten_cnspef2019_dbf.zip
OK 478899 CNSPEF 2018 Perso_privadalibe_cp_cnspef2019_dbf.zip
OK 367249 CNSPEF 2018 Incidente_centropeni_cnspef2019_dbf.zip
OK 365672 CNSPEF 2018 Act_orienreinserccio_cnspef2019_dbf.zip
OK 328875 CNSPEF 2018 Servicio_postpenales_cnspef2019_dbf.zip
OK 349258 CNSPEF 2018 Traslado_extradicion_cnspef2019_dbf.zip
OK 352211 CNSPEF 2018 Ejer_funciorgani_pdh_cnspef2019_dbf.zip
OK 347769 CNSPEF 2018 Reg_discip_perspriva_cnspef2019_dbf.zip
OK 353934 CNSPEF 2018 Persoexternada_liber_cnspef2019_dbf.zip
OK 199528 CNTAIPPDPE 2016 Estruc_organiza_cntaippdpe2017_dbf.zip
OK 243575 CNTAIPPDPE 2016 Recursos_humanos_cntaippdpe2017_dbf.zip
OK 113221 CNTAIPPDPE 2016 Rec_presupuestal_cntaippdpe2017_dbf.zip
OK 148143 CNTAIPPDPE 2016 Rec_materiales_cntaippdpe2017_dbf.zip
OK 166155 CNTAIPPDPE 2016 Gobierno_electro_cntaippdpe2017_dbf.zip
OK 172781 CNTAIPPDPE 2016 Ejer_funcion_esp_cntaippdpe2017_dbf.zip
OK 211538 CNTAIPPDPE 2016 Transp_acc_prot_cntaippdpe2017_dbf.zip
OK 151130 CNTAIPPDPE 2016 Soli_acce_protec_cntaippdpe2017_dbf.zip
OK 242106 CNTAIPPDPE 2016 Solicitud_recibi_cntaippdpe2017_dbf.zip
OK 173071 CNTAIPPDPE 2016 Solicitud_respon_cntaippdpe2017_dbf.zip
OK 181120 CNTAIPPDPE 2016 Cost_pago_infsol_cntaippdpe2017_dbf.zip
OK 99097 CNTAIPPDPE 2016 Solicitu_tramite_cntaippdpe2017_dbf.zip
OK 184650 CNTAIPPDPE 2016 Usuario_sisinf_cntaippdpe2017_dbf.zip
OK 260953 CNTAIPPDPE 2016 Prote_datos_pers_cntaippdpe2017_dbf.zip
OK 227129 CNTAIPPDPE 2016 Organos_transp_cntaippdpe2017_dbf.zip
OK 159683 CNTAIPPDPE 2016 Clasif_informa_cntaippdpe2017_dbf.zip
OK 159001 CNTAIPPDPE 2016 Cultura_transp_cntaippdpe2017_dbf.zip
OK 249735 CNTAIPPDPE 2016 Ctrl_inter_antic_cntaippdpe2017_dbf.zip
OK 166601 CNTAIPPDPE 2016 Participa_ciudad_cntaippdpe2017_dbf.zip
OK 146193 CNTAIPPDPE 2016 Marc_regulatorio_cntaippdpe2017_dbf.zip
OK 139709 CNTAIPPDPE 2016 Asoc_interguber_cntaippdpe2017_dbf.zip
OK 196331 CNTAIPPDPE 2016 Admin_archi_gest_cntaippdpe2017_dbf.zip
OK 328975 CNTAIPPDPE 2016 Rec_plan_admgest_cntaippdpe2017_dbf.zip
OK 252992 CNTAIPPDPE 2016 Sist_arc_docelec_cntaippdpe2017_dbf.zip
OK 237717 CNTAIPPDPE 2016 Compete_materias_cntaippdpe2017_dbf.zip
OK 233859 CNTAIPPDPE 2016 Activi_capacita_cntaippdpe2017_dbf.zip
OK 378911 CNTAIPPDPE 2016 Rec_rev_acc_prot_cntaippdpe2017_dbf.zip
OK 126557 CNTAIPPDPE 2016 Rec_inconformida_cntaippdpe2017_dbf.zip
OK 163514 CNTAIPPDPE 2016 Medidas_apremio_cntaippdpe2017_dbf.zip
OK 168543 CNTAIPPDPE 2016 Sanciones_cntaippdpe2017_dbf.zip
OK 99239 CNTAIPPDPE 2016 Denuncias_actos_cntaippdpe2017_dbf.zip
OK 238404 CNTAIPPDPE 2016 Cultura_materias_cntaippdpe2017_dbf.zip
OK 106939 CNTAIPPDPE 2016 Prote_dato_perso_cntaippdpe2017_dbf.zip
OK 229164 CNTAIPPDPE 2016 Sujetos_obligado_cntaippdpe2017_dbf.zip
OK 199653 CNTAIPPDPE 2016 Organos_tran_suj_cntaippdpe2017_dbf.zip
OK 122117 CNTAIPPDPE 2016 Clasif_info_suj_cntaippdpe2017_dbf.zip
OK 194414 CNTAIPPDPE 2016 Capacitacion_suj_cntaippdpe2017_dbf.zip
OK 592029 CNTAIPPDPE 2016 Obliga_comunes_cntaippdpe2017_dbf.zip
OK 366529 CNTAIPPDPE 2016 Obliga_especifi_cntaippdpe2017_dbf.zip
OK 218443 CNTAIPPDPE 2016 Solicit_acc_prot_cntaippdpe2017_dbf.zip
OK 241609 CNTAIPPDPE 2016 Solicitud_recib_cntaippdpe2017_dbf.zip
OK 441632 CNTAIPPDPE 2016 Solreci_sujeobl_cntaippdpe2017_dbf.zip
OK 253300 CNTAIPPDPE 2016 Solres_tram_pror_cntaippdpe2017_dbf.zip
OK 191687 CNTAIPPDPE 2016 Soltramite_so_cntaippdpe2017_dbf.zip
OK 137826 CNTAIPPDPE 2016 Cultura_tran_suj_cntaippdpe2017_dbf.zip
OK 18309 COMEXT 2021 muestra_de_base_comext_tsv.zip
OK 195756 DH 2013 FD_RIOPDH_2014_xlsx.zip
OK 10163 DH 2013 1_TD_QUEJAS_2014_sav.zip
OK 47172 DH 2013 2_TD_EXP_HECH_VIO_2014_sav.zip
OK 6622 DH 2013 3_TD_EXP_HECH_VIO_DET_2014_sav.zip
OK 2978 DH 2013 4_TD_MEDIDAS_2014_sav.zip
OK 10651 DH 2013 5_TD_RECOMENDACIONES_2014_sav.zip
OK 14333 DH 2013 6_TD_FORM_VINC_2014_sav.zip
OK 11780 DH 2013 7_TD_OFIC_REC_HUM_2014_sav.zip
OK 278158 ECADEFI 2021 ecadefi_chih_2021_bd_csv.zip
OK 278146 ECADEFI 2021 ecadefi_chih_2021_fd.xlsx
OK 4380365 EDER 2025 889463930242.pdf
OK 2447554 EDER 2025 889463930617.pdf
OK 1352790 EDF 2021 fetales_base_de_datos_2021_dbf.zip
OK 6521961 ENAID 2019 enaid2019_bd_dbf.zip
OK 147204590 ENAID 2019 enaid2019_fd.pdf
OK 21736797 ENAMIN 2012 enamin12_bd_dbf.zip
RECHAZO PDF-SIN-EOF https://www.inegi.org.mx/contenidos/programas/enamin/2012/doc/enamin12_des_archivos.pdf
OK 6116 ENCRIGE 2016 ejemploencrige_csv.zip
OK 20474 ENECAP 2017 BASES_EJEMPLO_ENECAP_2017_csv.zip
OK 557032 ENECAP 2017 FD_ENECAP2018.xlsx
OK 3988122 ENECE 1995 bd_enece95_dbf.zip
OK 7479 ENECE 1995 fd_enece95.pdf
OK 7293861 ENESS 2000 bd_eness00_dbf.zip
OK 13553 ENESS 2000 fd_eness00.pdf
OK 18371 ENTIC 2013 Entic_dbf.zip
OK 2347 ENVE 2014 enve_2014_csv.zip
OK 1998514 ILMM 2019 ilmm_2019_bd_xlsx.zip
OK 1810343 ILMM 2021 ilmm_2021_bd_xlsx.zip
OK 1914627 ILMM 2022 ilmm_2022_bd_xlsx.zip
OK 1914287 ILMM 2025 ilmm_2025_bd_xlsx.zip
OK 8674417 JUDICIALESPENAL 1998 judiciales_bd_catalogos_1998_dbf.zip
OK 7453864 JUDICIALESPENAL 2002 judiciales_bd_catalogos_2002_dbf.zip
OK 8201472 JUDICIALESPENAL 2005 Judiciales_BD_Catalogos_2005_dbf.zip
OK 8181792 JUDICIALESPENAL 2006 Judiciales_BD_Catalogos_2006_dbf.zip
OK 7724157 JUDICIALESPENAL 2008 Judiciales_BD_Catalogos_2008_dbf.zip
OK 241619 MCS 2008 MCS_Agropecuario_2008_concil_2010_dta.zip
OK 2956966 MCS 2008 MCS_Concentrado_2008_concil_2010_dta.zip
OK 2242585 MCS 2008 MCS_Hogares_2008_concil_2010_dta.zip
OK 2408922 MCS 2008 MCS_Ingresos_2008_concil_2010_dta.zip
OK 869056 MCS 2008 MCS_Noagropecuario_2008_concil_2010_dta.zip
OK 1388352 MCS 2008 MCS_NomonetarioE_2008_concil_2010_dta.zip
OK 693475 MCS 2008 MCS_NomonetarioM_2008_concil_2010_dta.zip
OK 4463489 MCS 2008 MCS_Poblacion_2008_concil_2010_dta.zip
OK 1212134 MCS 2008 MCS_Trabajos_2008_concil_2010_dta.zip
OK 195143 MOCIBA 2019 mociba2019_fd.xlsx
OK 1304855 MODUTIH 2005 endutih_2005_bd_dbf.zip
OK 71168 MODUTIH 2005 fd_endutih05.xls
OK 56342 MOPRADEF 2020 mopradef_bd_noviembre_2020_sav.zip
OK 19545536 MTI 2011 mti2011_bases_dbf.zip
OK 31164104 MTI 2011 mti2011_bases_conapo_dbf.zip
OK 909288 MTI 2011 fd_mti_11.pdf
OK 15919428 MTI 2015 mti15_bd_dbf.zip
OK 964150 MTI 2015 fd_mti_2015.pdf
OK 4701145 MUSEOS 2021 bd_museos_2021_dbf.zip
OK 359 PEME 2016 empresas_csv.zip
OK 1190 PEME 2016 comer_csv.zip
OK 10100509 RELLABORALES 2022 laborales_bd_catalogos_2022_dbf.zip
tanda cerrada: 519 caminadas, 0.99 GB
