pendientes: 1324
OK 494592 CCPV 1990 catalogos_1990.xls
OK 33323249 ENOE 2006T2 2006trim2_csv.zip
OK 30792161 ENOE 2006T4 2006trim4_csv.zip
OK 139828460 ENOE 2007 enoe2007_conapo2010_14ymas_dbf.zip
OK 191159576 ENOE 2007 enoe2007_conapo2005_14ymas_dbf.zip
OK 39074696 ENOE 2007T2 2007trim2_csv.zip
OK 35300987 ENOE 2007T4 2007trim4_csv.zip
OK 26470317 ENOE 2008T3 2008trim3_csv.zip
OK 26434350 ENOE 2009T4 2009trim4_csv.zip
OK 34316215 ENOE 2011T1 2011trim1_csv.zip
OK 32458981 ENOE 2011T4 2011trim4_csv.zip
OK 149545701 ENOE 2012 enoe2012_conapo2010_14ymas_dbf.zip
OK 25875313 ENOE 2012T3 2012trim3_csv.zip
OK 25876237 ENOE 2012T4 2012trim4_csv.zip
OK 125065202 ENOE 2013 enoe2013_conapo2010_14ymas_dbf.zip
OK 23582172 ENOE 2013T4 2013trim4_csv.zip
OK 22718135 ENOE 2014T3 2014trim3_csv.zip
OK 25235758 ENOE 2015T1 2015trim1_csv.zip
OK 22782131 ENOE 2015T4 2015trim4_csv.zip
OK 35213597 ENOE 2026T2 enoe_2026_trim2_csv.zip
OK 46742 CONEVAL Cambios pobreza 2010-2016 (resultados) Cambios_pobreza_pobreza_extrema_2010_2016.zip
OK 111035465 CONEVAL Programas de cálculo MMP 2020 STATA_MMP_2020.zip
OK 61727 ENIGH 1984 hogares_dbf.zip
OK 186671 ENIGH 1984 poblacion_dbf.zip
OK 169948 ENIGH 1984 ingresos_dbf.zip
OK 2552623 ENIGH 1984 gastos_dbf.zip
OK 150828 ENIGH 1984 nomon_dbf.zip
OK 458217 ENIGH 1984 concen_dbf.zip
OK 22743 ENIGH 1984 describe84.pdf
OK 29089 ENIGH 1984 variable84_pdf.zip
OK 165864 ENIGH 1989 hogares_dbf.zip
OK 602566 ENIGH 1989 poblacion_dbf.zip
OK 349383 ENIGH 1989 ingresos_dbf.zip
OK 6716067 ENIGH 1989 gastos_dbf.zip
OK 371195 ENIGH 1989 nomon_dbf.zip
OK 1120221 ENIGH 1989 concen_dbf.zip
OK 22338 ENIGH 1989 describe89.pdf
OK 38334 ENIGH 1989 variable89_pdf.zip
OK 276544 ENIGH 2000 hogares_dbf.zip
OK 580067 ENIGH 2000 poblacion_dbf.zip
OK 410252 ENIGH 2000 ingresos_dbf.zip
OK 6333195 ENIGH 2000 gastos_dbf.zip
OK 563010 ENIGH 2000 nomon_dbf.zip
OK 1649395 ENIGH 2000 concen_dbf.zip
OK 2310481 ENIGH 2000 describe00.pdf
OK 110993 ENIGH 2000 variable00.pdf
OK 73131 ENIGH 2012 ncv_agropecuario_2012_concil_2010_csv.zip
OK 1251007 ENIGH 2012 NCV_Concentrado_2012_concil_2010_csv.zip
OK 69184 ENIGH 2012 NCV_Erogaciones_2012_concil_2010_csv.zip
OK 4617300 ENIGH 2012 NCV_Gastohogar_2012_concil_2010_csv.zip
OK 252328 ENIGH 2012 NCV_Gastopersona_2012_concil_2010_csv.zip
OK 10945 ENIGH 2012 NCV_Gastotarjetas_2012_concil_2010_csv.zip
OK 316395 ENIGH 2012 NCV_Hogares_2012_concil_2010_csv.zip
OK 504474 ENIGH 2012 NCV_Ingresos_2012_concil_2010_csv.zip
OK 154899 ENIGH 2012 NCV_Noagropecuario_2012_concil_2010_csv.zip
OK 1037183 ENIGH 2012 NCV_Poblacion_2012_concil_2010_csv.zip
OK 215377 ENIGH 2012 NCV_Trabajos_2012_concil_2010_csv.zip
OK 171524 ENIGH 2012 ncv_viviendas_2012_concil_2010_csv.zip
OK 45887 ENIGH 2012 Tra_Agropecuario_2012_concil_2010_csv.zip
OK 1372379 ENIGH 2012 Tra_Concentrado_2012_concil_2010_csv.zip
OK 69814 ENIGH 2012 Tra_Erogaciones_2012_concil_2010_csv.zip
OK 4617300 ENIGH 2012 Tra_Gastohogar_2012_concil_2010_csv.zip
OK 252328 ENIGH 2012 Tra_Gastopersona_2012_concil_2010_csv.zip
OK 10945 ENIGH 2012 Tra_Gastotarjetas_2012_concil_2010_csv.zip
OK 316395 ENIGH 2012 Tra_Hogares_2012_concil_2010_csv.zip
OK 500293 ENIGH 2012 Tra_Ingresos_2012_concil_2010_csv.zip
OK 47124 ENIGH 2012 Tra_Noagropecuario_2012_concil_2010_csv.zip
OK 1037183 ENIGH 2012 Tra_Poblacion_2012_concil_2010_csv.zip
OK 215367 ENIGH 2012 Tra_Trabajos_2012_concil_2010_csv.zip
OK 171524 ENIGH 2012 Tra_Viviendas_2012_concil_2010_csv.zip
OK 1542176 ENIGH 2016 enigh2016_ns_viviendas_csv.zip
OK 3236715 ENIGH 2016 enigh2016_ns_hogares_csv.zip
OK 9197378 ENIGH 2016 enigh2016_ns_poblacion_csv.zip
OK 38574529 ENIGH 2016 enigh2016_ns_gastoshogar_csv.zip
OK 509126 ENIGH 2016 enigh2016_ns_erogaciones_csv.zip
OK 90285 ENIGH 2016 enigh2016_ns_gastotarjetas_csv.zip
OK 3817815 ENIGH 2016 enigh2016_ns_ingresos_csv.zip
OK 2215644 ENIGH 2016 enigh2016_ns_gastospersona_csv.zip
OK 1794429 ENIGH 2016 enigh2016_ns_trabajos_csv.zip
OK 430790 ENIGH 2016 enigh2016_ns_agro_csv.zip
OK 1068724 ENIGH 2016 enigh2016_ns_noagro_csv.zip
OK 10273472 ENIGH 2016 enigh2016_ns_concentradohogar_csv.zip
OK 1705133 ENIGH 2020 enigh2020_ns_viviendas_csv.zip
OK 3514954 ENIGH 2020 enigh2020_ns_hogares_csv.zip
OK 9963632 ENIGH 2020 enigh2020_ns_poblacion_csv.zip
OK 41071093 ENIGH 2020 enigh2020_ns_gastoshogar_csv.zip
OK 745726 ENIGH 2020 enigh2020_ns_erogaciones_csv.zip
OK 101562 ENIGH 2020 enigh2020_ns_gastotarjetas_csv.zip
OK 4211134 ENIGH 2020 enigh2020_ns_ingresos_csv.zip
OK 1592706 ENIGH 2020 enigh2020_ns_gastospersona_csv.zip
OK 1941444 ENIGH 2020 enigh2020_ns_trabajos_csv.zip
OK 565107 ENIGH 2020 enigh2020_ns_agro_csv.zip
OK 1407551 ENIGH 2020 enigh2020_ns_noagro_csv.zip
OK 12079700 ENIGH 2020 enigh2020_ns_concentradohogar_csv.zip
OK 784124 ENIGH 2020 enigh2020_ns_agroproductos_csv.zip
OK 389079 ENIGH 2020 enigh2020_ns_agroconsumo_csv.zip
OK 286856 ENIGH 2020 enigh2020_ns_agrogasto_csv.zip
OK 1427386 ENIGH 2020 enigh2020_ns_noagroimportes_csv.zip
OK 9820 ENIGH 2020 enigh2020_ns_ingresos_jcf_csv.zip
OK 1659844 ENIGH 2020 enigh2020_ns_descripcion_calculo_r.pdf
OK 247401 ENIGH 2020 enigh2020_est_viviendas_csv.zip
OK 495519 ENIGH 2020 enigh2020_est_hogares_csv.zip
OK 1346215 ENIGH 2020 enigh2020_est_poblacion_csv.zip
OK 6694763 ENIGH 2020 enigh2020_est_gastoshogar_csv.zip
OK 116935 ENIGH 2020 enigh2020_est_erogaciones_csv.zip
OK 22250 ENIGH 2020 enigh2020_est_gastotarjetas_csv.zip
OK 653194 ENIGH 2020 enigh2020_est_ingresos_csv.zip
OK 306481 ENIGH 2020 enigh2020_est_gastospersona_csv.zip
OK 290571 ENIGH 2020 enigh2020_est_trabajos_csv.zip
OK 74949 ENIGH 2020 enigh2020_est_agro_csv.zip
OK 221131 ENIGH 2020 enigh2020_est_noagro_csv.zip
OK 1826201 ENIGH 2020 enigh2020_est_concentradohogar_csv.zip
OK 111320 ENIGH 2020 enigh2020_est_agroproductos_csv.zip
OK 60318 ENIGH 2020 enigh2020_est_agroconsumo_csv.zip
OK 37648 ENIGH 2020 enigh2020_est_agrogasto_csv.zip
OK 223595 ENIGH 2020 enigh2020_est_noagroimportes_csv.zip
OK 2933 ENIGH 2020 enigh2020_est_apertura_autoconsumo_csv.zip
OK 193642 ENIGH 2020 enigh2020_est_apertura_gasto_csv.zip
OK 73187 ENIGH 2020 enigh2020_est_apertura_gastodiario_csv.zip
OK 15291 ENIGH 2020 enigh2020_est_apertura_regalorecib_csv.zip
OK 6492 ENIGH 2020 enigh2020_est_apertura_transferencia_csv.zip
OK 20458 ENIGH 2020 enigh2020_est_apertura_gastoeduca_csv.zip
OK 2651 ENIGH 2020 enigh2020_est_apertura_remespecie_csv.zip
OK 7738 ENIGH 2020 enigh2020_est_apertura_transportepublico_csv.zip
OK 23543 ENIGH 2020 enigh2020_est_nvoprogsoc_csv.zip
OK 1712569 ENIGH 2022 enigh2022_ns_viviendas_csv.zip
OK 3606173 ENIGH 2022 enigh2022_ns_hogares_csv.zip
OK 9888295 ENIGH 2022 enigh2022_ns_poblacion_csv.zip
OK 49229381 ENIGH 2022 enigh2022_ns_gastoshogar_csv.zip
OK 722267 ENIGH 2022 enigh2022_ns_erogaciones_csv.zip
OK 114258 ENIGH 2022 enigh2022_ns_gastotarjetas_csv.zip
OK 4446614 ENIGH 2022 enigh2022_ns_ingresos_csv.zip
OK 2309137 ENIGH 2022 enigh2022_ns_gastospersona_csv.zip
OK 2076813 ENIGH 2022 enigh2022_ns_trabajos_csv.zip
OK 528531 ENIGH 2022 enigh2022_ns_agro_csv.zip
OK 1397993 ENIGH 2022 enigh2022_ns_noagro_csv.zip
OK 12542624 ENIGH 2022 enigh2022_ns_concentradohogar_csv.zip
OK 748973 ENIGH 2022 enigh2022_ns_agroproductos_csv.zip
OK 372803 ENIGH 2022 enigh2022_ns_agroconsumo_csv.zip
OK 261842 ENIGH 2022 enigh2022_ns_agrogasto_csv.zip
OK 1413667 ENIGH 2022 enigh2022_ns_noagroimportes_csv.zip
OK 5939 ENIGH 2022 enigh2022_ns_ingresos_jcf_csv.zip
OK 1052924 ENIGH 2022 enigh2022_est_viviendas_csv.zip
OK 2100787 ENIGH 2022 enigh2022_est_hogares_csv.zip
OK 5692575 ENIGH 2022 enigh2022_est_poblacion_csv.zip
OK 26373538 ENIGH 2022 enigh2022_est_gastoshogar_csv.zip
OK 578848 ENIGH 2022 enigh2022_est_erogaciones_csv.zip
OK 108705 ENIGH 2022 enigh2022_est_gastotarjetas_csv.zip
OK 2690103 ENIGH 2022 enigh2022_est_ingresos_csv.zip
OK 4395 ENIGH 2022 enigh2022_est_ingresos_jcf_csv.zip
OK 1312118 ENIGH 2022 enigh2022_est_gastospersona_csv.zip
OK 1222598 ENIGH 2022 enigh2022_est_trabajos_csv.zip
OK 316359 ENIGH 2022 enigh2022_est_agro_csv.zip
OK 948314 ENIGH 2022 enigh2022_est_noagro_csv.zip
OK 7051128 ENIGH 2022 enigh2022_est_concentradohogar_csv.zip
OK 484181 ENIGH 2022 enigh2022_est_agroproductos_csv.zip
OK 255214 ENIGH 2022 enigh2022_est_agroconsumo_csv.zip
OK 161794 ENIGH 2022 enigh2022_est_agrogasto_csv.zip
OK 1020001 ENIGH 2022 enigh2022_est_noagroimportes_csv.zip
OK 10908 ENIGH 2022 enigh2022_est_apertura_autoconsumo_csv.zip
OK 816427 ENIGH 2022 enigh2022_est_apertura_gasto_csv.zip
OK 247791 ENIGH 2022 enigh2022_est_apertura_gastodiario_csv.zip
OK 63311 ENIGH 2022 enigh2022_est_apertura_regalorecib_csv.zip
OK 30045 ENIGH 2022 enigh2022_est_apertura_transferencia_csv.zip
OK 97138 ENIGH 2022 enigh2022_est_apertura_gastoeduca_csv.zip
OK 11593 ENIGH 2022 enigh2022_est_apertura_remespecie_csv.zip
OK 37174 ENIGH 2022 enigh2022_est_apertura_transportepublico_csv.zip
OK 100938 ENIGH 2022 enigh2022_est_nvoprogsoc_csv.zip
OK 8534396 ENE 1991 ene_1991_dbf.zip
OK 13840 ENE 1991 fd_ene91.pdf
OK 6075287 ENE 1995 ene_1995_dbf.zip
OK 18961439 ENE 1998 ene_1998_dbf.zip
OK 84814228 ENE 2002 ene_2002_dbf.zip
OK 75785731 ENE 2003 ene_2003_dbf.zip
OK 731551 INVESTIGACION 2013-2017 biare_fd_2015.pdf
OK 727376 INVESTIGACION 2014 mcs_viviendas_biare_ampliado_csv.zip
OK 1103921 INVESTIGACION 2014 mcs_hogares_biare_ampliado_csv.zip
OK 3993528 INVESTIGACION 2014 mcs_poblacion_biare_ampliado_csv.zip
OK 183712 INVESTIGACION 2014 mcs_gastoshogar_biare_ampliado_csv.zip
OK 1529973 INVESTIGACION 2014 mcs_ingresos_biare_ampliado_csv.zip
OK 1474903 INVESTIGACION 2014 mcs_gastospersona_biare_ampliado_csv.zip
OK 733452 INVESTIGACION 2014 mcs_trabajos_biare_ampliado_csv.zip
OK 135306 INVESTIGACION 2014 mcs_agropecuario_biare_ampliado_csv.zip
OK 447187 INVESTIGACION 2014 mcs_noagro_biare_ampliado_csv.zip
OK 1650215 INVESTIGACION 2014 mcs_concentradohogar_biare_ampliado_csv.zip
OK 536298 INVESTIGACION 2014 mcs_integrabiare_biare_ampliado_csv.zip
OK 2424826 INVESTIGACION 2014 mcs_biare_biare_ampliado_csv.zip
OK 250030 INVESTIGACION 2014 biare_2014_octubre_csv.zip
OK 250824 INVESTIGACION 2014 biare_2014_julio_csv.zip
OK 248770 INVESTIGACION 2014 biare_2014_abril_csv.zip
OK 251534 INVESTIGACION 2014 biare_2014_enero_csv.zip
OK 905394 INVESTIGACION 2014 fd_mcs2014_biare_ampliado.pdf
OK 2141490 INVESTIGACION 2014 mcs2014_biare_ampliado_descripcion_base.pdf
OK 214733 INVESTIGACION 2015 biare_2015_octubre_csv.zip
OK 979138 INVESTIGACION 2015 biare_2015_julio_csv.zip
OK 975094 INVESTIGACION 2015 biare_2015_abril_csv.zip
OK 979807 INVESTIGACION 2015 biare_2015_enero_csv.zip
OK 8370439 INVESTIGACION 2015 poblacion_csv.zip
OK 987816 INVESTIGACION 2015 gastoshogar_csv.zip
OK 10638693 INVESTIGACION 2015 gastospersona_csv.zip
OK 7627007 INVESTIGACION 2015 ingresos_csv.zip
OK 5965681 INVESTIGACION 2015 concentradohogar_csv.zip
OK 3411727 INVESTIGACION 2015 concentradohogar_dta.zip
OK 6490206 INVESTIGACION 2015 poblacion_dta.zip
OK 192235 INVESTIGACION 2020 BIARE_2020_enero_csv.zip
OK 1666774 INVESTIGACION 2020 icmm_2020_bd_xlsx.zip
OK 128632 INVESTIGACION 2020 etco_2020_abril_dbf.zip
OK 1979123 INVESTIGACION 2020 etco_fd_abril_2020.pdf
OK 2467006 INVESTIGACION 2020 etoe_2020_abril_dbf.zip
OK 1339379 INVESTIGACION 2020 etoe_estructura_base_datos.pdf
OK 226665 INVESTIGACION 2020 etco_2020_mayo_dbf.zip
OK 2317359 INVESTIGACION 2020 etoe_2020_mayo_dbf.zip
OK 1146080 INVESTIGACION 2020 etoe_calc_ind_r.pdf
OK 294414 INVESTIGACION 2020 etco_2020_junio_dbf.zip
OK 224104 INVESTIGACION 2020 ecovid_ml_bd_dbf.zip
OK 1022857 INVESTIGACION 2020 ecovid_ml_estructura_bd.pdf
