pendientes: 424
OK 1758289 ENVIPE 2021 fd_envipe2021.pdf
OK 15657821 MORTALIDAD 2015 defunciones_fetales_base_datos_2015_2019_dbf.zip
OK 2570147 MORTALIDAD 2022 fetales_base_de_datos_2022_dbf.zip
OK 3100802 ENCIG 2023 encig23_estructura_base_datos.pdf
OK 701882 ENPECYT 2009 enpecyt2009_bd_dbf.zip
OK 38622 ENPECYT 2009 enpecyt2009_descripcion_archivos.xlsx
OK 3873512 ED 2020 divorcios_base_datos_2020_dbf.zip
OK 5562511 ED 2021 divorcios_base_datos_2021_dbf.zip
OK 5502023 ED 2024 divorcios_base_datos_2024_dbf.zip
OK 617009 ENASEM 2024 enasem_2024_fd.xlsx
OK 23079080 ENASEM 2024 enasem_2024_diagramas_flujo.pdf
OK 65996 ENASEM 2024 enasem_2024_variables.xlsx
OK 12617168 NUPCIALIDAD 1993 matrimonios_base_datos_1993_1994_dbf.zip
OK 22434928 NUPCIALIDAD 2010 divorcios_base_datos_2010_2014_dbf.zip
OK 28597409 NUPCIALIDAD 2015 divorcios_base_datos_2015_2019_dbf.zip
OK 4605 CE 1999 ce1999_csv.zip
OK 762 CE 2019 CE2019_csv.zip
OK 411148 ENCO 2021 enco_ampliado_2021_septiembre_dbf.zip
OK 412636 ENCO 2021 enco_ampliado_2021_agosto_dbf.zip
OK 411894 ENCO 2021 enco_ampliado_2021_julio_dbf.zip
OK 418524 ENCO 2021 enco_ampliado_2021_junio_dbf.zip
OK 412904 ENCO 2021 enco_ampliado_2021_mayo_dbf.zip
OK 414675 ENCO 2021 enco_ampliado_2021_abril_dbf.zip
OK 408428 ENCO 2021 enco_ampliado_2021_octubre_dbf.zip
OK 1925428 ENCO 2021 enco_2021_dbf.zip
OK 369226 ENCO 2021 enco_ampliado_2021_noviembre_dbf.zip
OK 371685 ENCO 2021 enco_ampliado_2021_diciembre_dbf.zip
OK 1928831 ENCO 2022 enco_2022_dbf.zip
OK 2143621 ENCO 2023 enco_2023_dbf.zip
OK 293438 CNGMD 2012 Estruct_aytto_cngmd2013_dbf.zip
OK 971013 CNGMD 2012 Com_ini_aytto_cngmd2013_dbf.zip
OK 900856 CNGMD 2012 estructura_organizacional_cngmd2013_dbf.zip
OK 7890243 CNGMD 2012 recursos_cngmd2013_dbf.zip
OK 2313237 CNGMD 2012 tys_gob_elec_cngmd2013_dbf.zip
OK 1815111 CNGMD 2012 func_esp_cngmd2013_dbf.zip
OK 844841 CNGMD 2012 transp_cont_int_anticor_cngmd2013_dbf.zip
OK 455209 CNGMD 2012 participacion_ciudadana_cngmd2013_dbf.zip
OK 805843 CNGMD 2012 marco_regulatorio_cngmd2013_dbf.zip
OK 10356970 CNGMD 2012 SP_Ejercicio_funcion_cngmd2013_dbf.zip
OK 1432299 CNGMD 2012 SP_Recursos_cngmd2013_dbf.zip
OK 463267 CNGMD 2012 SP_Infraestructura_cngmd2013_dbf.zip
OK 1087551 CNGMD 2012 JM_Ejercicio_funcion_cngmd2013_dbf.zip
OK 899308 CNGMD 2012 JM_Recursos_cngmd2013_dbf.zip
OK 458609 CNGMD 2012 JM_Infraestructura_cngmd2013_dbf.zip
OK 231375 CNGMD 2012 m5_i_Identificacion_servicio_agua_cngmd2013_dbf.zip
OK 4448304 CNGMD 2012 m5_ii_Captacion_agua_otros_recursos_cngmd2013_dbf.zip
OK 286392 CNGMD 2012 m5_iv_Administracion_Servicio_Agua_Red_publica_cngmd2013_dbf.zip
OK 259295 CNGMD 2012 m5_v_Identificacion_servicio_Alcantarillado_Vertido_cngmd2013_dbf.zip
OK 232876 CNGMD 2012 m5_vi_Identificacion_servicio_tratamiento_cngmd2013_dbf.zip
OK 163832 CNGMD 2012 m5_vii_Aguas_residuales_cngmd2013_dbf.zip
OK 230149 CNGMD 2012 m5_viii_Prog_Loc_Gestion_cngmd2013_dbf.zip
OK 173673 CNGMD 2012 m5_ix_Dif_Inform_Part_Ciudadana_cngmd2013_dbf.zip
OK 170062 CNGMD 2012 m6_i_rec_rsu_cngmd2013_dbf.zip
OK 157138 CNGMD 2012 m6_ii_trat_rsu_cngmd2013_dbf.zip
OK 207877 CNGMD 2012 m6_iii_disp_rsu_cngmd2013_dbf.zip
OK 172205 CNGMD 2012 m6_iv_est_rsu_cngmd2013_dbf.zip
OK 156553 CNGMD 2012 m6_v_prg_rsu_cngmd2013_dbf.zip
OK 5885 ENAFIN 2016 Ejem_base_ENAFIN2018_csv.zip
OK 33819258 NATALIDAD 1987 natalidad_base_datos_1987_dbf.zip
OK 33309073 NATALIDAD 1993 natalidad_base_datos_1993_dbf.zip
OK 46221514 NATALIDAD 2002 natalidad_base_datos_2002_dbf.zip
OK 37929414 NATALIDAD 2016 natalidad_base_datos_2016_dbf.zip
OK 37548051 NATALIDAD 2017 natalidad_base_datos_2017_dbf.zip
OK 2093731 ACCIDENTES 1997 atus_97_dbf.zip
OK 3582797 ACCIDENTES 2004 atus_04_dbf.zip
OK 3359817 ACCIDENTES 2012 atus_12_dbf.zip
OK 3692300 BIARE 2014 biare_basico_bd_2014.zip
OK 3584325 BIARE 2019 biare_basico_bd_2019.zip
OK 171200 CNDHE 2018 Estruc_organizacional_cndhe2019_dbf.zip
OK 195243 CNDHE 2018 Recursos_humanos_cndhe2019_dbf.zip
OK 118845 CNDHE 2018 Recursos_presupuestal_cndhe2019_dbf.zip
OK 122665 CNDHE 2018 Recursos_materiales_cndhe2019_dbf.zip
OK 216617 CNDHE 2018 Capacitac_difusion_DH_cndhe2019_dbf.zip
OK 135784 CNDHE 2018 Funciones_especificas_cndhe2019_dbf.zip
OK 142661 CNDHE 2018 Transparencia_cndhe2019_dbf.zip
OK 219089 CNDHE 2018 Contr_inter_anticorru_cndhe2019_dbf.zip
OK 112377 CNDHE 2018 Participacion_ciudada_cndhe2019_dbf.zip
OK 110302 CNDHE 2018 Marco_regulatorio_cndhe2019_dbf.zip
OK 111812 CNDHE 2018 Asocia_intergubername_cndhe2019_dbf.zip
OK 130989 CNDHE 2018 Admon_archivo_gestion_cndhe2019_dbf.zip
OK 135369 CNDHE 2018 Solicitudes_queja_cndhe2019_dbf.zip
OK 144588 CNDHE 2018 Ingresos_cndhe2019_dbf.zip
OK 779053 CNDHE 2018 Expedientes_queja_cndhe2019_dbf.zip
OK 278600 CNDHE 2018 Conclusiones_cndhe2019_dbf.zip
OK 251180 CNDHE 2018 Existencia_cierreanio_cndhe2019_dbf.zip
OK 138228 CNDHE 2018 Seguimiento_cndhe2019_dbf.zip
OK 108335 CNDHE 2018 Presuntos_hec_violato_cndhe2019_dbf.zip
OK 109828 CNDHE 2018 Atencion_inmediata_cndhe2019_dbf.zip
OK 217997 CNDHF 2018 Estruc_organizacional_cndhf2018_dbf.zip
OK 164884 CNDHF 2018 Recursos_humanos_cndhf2018_dbf.zip
OK 104735 CNDHF 2018 Recursos_presupuestal_cndhf2018_dbf.zip
OK 111126 CNDHF 2018 Recursos_materiales_cndhf2018_dbf.zip
OK 203822 CNDHF 2018 Capacitac_difusion_DH_cndhf2018_dbf.zip
OK 113676 CNDHF 2018 Gobierno_electronico_cndhf2018_dbf.zip
OK 109780 CNDHF 2018 Funciones_especificas_cndhf2018_dbf.zip
OK 171686 CNDHF 2018 Transparencia_cndhf2018_dbf.zip
OK 157255 CNDHF 2018 Contr_inter_anticorru_cndhf2018_dbf.zip
OK 101871 CNDHF 2018 Participacion_ciudada_cndhf2018_dbf.zip
OK 97690 CNDHF 2018 Marco_regulatorio_cndhf2018_dbf.zip
OK 99077 CNDHF 2018 Asocia_intergubername_cndhf2018_dbf.zip
OK 134307 CNDHF 2018 Admon_archivo_gestion_cndhf2018_dbf.zip
OK 118771 CNDHF 2018 Solicitudes_queja_cndhf2018_dbf.zip
OK 121168 CNDHF 2018 Ingresos_cndhf2018_dbf.zip
OK 326770 CNDHF 2018 Expedientes_queja_cndhf2018_dbf.zip
OK 245916 CNDHF 2018 Conclusiones_cndhf2018_dbf.zip
OK 231053 CNDHF 2018 Existencia_cierreanio_cndhf2018_dbf.zip
OK 125534 CNDHF 2018 Seguimiento_cndhf2018_dbf.zip
OK 99572 CNDHF 2018 Presuntos_hec_violato_cndhf2018_dbf.zip
OK 96820 CNDHF 2018 Atenci_inmediata_fun_cndhf2018_dbf.zip
OK 137205 CNDHF 2018 Estruc_organizacional_cndhf2019_dbf.zip
OK 154691 CNDHF 2018 Recursos_humanos_cndhf2019_dbf.zip
OK 96774 CNDHF 2018 Recursos_presupuestal_cndhf2019_dbf.zip
OK 101827 CNDHF 2018 Recursos_materiales_cndhf2019_dbf.zip
OK 207728 CNDHF 2018 Capacitac_difusion_DH_cndhf2019_dbf.zip
OK 113991 CNDHF 2018 Funciones_especificas_cndhf2019_dbf.zip
OK 120936 CNDHF 2018 Transparencia_cndhf2019_dbf.zip
OK 203634 CNDHF 2018 Contr_inter_anticorru_cndhf2019_dbf.zip
OK 90440 CNDHF 2018 Participacion_ciudada_cndhf2019_dbf.zip
OK 89030 CNDHF 2018 Marco_regulatorio_cndhf2019_dbf.zip
OK 90984 CNDHF 2018 Asocia_intergubername_cndhf2019_dbf.zip
OK 106355 CNDHF 2018 Admon_archivo_gestion_cndhf2019_dbf.zip
OK 110170 CNDHF 2018 Solicitudes_queja_cndhf2019_dbf.zip
OK 118298 CNDHF 2018 Ingresos_cndhf2019_dbf.zip
OK 308888 CNDHF 2018 Expedientes_queja_cndhf2019_dbf.zip
OK 241664 CNDHF 2018 Conclusiones_cndhf2019_dbf.zip
OK 225482 CNDHF 2018 Existencia_cierreanio_cndhf2019_dbf.zip
OK 128378 CNDHF 2018 Seguimiento_cndhf2019_dbf.zip
OK 89821 CNDHF 2018 Presuntos_hec_violato_cndhf2019_dbf.zip
OK 87663 CNDHF 2018 Atenci_inmediata_fun_cndhf2019_dbf.zip
OK 311526 CNGSPSPE 2013 Infraest_recursos_pob_reclusa_cngspspe2014_dbf.zip
OK 257078 CNGSPSPE 2013 Infraest_recursos_adolesc_cngspspe2014_dbf.zip
OK 231896 CNGSPSPE 2013 AP_Estructura_Org_cngspspe2014_dbf.zip
OK 489800 CNGSPSPE 2013 AP_Recursos_cngspspe2014_dbf.zip
OK 212868 CNGSPSPE 2013 AP_Tramites_cngspspe2014_dbf.zip
OK 333076 CNGSPSPE 2013 AP_Funciones_cngspspe2014_dbf.zip
OK 212984 CNGSPSPE 2013 AP_Transparencia_cngspspe2014_dbf.zip
OK 127645 CNGSPSPE 2013 AP_Participacion_cngspspe2014_dbf.zip
OK 149475 CNGSPSPE 2013 AP_Marco_cngspspe2014_dbf.zip
OK 695662 CNGSPSPE 2013 SP_Ejercicio_cngspspe2014_dbf.zip
OK 274081 CNGSPSPE 2013 SP_Recursos_cngspspe2014_dbf.zip
OK 249035 CNGSPSPE 2013 SP_Infraestructura_cngspspe2014_dbf.zip
OK 250033 CNGSPSPE 2013 SP_Mando_unico_pol_cngspspe2014_dbf.zip
OK 560462 CNGSPSPE 2013 Poblacion_penitenciaria_cngspspe2014_dbf.zip
OK 454033 CNGSPSPE 2013 Adolescentes_en_tratamiento_cngspspe2014_dbf.zip
OK 133611 CNGSPSPE 2013 Ejercicio_funcion_cngspspe2014_dbf.zip
OK 120308 CNGSPSPE 2013 Rec_Hum_cngspspe2014_dbf.zip
OK 117445 CNGSPSPE 2013 Infraestructura_cngspspe2014_dbf.zip
OK 377023 CNGSPSPE 2016 Estruc_org_centros_cngspspe2017_dbf.zip
OK 293402 CNGSPSPE 2016 Est_org_centro_ado_cngspspe2017_dbf.zip
OK 753725 CNGSPSPE 2016 Estructura_rechuma_cngspspe2017_dbf.zip
OK 383355 CNGSPSPE 2016 Recursos_presupues_cngspspe2017_dbf.zip
OK 675781 CNGSPSPE 2016 Recursos_mater_cngspspe2017_dbf.zip
OK 417476 CNGSPSPE 2016 Gob_elec_cngspspe2017_dbf.zip
OK 352746 CNGSPSPE 2016 Planeacion_eval_cngspspe2017_dbf.zip
OK 309810 CNGSPSPE 2016 Act_estadist_geo_cngspspe2017_dbf.zip
OK 370019 CNGSPSPE 2016 Tramite_serv_cngspspe2017_dbf.zip
OK 576825 CNGSPSPE 2016 Proteccion_civil_cngspspe2017_dbf.zip
OK 356067 CNGSPSPE 2016 Transparencia_cngspspe2017_dbf.zip
OK 354095 CNGSPSPE 2016 Solacce_infpubprot_cngspspe2017_dbf.zip
OK 309828 CNGSPSPE 2016 Capac_infpubprot_cngspspe2017_dbf.zip
OK 276791 CNGSPSPE 2016 Rec_pres_transpa_cngspspe2017_dbf.zip
OK 367029 CNGSPSPE 2016 admon_arch_gestdoc_cngspspe2017_dbf.zip
OK 883090 CNGSPSPE 2016 Rec_plan_admongest_cngspspe2017_dbf.zip
OK 427576 CNGSPSPE 2016 Sist_arch_doc_elec_cngspspe2017_dbf.zip
OK 476414 CNGSPSPE 2016 Ctrl_inter_anticor_cngspspe2017_dbf.zip
OK 339253 CNGSPSPE 2016 Particip_ciudadana_cngspspe2017_dbf.zip
OK 441691 CNGSPSPE 2016 Marco_regulatorio_cngspspe2017_dbf.zip
OK 487548 CNGSPSPE 2016 Defensoria_pubofic_cngspspe2017_dbf.zip
OK 469704 CNGSPSPE 2016 Recursos_defenso_cngspspe2017_dbf.zip
OK 286346 CNGSPSPE 2016 Capacita_defenso_cngspspe2017_dbf.zip
OK 494856 CNGSPSPE 2016 Serv_periciales_cngspspe2017_dbf.zip
OK 481292 CNGSPSPE 2016 Recursos_servperic_cngspspe2017_dbf.zip
OK 342994 CNGSPSPE 2016 Centros_mujeres_cngspspe2017_dbf.zip
OK 406250 CNGSPSPE 2016 Recursos_centrmuje_cngspspe2017_dbf.zip
OK 463378 CNGSPSPE 2016 Ejerfunc_centrmuje_cngspspe2017_dbf.zip
OK 386505 CNGSPSPE 2016 Victimas_centrmuje_cngspspe2017_dbf.zip
OK 219045 CNGSPSPE 2016 Estructur_organiza_cngspspe2017_dbf.zip
OK 202378 CNGSPSPE 2016 Recursos_humanos_cngspspe2017_dbf.zip
OK 218404 CNGSPSPE 2016 Marco_nomatividad_cngspspe2017_dbf.zip
OK 254824 CNGSPSPE 2016 Pmc_tecnologias_cngspspe2017_dbf.zip
OK 303464 CNGSPSPE 2016 Padron_cartografia_cngspspe2017_dbf.zip
OK 253049 CNGSPSPE 2016 Inspec_impuesto_cngspspe2017_dbf.zip
OK 451834 CNGSPSPE 2016 Rec_hum_pre_segpub_cngspspe2017_dbf.zip
OK 629986 CNGSPSPE 2016 Infra_infes_segpub_cngspspe2017_dbf.zip
OK 3011116 CNGSPSPE 2016 InterPrInfraDelVic_cngspspe2017_dbf.zip
OK 399379 CNGSPSPE 2016 ProbInfra_Resp_MUP_cngspspe2017_dbf.zip
OK 296293 CNGSPSPE 2016 Ejercicio_func_esp_cngspspe2017_dbf.zip
OK 624038 CNGSPSPE 2016 Ingresos_centro_pe_cngspspe2017_dbf.zip
OK 528709 CNGSPSPE 2016 Egresos_centro_pe_cngspspe2017_dbf.zip
OK 673423 CNGSPSPE 2016 Personas_centro_pe_cngspspe2017_dbf.zip
OK 470819 CNGSPSPE 2016 Ejerc_func_seg_pub_cngspspe2017_dbf.zip
OK 524312 CNGSPSPE 2016 Ingreso_centro_ado_cngspspe2017_dbf.zip
OK 446506 CNGSPSPE 2016 Egresos_centro_ado_cngspspe2017_dbf.zip
OK 563604 CNGSPSPE 2016 Adolesc_centro_ado_cngspspe2017_dbf.zip
OK 414739 CNGSPSPE 2016 Ejerfun_centro_ado_cngspspe2017_dbf.zip
OK 550595 CNGSPSPE 2016 Adolesce_trata_ext_cngspspe2017_dbf.zip
OK 276513 CNGSPSPE 2016 Infraestructura_cngspspe2017_dbf.zip
OK 236334 CNGSPSPE 2016 Proce_admin_inicia_cngspspe2017_dbf.zip
OK 229943 CNGSPSPE 2016 Proce_admin_determ_cngspspe2017_dbf.zip
OK 584648 CNGSPSPE 2016 Medio_amb_cngspspe2017_dbf.zip
OK 494737 CNIJE 2010 organos_jurisdiccionales_cnije2011_dbf.zip
OK 401176 CNIJE 2010 organos_administrativos_cnije2011_dbf.zip
OK 262120 CNIJE 2010 ejercicio_de_funciones_especificas_cnije2011_dbf.zip
OK 322449 CNIJE 2010 transparencia_y_acceso_a_la_informacion_cnije2011_dbf.zip
OK 356558 CNIJE 2010 tramites_y_servicio_y_gobierno_electronico_cnije2011_dbf.zip
OK 338478 CNIJE 2010 marco_regulatorio_cnije2011_dbf.zip
OK 661497 CNIJE 2010 imparticion_de_justicia_en_materia_penal_cnije2011_dbf.zip
OK 400104 CNIJE 2010 justicia_para_adolescentes_cnije2011_dbf.zip
OK 367871 CNIJE 2010 justicia_alternativa_cnije2011_dbf.zip
OK 170045 CNIJF 2010-2012 Estructura_organizacional_cnijf2011_2013_dbf.zip
OK 195764 CNIJF 2010-2012 Rec_hum_cnijf2011_2013_dbf.zip
OK 170408 CNIJF 2010-2012 Rec_mat_cnijf2011_2013_dbf.zip
OK 146538 CNIJF 2010-2012 Rec_pres_cnijf2011_2013_dbf.zip
OK 211226 CNIJF 2010-2012 Func_esp_cnijf2011_2013_dbf.zip
OK 210248 CNIJF 2010-2012 Transp_anticor_cnijf2011_2013_dbf.zip
OK 167892 CNIJF 2010-2012 TyS_gob_elec_cnijf2011_2013_dbf.zip
OK 169242 CNIJF 2010-2012 Imp_jus_fed_todas_mat_scjn_cnijf2011_2013_dbf.zip
OK 169668 CNIJF 2010-2012 Imp_jus_fed_mat_elec_cnijf2011_2013_dbf.zip
OK 152684 CNIJF 2010-2012 Imp_jus_fed_todas_mat_cjf_cnijf2011_2013_dbf.zip
OK 257901 CNIJF 2010-2012 Asuntos_juris_cnijf2011_2013_dbf.zip
OK 247466 CNIJF 2010-2012 Imp_jus_fed_mat_penal_cjf_cnijf2011_2013_dbf.zip
OK 274984 CNIJF 2015 Estructura_organizacional_cnijf2016_dbf.zip
OK 288446 CNIJF 2015 Rec_hum_cnijf2016_dbf.zip
OK 266705 CNIJF 2015 Rec_mat_cnijf2016_dbf.zip
OK 233782 CNIJF 2015 Rec_pres_cnijf2016_dbf.zip
OK 334565 CNIJF 2015 Func_esp_cnijf2016_dbf.zip
OK 315276 CNIJF 2015 Transp_anticor_cnijf2016_dbf.zip
OK 260260 CNIJF 2015 TyS_gob_elec_cnijf2016_dbf.zip
OK 229214 CNIJF 2015 Marco_regulatorio_cnijf2016_dbf.zip
OK 313938 CNIJF 2015 Inst_fed_defensoria_pub_cnijf2016_dbf.zip
OK 261748 CNIJF 2015 Imp_jus_fed_todas_mat_scjn_cnijf2016_dbf.zip
OK 282883 CNIJF 2015 Imp_jus_fed_mat_elec_cnijf2016_dbf.zip
OK 241880 CNIJF 2015 Imp_jus_fed_todas_mat_cjf_cnijf2016_dbf.zip
OK 345460 CNIJF 2015 Asuntos_juris_cnijf2016_dbf.zip
OK 458482 CNIJF 2015 Imp_jus_fed_mat_penal_cjf_cnijf2016_dbf.zip
OK 950477 CNPJE 2010 ejercicio_cnpje2011_dbf.zip
OK 472688 CNPJE 2010 estructura_cnpje2011_dbf.zip
OK 335072 CNPJE 2010 agencias_mp_cnpje2011_dbf.zip
OK 321042 CNPJE 2010 funciones_esp_cnpje2011_dbf.zip
OK 380629 CNPJE 2010 transparencia_cnpje2011_dbf.zip
OK 300611 CNPJE 2010 tramites_cnpje2011_dbf.zip
OK 263242 CNPJE 2010 marco_reg_cnpje2011_dbf.zip
OK 335844 CNPJE 2011 estructura_organizacional_cnpje2012_dbf.zip
OK 371653 CNPJE 2011 recursos_humanos_y_materiales_cnpje2012_dbf.zip
OK 431099 CNPJE 2011 agencias_ministerio_publico_cnpje2012_dbf.zip
OK 283520 CNPJE 2011 infraestructura_cnpje2012_dbf.zip
OK 238712 CNPJE 2011 ejercicio_de_funciones_especificas_cnpje2012_dbf.zip
OK 227191 CNPJE 2011 implementacion_del_sistema_acusatorio_oral_cnpje2012_dbf.zip
