pendientes: 415
RECHAZO ZIP-ROTO(BadZipFile) https://www.coneval.org.mx/Medicion/MP/Documents/Programas_calculo_pobreza_MMP_18/STATA_MMP_2018.zip
OK 8308097 ENE 1999 ene_1999_dbf.zip
OK 7693806 ENSU 2021 ensu_fd_2021_pdf.zip
OK 11004900 ENSU 2021 ensu_bd_2021_csv.zip
OK 27503 ENDIREH 2003 fd_endireh2003.pdf
OK 16443102 DUTIH 2018 dutih2018_bd_dbf.zip
OK 440578 DUTIH 2018 dutih2018_fd.xlsx
OK 1969912 ENVIPE 2020 fd_envipe2020.pdf
OK 2980669 ENVIPE 2023 fd_envipe2023.pdf
OK 2284580 ENVIPE 2025 fd_envipe2025.pdf
OK 60459601 EDR 2000 defunciones_generales_base_datos_2000_2004_dbf.zip
OK 32344612 EDR 2020 defunciones_base_datos_2020_dbf.zip
OK 31541304 EMAT 1995 matrimonios_base_datos_1995_1999_dbf.zip
OK 619984 ENADIS 2017 enadis17_nota_tecnica.pdf
OK 16568600 ENADIS 2017 enadis17_bd_sav.zip
OK 219466 ENADIS 2017 enadis17_fd.xlsx
OK 10809633 MORTALIDAD 2005 defunciones_fetales_base_datos_2005_2009_dbf.zip
OK 72856934 MORTALIDAD 2005 defunciones_generales_base_datos_2005_2009_dbf.zip
OK 2116934 ENCIG 2017 encig17_estructura_base_datos.pdf
OK 743890 CNGMD 2016 Integrantes_ayuntami_cngmd2017_dbf.zip
OK 525612 CNGMD 2016 Actividad_ayuntami_cngmd2017_dbf.zip
OK 1105708 CNGMD 2016 Recursos_SP_cngmd2017_dbf.zip
OK 964848 CNGMD 2016 Infraestructura_SP_cngmd2017_dbf.zip
OK 335728 CNGMD 2016 Infoestadistica_SP_cngmd2017_dbf.zip
OK 282698 CNGMD 2016 Interven_policiamun_cngmd2017_dbf.zip
OK 2644573 CNGMD 2016 Presunta_infracdelito_cngmd2017_dbf.zip
OK 2560315 CNGMD 2016 Probable_victima_reg_cngmd2017_dbf.zip
OK 3315606 CNGMD 2016 Probable_infractor_cngmd2017_dbf.zip
OK 292035 CNGMD 2016 Mando_unico_policial_cngmd2017_dbf.zip
OK 270873 CNGMD 2016 Ejercicio_func_espec_cngmd2017_dbf.zip
OK 543873 CNGMD 2016 Recursos_humanos_cngmd2017_dbf.zip
OK 465875 CNGMD 2016 Infraestructura_cngmd2017_dbf.zip
OK 4976735 CNGMD 2016 Ejercicio_funcion_cngmd2017_dbf.zip
OK 825259 CNGMD 2016 Tramites_servicios_cngmd2017_dbf.zip
OK 2254782 CNGMD 2016 Proteccion_civil_cngmd2017_dbf.zip
OK 1049977 CNGMD 2016 Ctrl_inter_anticor_cngmd2017_dbf.zip
OK 1100931 CNGMD 2016 Participacion_ciudada_cngmd2017_dbf.zip
OK 1142883 CNGMD 2016 Marco_regulatorio_cngmd2017_dbf.zip
OK 921631 CNGMD 2016 Rec_presupuestal_cngmd2017_dbf.zip
OK 2229760 CNGMD 2016 Rec_materiales_cngmd2017_dbf.zip
OK 1425153 CNGMD 2016 Gobierno_electronico_cngmd2017_dbf.zip
OK 588946 CNGMD 2016 Planea_evaluacion_cngmd2017_dbf.zip
OK 294359 CNGMD 2016 Activ_estadist_geogra_cngmd2017_dbf.zip
OK 3517703 CNGMD 2016 Estruc_organizacional_cngmd2017_dbf.zip
OK 839712 CNGMD 2016 Transparencia_cngmd2017_dbf.zip
OK 411977 CNGMD 2016 Solic_acceso_protecc_cngmd2017_dbf.zip
OK 457351 CNGMD 2016 Capac_trans_accprot_cngmd2017_dbf.zip
OK 245404 CNGMD 2016 Recpresu_trans_accpro_cngmd2017_dbf.zip
OK 472315 CNGMD 2016 Admon_archivo_gestion_cngmd2017_dbf.zip
OK 630989 CNGMD 2016 Rec_admon_gestiondoc_cngmd2017_dbf.zip
OK 361578 CNGMD 2016 Capac_admon_gestion_cngmd2017_dbf.zip
OK 289377 CNGMD 2016 Recpres_admon_gestion_cngmd2017_dbf.zip
OK 564382 CNGMD 2016 Planea_admon_gestion_cngmd2017_dbf.zip
OK 290849 CNGMD 2016 Sist_instituc_archivo_cngmd2017_dbf.zip
OK 628509 CNGMD 2016 Documento_electronico_cngmd2017_dbf.zip
OK 248572 CNGMD 2016 Sist_gestion_control_cngmd2017_dbf.zip
OK 910989 CNGMD 2016 Servicios_publicos_cngmd2017_dbf.zip
OK 549060 CNGMD 2016 Admin_pub_territorio_cngmd2017_dbf.zip
OK 284505 CNGMD 2016 Marco_regulatorio_ter_cngmd2017_dbf.zip
OK 337072 CNGMD 2016 Reserv_territoriales_cngmd2017_dbf.zip
OK 328395 CNGMD 2016 Asent_human_irregu_cngmd2017_dbf.zip
OK 265763 CNGMD 2016 Asen_hum_zona_riesg_cngmd2017_dbf.zip
OK 228734 CNGMD 2016 Desarr_urbano_ecc_cngmd2017_dbf.zip
OK 376028 CNGMD 2016 Coordininst_intercinf_cngmd2017_dbf.zip
OK 356231 CNGMD 2016 Serv_agua_red_cngmd2017_dbf.zip
OK 381023 CNGMD 2016 Capta_agua_public_cngmd2017_dbf.zip
OK 201095 CNGMD 2016 Plantas_pot_cngmd2017_dbf.zip
OK 526805 CNGMD 2016 Admin_agua_red_cngmd2017_dbf.zip
OK 176922 CNGMD 2016 Drenaje_alcant_cngmd2017_dbf.zip
OK 362738 CNGMD 2016 Trat_aguas_resid_cngmd2017_dbf.zip
OK 169128 CNGMD 2016 Aguas_sintrat_cngmd2017_dbf.zip
OK 171460 CNGMD 2016 Prog_gest_aguapot_cngmd2017_dbf.zip
OK 240246 CNGMD 2016 Difus_gest_agua_cngmd2017_dbf.zip
OK 1489744 CNGMD 2016 Rec_RSU_cngmd2017_dbf.zip
OK 652407 CNGMD 2016 Trat_RSU_cngmd2017_dbf.zip
OK 1245668 CNGMD 2016 Disp_final_RSU_cngmd2017_dbf.zip
OK 651639 CNGMD 2016 Est_gen_comp_RSU_cngmd2017_dbf.zip
OK 604825 CNGMD 2016 Prog_gest_int_RSU_cngmd2017_dbf.zip
OK 603548 CNGMD 2016 Part_ciud_RSU_cngmd2017_dbf.zip
OK 358836 CNGMD 2016 Estruc_organ_catastro_cngmd2017_dbf.zip
OK 293063 CNGMD 2016 Capacitacion_catastro_cngmd2017_dbf.zip
OK 251549 CNGMD 2016 Prog_moderni_catastral_cngmd207_dbf.zip
OK 268630 CNGMD 2016 Tecno_infor_catastral_cngmd2017_dbf.zip
OK 255144 CNGMD 2016 Resguar_inf_catastral_cngmd2017_dbf.zip
OK 436350 CNGMD 2016 Procesos_catastrales_cngmd2017_dbf.zip
OK 499688 CNGMD 2016 Padron_catastral_cngmd2017_dbf.zip
OK 337609 CNGMD 2016 Cartografia_catastral_cngmd2017_dbf.zip
OK 266104 CNGMD 2016 Inspecciones_campo_cngmd2017_dbf.zip
OK 270272 CNGMD 2016 Impuesto_predial_cngmd2017_dbf.zip
OK 291060 CNGMD 2016 Valuacion_catastral_cngmd2017_dbf.zip
OK 358671 CNGMD 2016 Vinculacion_catastral_cngmd2017_dbf.zip
OK 647707 CNGMD 2019 serv_agua_cngmd2019_dbf.zip
OK 1345693 CNGMD 2019 capta_agua_cngmd2019_dbf.zip
OK 360341 CNGMD 2019 plantas_pot_cngmd2019_dbf.zip
OK 745932 CNGMD 2019 admin_agua_cngmd2019_dbf.zip
OK 425091 CNGMD 2019 drenaje_alcant_cngmd2019_dbf.zip
OK 572909 CNGMD 2019 trat_aguas_resid_cngmd2019_dbf.zip
OK 385904 CNGMD 2019 aguas_sintrat_cngmd2019_dbf.zip
OK 302151 CNGMD 2019 prog_gest_agua_cngmd2019_dbf.zip
OK 439884 CNGMD 2019 difus_gest_agua_cngmd2019_dbf.zip
OK 1611379 CNGMD 2019 rec_rsu_cngmd2019_dbf.zip
OK 334153 CNGMD 2019 trat_rsu_cngmd2019_dbf.zip
OK 1680611 CNGMD 2019 disp_final_rsu_cngmd2019_dbf.zip
OK 340911 CNGMD 2019 est_gen_comp_rsu_cngmd2019_dbf.zip
OK 304482 CNGMD 2019 prog_gest_int_rsu_cngmd2019_dbf.zip
OK 303238 CNGMD 2019 part_ciud_rsu_cngmd2019_dbf.zip
OK 4797647 ENSI 2004 ensi_05_dbf.zip
OK 26652 ENSI 2004 fd_ensi_05.pdf
OK 2022566 ENVIN 2007 envin_07_dbf.zip
OK 241664 ENVIN 2007 fd_envin07.xls
OK 31295231 NATALIDAD 1988 natalidad_base_datos_1988_dbf.zip
OK 32279243 NATALIDAD 1990 natalidad_base_datos_1990_dbf.zip
OK 32536637 NATALIDAD 1992 natalidad_base_datos_1992_dbf.zip
OK 37738379 NATALIDAD 1998 natalidad_base_datos_1998_dbf.zip
OK 40336674 NATALIDAD 2001 natalidad_base_datos_2001_dbf.zip
OK 43824316 NATALIDAD 2018 natalidad_base_datos_2018_dbf.zip
OK 34476377 NATALIDAD 2023 natalidad_base_datos_2023_dbf.zip
OK 3239762 ACCIDENTES 2002 atus_02_dbf.zip
OK 3787733 ACCIDENTES 2006 atus_06_dbf.zip
OK 4418405 ACCIDENTES 2009 atus_09_dbf.zip
OK 3613788 ACCIDENTES 2016 atus_16_dbf.zip
OK 176022 CNPJ 2015 Estruc_organizacional_cnpjf2016_dbf.zip
OK 349401 CNPJ 2015 Recursos_cnpjf2016_dbf.zip
OK 321109 CNPJ 2015 Agencias_MPF_cnpjf2016_dbf.zip
OK 221241 CNPJ 2015 Infraestructura_cnpjf2016_dbf.zip
OK 210266 CNPJ 2015 Func_esp_cnpjf2016_dbf.zip
OK 343596 CNPJ 2015 Serv_periciales_cnpjf2016_dbf.zip
OK 321746 CNPJ 2015 Rechum_serv_pericial_cnpjf2016_dbf.zip
OK 148772 CNPJ 2015 Ejerc_funcion_PJ_cnpjf2016_dbf.zip
OK 223459 CNPJ 2015 Denuncias_querellas_cnpjf2016_dbf.zip
OK 169037 CNPJ 2015 Actas_circuntanciadas_cnpjf2016_dbf.zip
OK 210196 CNPJ 2015 Exis_inicio_anio_cnpjf2016_dbf.zip
OK 548938 CNPJ 2015 Ingresos_aperturas_cnpjf2016_dbf.zip
OK 187628 CNPJ 2015 Reingresos_cnpjf2016_dbf.zip
OK 267784 CNPJ 2015 Conclus_durante_anio_cnpjf2016_dbf.zip
OK 206763 CNPJ 2015 Cierre_durante_anio_cnpjf2016_dbf.zip
OK 248056 CNPJ 2015 Exis_cierre_anio_cnpjf2016_dbf.zip
OK 225361 CNPJ 2015 Reasignaciones_cnpjf2016_dbf.zip
OK 299548 CNPJ 2015 Ordenes_aprehension_cnpjf2016_dbf.zip
OK 277167 CNPJ 2015 Comb_ctrl_delsalud_cnpjf2016_dbf.zip
OK 351167 CNPJ 2018 Estruc_organizacional_cnpjf2019_dbf.zip
OK 426209 CNPJ 2018 Recursos_cnpjf2019_dbf.zip
OK 432929 CNPJ 2018 Agencias_MPF_cnpjf2019_dbf.zip
OK 357669 CNPJ 2018 Infraestructura_cnpjf2019_dbf.zip
OK 375218 CNPJ 2018 Func_esp_cnpjf2019_dbf.zip
OK 404143 CNPJ 2018 Serv_periciales_cnpjf2019_dbf.zip
OK 420588 CNPJ 2018 Rechum_serv_pericial_cnpjf2019_dbf.zip
OK 540521 CNPJ 2018 Sistema_tradicional_cnpjf2019_dbf.zip
OK 381825 CNPJ 2018 Vict_reg_aveprevinic_cnpjf2019_dbf.zip
OK 399967 CNPJ 2018 Incul_reg_aveprevinic_cnpjf2019_dbf.zip
OK 370990 CNPJ 2018 Orden_aprehe_registra_cnpjf2019_dbf.zip
OK 499515 CNPJ 2018 Inic_etap_inv_Sist_PA_cnpjf2019_dbf.zip
OK 381825 CNPJ 2018 Vict_reg_carpeabierta_cnpjf2019_dbf.zip
OK 403036 CNPJ 2018 Imput_reg_carpeabiert_cnpjf2019_dbf.zip
OK 388565 CNPJ 2018 Cierre_etapa_inveinic_cnpjf2019_dbf.zip
OK 344423 CNPJ 2018 Etap_inv_comp_Sist_PA_cnpjf2019_dbf.zip
OK 385278 CNPJ 2018 Cierre_etapa_invecomp_cnpjf2019_dbf.zip
OK 339258 CNPJ 2018 Reingreso_Sistema_PA_cnpjf2019_dbf.zip
OK 350928 CNPJ 2018 Reasignacion_Sist_PA_cnpjf2019_dbf.zip
OK 420094 CNPJ 2018 Carpeta_inv_pendiente_cnpjf2019_dbf.zip
OK 349685 CNPJ 2018 Med_cautelar_protec_cnpjf2019_dbf.zip
OK 387198 CNPJ 2018 Ordenes_apreh_Sist_PA_cnpjf2019_dbf.zip
OK 396284 CNPJ 2018 Combate_control_delit_cnpjf2019_dbf.zip
OK 399579 CNPJ 2018 Aseguramiento_armas_cnpjf2019_dbf.zip
OK 344934 CNPJ 2018 Recursos_humanos_cnpjf2019_dbf.zip
OK 331955 CNPJ 2018 Recurso_presupuestal_cnpjf2019_dbf.zip
OK 351082 CNPJ 2018 Recursos_materiales_cnpjf2019_dbf.zip
OK 297377 CNPJ 2018 Expl_mec_alter_penal_cnpjf2019_dbf.zip
OK 336730 CNPJ 2018 Solicitud_recib_anio_cnpjf2019_dbf.zip
OK 360498 CNPJ 2018 Expediente_abierto_cnpjf2019_dbf.zip
OK 424568 CNPJ 2018 Solic_regis_expabiert_cnpjf2019_dbf.zip
OK 367743 CNPJ 2018 Reque_regis_expabiert_cnpjf2019_dbf.zip
OK 393133 CNPJ 2018 Expediente_concluido_cnpjf2019_dbf.zip
OK 407451 CNPJ 2018 Segui_cumpli_acuerdo_cnpjf2019_dbf.zip
OK 366471 CNPJ 2018 Expe_tramit_solic_int_cnpjf2019_dbf.zip
OK 354327 CNTAIPPDPE 2015 Estruc_organizac_cntaippdpe2016_dbf.zip
OK 363497 CNTAIPPDPE 2015 Recursos_humanos_cntaippdpe2016_dbf.zip
OK 241229 CNTAIPPDPE 2015 Rec_presupuestal_cntaippdpe2016_dbf.zip
OK 254657 CNTAIPPDPE 2015 Rec_materiales_cntaippdpe2016_dbf.zip
OK 311691 CNTAIPPDPE 2015 Gobierno_electro_cntaippdpe2016_dbf.zip
OK 332831 CNTAIPPDPE 2015 Ejer_funcion_esp_cntaippdpe2016_dbf.zip
OK 482218 CNTAIPPDPE 2015 Transp_acc_prot_cntaippdpe2016_dbf.zip
OK 327352 CNTAIPPDPE 2015 Prote_datos_pers_cntaippdpe2016_dbf.zip
OK 333451 CNTAIPPDPE 2015 Organos_transp_cntaippdpe2016_dbf.zip
OK 264077 CNTAIPPDPE 2015 Clasif_informa_cntaippdpe2016_dbf.zip
OK 183516 CNTAIPPDPE 2015 Cultura_transp_cntaippdpe2016_dbf.zip
OK 333739 CNTAIPPDPE 2015 Ctrl_inter_antic_cntaippdpe2016_dbf.zip
OK 273052 CNTAIPPDPE 2015 Participa_ciudad_cntaippdpe2016_dbf.zip
OK 256395 CNTAIPPDPE 2015 Marc_regulatorio_cntaippdpe2016_dbf.zip
OK 268892 CNTAIPPDPE 2015 Asoc_interguber_cntaippdpe2016_dbf.zip
OK 479760 CNTAIPPDPE 2015 Admin_archi_gest_cntaippdpe2016_dbf.zip
OK 253597 CNTAIPPDPE 2015 Compete_materias_cntaippdpe2016_dbf.zip
OK 337754 CNTAIPPDPE 2015 Activi_capacita_cntaippdpe2016_dbf.zip
OK 456997 CNTAIPPDPE 2015 Rec_rev_acc_prot_cntaippdpe2016_dbf.zip
OK 250173 CNTAIPPDPE 2015 Rec_inconformida_cntaippdpe2016_dbf.zip
OK 278814 CNTAIPPDPE 2015 Medidas_apremio_cntaippdpe2016_dbf.zip
OK 283596 CNTAIPPDPE 2015 Sanciones_cntaippdpe2016_dbf.zip
OK 233187 CNTAIPPDPE 2015 Denuncias_actos_cntaippdpe2016_dbf.zip
OK 170891 CNTAIPPDPE 2015 Prote_dato_perso_cntaippdpe2016_dbf.zip
OK 237303 CNTAIPPDPE 2015 Cultura_materias_cntaippdpe2016_dbf.zip
OK 243888 CNTAIPPDPE 2015 Sujetos_obligado_cntaippdpe2016_dbf.zip
OK 313379 CNTAIPPDPE 2015 Organos_tran_suj_cntaippdpe2016_dbf.zip
OK 262356 CNTAIPPDPE 2015 Clasif_info_suj_cntaippdpe2016_dbf.zip
OK 826957 CNTAIPPDPE 2015 Solicit_acc_prot_cntaippdpe2016_dbf.zip
OK 281469 CNTAIPPDPE 2015 Cultura_tran_suj_cntaippdpe2016_dbf.zip
OK 308494 CNTAIPPDPE 2015 Capacitacion_suj_cntaippdpe2016_dbf.zip
OK 428116 CNTAIPPDPE 2015 Obliga_comunes_cntaippdpe2016_dbf.zip
OK 367031 CNTAIPPDPE 2015 Obliga_especifi_cntaippdpe2016_dbf.zip
OK 152904 CNTAIPPDPF 2016 Estruc_organiza_cntaippdpf2017_dbf.zip
OK 183217 CNTAIPPDPF 2016 Recursos_humanos_cntaippdpf2017_dbf.zip
OK 101268 CNTAIPPDPF 2016 Rec_presupuestal_cntaippdpf2017_dbf.zip
OK 121428 CNTAIPPDPF 2016 Rec_materiales_cntaippdpf2017_dbf.zip
OK 133229 CNTAIPPDPF 2016 Gobierno_electro_cntaippdpf2017_dbf.zip
OK 142088 CNTAIPPDPF 2016 Ejer_funcion_esp_cntaippdpf2017_dbf.zip
OK 175192 CNTAIPPDPF 2016 Transp_acc_prot_cntaippdpf2017_dbf.zip
OK 128808 CNTAIPPDPF 2016 Soli_acce_protec_cntaippdpf2017_dbf.zip
OK 174354 CNTAIPPDPF 2016 Solicitud_recibi_cntaippdpf2017_dbf.zip
OK 134740 CNTAIPPDPF 2016 Solicitud_respon_cntaippdpf2017_dbf.zip
OK 145460 CNTAIPPDPF 2016 Cost_pago_infsol_cntaippdpf2017_dbf.zip
OK 93925 CNTAIPPDPF 2016 Solicitu_tramite_cntaippdpf2017_dbf.zip
OK 144665 CNTAIPPDPF 2016 Usuario_sisinf_cntaippdpf2017_dbf.zip
OK 125477 CNTAIPPDPF 2016 Plat_nac_transp_cntaippdpf2017_dbf.zip
OK 199676 CNTAIPPDPF 2016 Prote_datos_pers_cntaippdpf2017_dbf.zip
OK 171441 CNTAIPPDPF 2016 Organos_transp_cntaippdpf2017_dbf.zip
OK 130524 CNTAIPPDPF 2016 Clasif_informa_cntaippdpf2017_dbf.zip
OK 133987 CNTAIPPDPF 2016 Cultura_transp_cntaippdpf2017_dbf.zip
OK 189937 CNTAIPPDPF 2016 Ctrl_inter_antic_cntaippdpf2017_dbf.zip
OK 139285 CNTAIPPDPF 2016 Participa_ciudad_cntaippdpf2017_dbf.zip
OK 117066 CNTAIPPDPF 2016 Marc_regulatorio_cntaippdpf2017_dbf.zip
OK 124326 CNTAIPPDPF 2016 Asoc_interguber_cntaippdpf2017_dbf.zip
OK 157832 CNTAIPPDPF 2016 Admin_archi_gest_cntaippdpf2017_dbf.zip
OK 233895 CNTAIPPDPF 2016 Rec_plan_admgest_cntaippdpf2017_dbf.zip
OK 197200 CNTAIPPDPF 2016 Sist_arc_docelec_cntaippdpf2017_dbf.zip
OK 138465 CNTAIPPDPF 2016 Compete_materias_cntaippdpf2017_dbf.zip
OK 181961 CNTAIPPDPF 2016 Activi_capacita_cntaippdpf2017_dbf.zip
OK 273966 CNTAIPPDPF 2016 Rec_rev_acc_prot_cntaippdpf2017_dbf.zip
OK 113554 CNTAIPPDPF 2016 Rec_inconformida_cntaippdpf2017_dbf.zip
OK 136222 CNTAIPPDPF 2016 Medidas_apremio_cntaippdpf2017_dbf.zip
OK 140310 CNTAIPPDPF 2016 Sanciones_cntaippdpf2017_dbf.zip
OK 94071 CNTAIPPDPF 2016 Denuncias_actos_cntaippdpf2017_dbf.zip
OK 104579 CNTAIPPDPF 2016 Prote_dato_perso_cntaippdpf2017_dbf.zip
OK 185031 CNTAIPPDPF 2016 Cultura_materias_cntaippdpf2017_dbf.zip
OK 138413 CNTAIPPDPF 2016 Sujetos_obligado_cntaippdpf2017_dbf.zip
OK 167297 CNTAIPPDPF 2016 Organos_tran_suj_cntaippdpf2017_dbf.zip
OK 111070 CNTAIPPDPF 2016 Clasif_info_suj_cntaippdpf2017_dbf.zip
OK 159967 CNTAIPPDPF 2016 Capacitacion_suj_cntaippdpf2017_dbf.zip
OK 563070 CNTAIPPDPF 2016 Obliga_comunes_cntaippdpf2017_dbf.zip
OK 391902 CNTAIPPDPF 2016 Obliga_especifi_cntaippdpf2017_dbf.zip
OK 180196 CNTAIPPDPF 2016 Solicit_acc_prot_cntaippdpf2017_dbf.zip
OK 186482 CNTAIPPDPF 2016 Solicitud_recib_cntaippdpf2017_dbf.zip
OK 355527 CNTAIPPDPF 2016 Solreci_sujeobl_cntaippdpf2017_dbf.zip
OK 203809 CNTAIPPDPF 2016 Solres_tram_pror_cntaippdpf2017_dbf.zip
OK 161142 CNTAIPPDPF 2016 Soltramite_so_cntaippdpf2017_dbf.zip
OK 124123 CNTAIPPDPF 2016 Cultura_tran_suj_cntaippdpf2017_dbf.zip
OK 137949 CNTAIPPDPF 2018 Estruc_organiza_cntaippdpf2019_dbf.zip
OK 152733 CNTAIPPDPF 2018 Recursos_humanos_cntaippdpf2019_dbf.zip
OK 92273 CNTAIPPDPF 2018 Rec_presupuestal_cntaippdpf2019_dbf.zip
OK 111530 CNTAIPPDPF 2018 Rec_materiales_cntaippdpf2019_dbf.zip
OK 127740 CNTAIPPDPF 2018 Ejer_funcion_esp_cntaippdpf2019_dbf.zip
OK 174123 CNTAIPPDPF 2018 Instrumen_ejerci_cntaippdpf2019_dbf.zip
OK 137423 CNTAIPPDPF 2018 Organos_transp_cntaippdpf2019_dbf.zip
OK 121294 CNTAIPPDPF 2018 Clasif_informa_cntaippdpf2019_dbf.zip
OK 120413 CNTAIPPDPF 2018 Cultura_transp_cntaippdpf2019_dbf.zip
OK 204899 CNTAIPPDPF 2018 Ctrl_inter_antic_cntaippdpf2019_dbf.zip
OK 95662 CNTAIPPDPF 2018 Marc_regulatorio_cntaippdpf2019_dbf.zip
OK 107836 CNTAIPPDPF 2018 Admin_archi_gest_cntaippdpf2019_dbf.zip
OK 120247 CNTAIPPDPF 2018 Compete_materias_cntaippdpf2019_dbf.zip
OK 166148 CNTAIPPDPF 2018 Promoc_transpare_cntaippdpf2019_dbf.zip
OK 181324 CNTAIPPDPF 2018 Rec_rev_acc_prot_cntaippdpf2019_dbf.zip
OK 100727 CNTAIPPDPF 2018 Med_impugnacion_cntaippdpf2019_dbf.zip
OK 132346 CNTAIPPDPF 2018 Medidas_apremio_cntaippdpf2019_dbf.zip
OK 84765 CNTAIPPDPF 2018 Denuncias_actos_cntaippdpf2019_dbf.zip
OK 121703 CNTAIPPDPF 2018 Transpa_gob_abie_cntaippdpf2019_dbf.zip
OK 102869 CNTAIPPDPF 2018 Prote_dato_perso_cntaippdpf2019_dbf.zip
OK 130674 CNTAIPPDPF 2018 Sujetos_obligado_cntaippdpf2019_dbf.zip
OK 134755 CNTAIPPDPF 2018 Organos_tran_suj_cntaippdpf2019_dbf.zip
OK 102309 CNTAIPPDPF 2018 Clasif_info_suj_cntaippdpf2019_dbf.zip
OK 588396 CNTAIPPDPF 2018 Obliga_transpare_cntaippdpf2019_dbf.zip
OK 215779 CNTAIPPDPF 2018 Solicit_acc_prot_cntaippdpf2019_dbf.zip
OK 90298 CNTAIPPDPF 2018 Transp_proactiva_cntaippdpf2019_dbf.zip
OK 954 EAC 2010 ejem_serie_eac_csv.zip
OK 5372043 EIC 2025 eic2025_micro_01_csv.zip
OK 4968695 EIC 2025 eic2025_micro_02_csv.zip
OK 2968738 EIC 2025 eic2025_micro_03_csv.zip
OK 6126056 EIC 2025 eic2025_micro_04_csv.zip
OK 12199061 EIC 2025 eic2025_micro_05_csv.zip
OK 4292996 EIC 2025 eic2025_micro_06_csv.zip
OK 53710639 EIC 2025 eic2025_micro_07_csv.zip
OK 15432373 EIC 2025 eic2025_micro_08_csv.zip
OK 14473892 EIC 2025 eic2025_micro_09_csv.zip
OK 11673611 EIC 2025 eic2025_micro_10_csv.zip
OK 23777884 EIC 2025 eic2025_micro_11_csv.zip
OK 33894075 EIC 2025 eic2025_micro_12_csv.zip
OK 31331269 EIC 2025 eic2025_micro_13_csv.zip
OK 40972981 EIC 2025 eic2025_micro_14_csv.zip
OK 69918396 EIC 2025 eic2025_micro_15_csv.zip
OK 39129539 EIC 2025 eic2025_micro_16_csv.zip
OK 15141717 EIC 2025 eic2025_micro_17_csv.zip
OK 8958390 EIC 2025 eic2025_micro_18_csv.zip
OK 17601222 EIC 2025 eic2025_micro_19_csv.zip
OK 73637776 EIC 2025 eic2025_micro_20_csv.zip
OK 62236702 EIC 2025 eic2025_micro_21_csv.zip
OK 9736176 EIC 2025 eic2025_micro_22_csv.zip
OK 5674875 EIC 2025 eic2025_micro_23_csv.zip
OK 21147983 EIC 2025 eic2025_micro_24_csv.zip
OK 10504958 EIC 2025 eic2025_micro_25_csv.zip
OK 13910947 EIC 2025 eic2025_micro_26_csv.zip
OK 10219852 EIC 2025 eic2025_micro_27_csv.zip
OK 13191480 EIC 2025 eic2025_micro_28_csv.zip
OK 18803418 EIC 2025 eic2025_micro_29_csv.zip
OK 73031066 EIC 2025 eic2025_micro_30_csv.zip
OK 22172132 EIC 2025 eic2025_micro_31_csv.zip
OK 15962227 EIC 2025 eic2025_micro_32_csv.zip
OK 762084862 EIC 2025 eic2025_micro_00_csv.zip
OK 128628 EIC 2025 eic2025_micro_fd.xlsx
OK 620471 EIC 2025 eic2025_micro_sas.pdf
OK 615263 EIC 2025 eic2025_micro_stata.pdf
OK 1372211 EIC 2025 eic2025_micro_fd_105.pdf
OK 29712028 EIC 2025 eic2025_micro_105.xlsx
OK 1984017 EIC 2025 889463931140.pdf
OK 37265 EIC 2025 889463931966_csv.zip
OK 171996 EIC 2025 889463931966.xlsx
OK 640877 EIC 2025 eic2025_micro_nvos_mun.pdf
OK 3953 EIMA 2010 ejemplos_eima_2005_2010_stata.zip
OK 9388 EMEC 2006 ejem_serie_emec_empresas_csv.zip
OK 3878 EMIM 2013 ejemplos_stata_emim_2007_2013_stata.zip
OK 304 ENA 2012 ejemplo_ena2012_csv.zip
OK 1086968 ENAPE 2021 enape_2021_bd_csv.zip
OK 856535 ENAPE 2021 enape_2021_fd_pdf.zip
OK 3392908 ENECE 1999 bd_enece99_dbf.zip
OK 7201 ENECE 1999 fd_enece99.pdf
OK 1480242 ENESS 1996 bd_eness96_dbf.zip
OK 12372 ENESS 1996 fd_eness96.pdf
OK 40571 ENESS 1996 variables_eness96.pdf
OK 7308491 ENESS 2004 bd_eness04_dbf.zip
OK 10108 ENESS 2004 fd_eness04.pdf
OK 25879776 ENEU 1993 eneu_1993_dbf.zip
OK 59481260 ENEU 2000 eneu_2000_dbf.zip
OK 16536540 EOD 2017 bd_eod_2017_dbf.zip
OK 107389 EOD 2017 fd_eod_2017.xlsx
OK 6428 ESIDET 2010 esidet_2010_dbf.zip
OK 71557 ESIDET 2014 esidet_ejemplos2014_dbf.zip
OK 7554999 JUDICIALESPENAL 2003 Judiciales_BD_Catalogos_2003_dbf.zip
OK 8926128 JUDICIALESPENAL 2009 Judiciales_BD_Catalogos_2009_dbf.zip
OK 317354 JUSTICIAPENAL 2014 AM_Delitos_ehriij2015_dbf.zip
OK 224581 JUSTICIAPENAL 2014 AM_Delito_conclusion_ehriij2015_dbf.zip
OK 277597 JUSTICIAPENAL 2014 OA_Delitos_ehriij2015_dbf.zip
OK 213531 JUSTICIAPENAL 2014 OA_Adolimputado_deli_ehriij2015_dbf.zip
OK 216047 JUSTICIAPENAL 2014 OA_Victima_delito_ehriij2015_dbf.zip
OK 212007 JUSTICIAPENAL 2014 OA_Delito_conclusion_ehriij2015_dbf.zip
OK 576029 JUSTICIAPENAL 2014 TA_Expedientes_ehriij2015_dbf.zip
OK 1504815 JUSTICIAPENAL 2014 TA_Delitos_ehriij2015_dbf.zip
OK 1979317 JUSTICIAPENAL 2014 TA_Procesados_ehriij2015_dbf.zip
OK 1135322 JUSTICIAPENAL 2014 TA_Procesados_delito_ehriij2015_dbf.zip
OK 2584411 JUSTICIAPENAL 2014 TA_Procesados_medida_ehriij2015_dbf.zip
OK 1455677 JUSTICIAPENAL 2014 TA_Victimas_ehriij2015_dbf.zip
OK 1367832 JUSTICIAPENAL 2014 TA_Victima_delito_ehriij2015_dbf.zip
OK 1000199 JUSTICIAPENAL 2014 TA_Victi_procesado_ehriij2015_dbf.zip
OK 724875 JUSTICIAPENAL 2014 TA_Tramites_ehriij2015_dbf.zip
OK 839587 JUSTICIAPENAL 2014 TA_Conclusiones_ehriij2015_dbf.zip
OK 653724 JUSTICIAPENAL 2014 TA_Delito_conclusion_ehriij2015_dbf.zip
OK 288396 JUSTICIAPENAL 2014 JC_Expedientes_ehriij2015_dbf.zip
OK 581138 JUSTICIAPENAL 2014 JC_Delitos_ehriij2015_dbf.zip
OK 790364 JUSTICIAPENAL 2014 JC_Imputados_ehriij2015_dbf.zip
OK 448379 JUSTICIAPENAL 2014 JC_Imputados_delito_ehriij2015_dbf.zip
OK 1336530 JUSTICIAPENAL 2014 JC_Imputados_medida_ehriij2015_dbf.zip
OK 589590 JUSTICIAPENAL 2014 JC_Victimas_ehriij2015_dbf.zip
OK 490523 JUSTICIAPENAL 2014 JC_Victima_delito_ehriij2015_dbf.zip
OK 399591 JUSTICIAPENAL 2014 JC_Victi_imputado_ehriij2015_dbf.zip
OK 361283 JUSTICIAPENAL 2014 JC_Tramites_ehriij2015_dbf.zip
OK 383948 JUSTICIAPENAL 2014 JC_Conclusiones_ehriij2015_dbf.zip
OK 190236 JUSTICIAPENAL 2014 JC_Delito_conclusion_ehriij2015_dbf.zip
OK 195698 JUSTICIAPENAL 2014 JO_Expedientes_ehriij2015_dbf.zip
OK 263073 JUSTICIAPENAL 2014 JO_Delitos_ehriij2015_dbf.zip
OK 330982 JUSTICIAPENAL 2014 JO_Imputados_ehriij2015_dbf.zip
OK 203720 JUSTICIAPENAL 2014 JO_Imputados_delito_ehriij2015_dbf.zip
OK 289731 JUSTICIAPENAL 2014 JO_Imputados_medida_ehriij2015_dbf.zip
OK 305832 JUSTICIAPENAL 2014 JO_Victimas_ehriij2015_dbf.zip
OK 207988 JUSTICIAPENAL 2014 JO_Victima_delito_ehriij2015_dbf.zip
OK 206169 JUSTICIAPENAL 2014 JO_Victi_Imputado_ehriij2015_dbf.zip
OK 198239 JUSTICIAPENAL 2014 JO_Tramites_ehriij2015_dbf.zip
OK 212396 JUSTICIAPENAL 2014 JO_Conclusiones_ehriij2015_dbf.zip
OK 194442 JUSTICIAPENAL 2014 JO_Deli_conclus_ehriij2015_dbf.zip
OK 212672 JUSTICIAPENAL 2014 AM_Expedientes_ehriij2015_dbf.zip
OK 378937 JUSTICIAPENAL 2014 AM_Adol_procesados_ehriij2015_dbf.zip
OK 347687 JUSTICIAPENAL 2014 AM_Adolprocesa_medid_ehriij2015_dbf.zip
OK 361309 JUSTICIAPENAL 2014 AM_Victimas_ehriij2015_dbf.zip
OK 238796 JUSTICIAPENAL 2014 AM_Victi_adolproces_ehriij2015_dbf.zip
OK 212926 JUSTICIAPENAL 2014 AM_Tramites_ehriij2015_dbf.zip
OK 253356 JUSTICIAPENAL 2014 AM_Conclusiones_ehriij2015_dbf.zip
OK 198854 JUSTICIAPENAL 2014 OA_Expedientes_ehriij2015_dbf.zip
OK 334185 JUSTICIAPENAL 2014 OA_Adol_imputados_ehriij2015_dbf.zip
OK 256022 JUSTICIAPENAL 2014 OA_Adolimputado_medi_ehriij2015_dbf.zip
OK 322426 JUSTICIAPENAL 2014 OA_Victimas_ehriij2015_dbf.zip
OK 207381 JUSTICIAPENAL 2014 OA_Victi_adolimputad_ehriij2015_dbf.zip
OK 194564 JUSTICIAPENAL 2014 OA_Tramites_ehriij2015_dbf.zip
OK 238018 JUSTICIAPENAL 2014 OA_Conclusiones_ehriij2015_dbf.zip
OK 101461 MODECULT 2023 modecult_may2023_csv.zip
OK 783761 MODECULT 2023 fd_modecult2023.pdf
OK 754267 MODUTIH 2007 endutih_2007_bd_dbf.zip
OK 65024 MODUTIH 2007 fd_endutih07.xls
OK 14071732 MODUTIH 2008 endutih_2008_bd_dbf.zip
OK 59904 MODUTIH 2008 fd_endutih08.xls
OK 90494 MOLEC 2018 molec_feb18_sav.zip
OK 88703 MOLEC 2019 molec_feb19_sav.zip
OK 59942 MOLEC 2021 molec_feb21_sav.zip
OK 30667 MOPRADEF 2013 mopradef_fd.xlsx
OK 30667 MOPRADEF 2013 mopradef_fd.xlsx
OK 50699 MOPRADEF 2013 mopradef_bd_noviembre_2013_sav.zip
OK 55663 MOPRADEF 2015 Nov mopradef_bd_noviembre_2015_sav.zip
OK 56180 MOPRADEF 2018 mopradef_bd_noviembre_2018_sav.zip
OK 56342 MOPRADEF 2020 Nov mopradef_bd_noviembre_2020_sav.zip
OK 4844165 MUSEOS 2022 bd_museos_2022_dbf.zip
OK 5171551 MUSEOS 2023 bd_museos_2023_dbf.zip
OK 10276530 RELLABORALES 2025 laborales_bd_catalogos_2025_dbf.zip
tanda cerrada: 415 caminadas, 2.42 GB
