pendientes: 811
FALLO 000 curl: (52) Empty reply from server http://www.coneval.org.mx/Informes/Pobreza/Estatal2012/NACIONAL_2010-2012/Cambios_pobreza_pobreza_extrema_Nac_Edos.zip
OK 3087144 ENVIPE 2024 fd_envipe2024.pdf
OK 45943611 EDR 1995 defunciones_generales_base_datos_1995_1999_dbf.zip
OK 35317176 EMAT 2005 matrimonios_base_datos_2005_2009_dbf.zip
OK 16380071 ENADIS 2022 bd_enadis_2022_csv.zip
OK 3276610 ENADIS 2022 enadis2022_fd.pdf
OK 8166376 MORTALIDAD 1985 defunciones_fetales_base_datos_1985_1989_dbf.zip
OK 8509402 MORTALIDAD 1995 defunciones_fetales_base_datos_1995_1999_dbf.zip
OK 45943611 MORTALIDAD 1995 defunciones_generales_base_datos_1995_1999_dbf.zip
OK 11169658 MORTALIDAD 2000 defunciones_fetales_base_datos_2000_2004_dbf.zip
OK 60459601 MORTALIDAD 2000 defunciones_generales_base_datos_2000_2004_dbf.zip
OK 1352790 MORTALIDAD 2021 fetales_base_de_datos_2021_dbf.zip
OK 31035888 MORTALIDAD 2021 defunciones_base_datos_2021_dbf.zip
OK 6708688 ENBIARE 2025 enbiare_2025_base_de_datos_csv.zip
OK 109385 ENBIARE 2025 enbiare_2025_fd.xlsx
OK 2802817 ENPECYT 2011 enpecyt2011_bd_dbf.zip
OK 730484 ENPECYT 2011 enpecyt2011_descripcion_archivos.pdf
OK 3585139 ENPECYT 2013 enpecyt2013_bd_dbf.zip
OK 1918348 ENPECYT 2013 enpecyt2013_fd.pdf
OK 10703723 ED 1995 divorcios_base_datos_1995_1999_dbf.zip
OK 16565938 ED 2000 divorcios_base_datos_2000_2004_dbf.zip
OK 18941974 ED 2005 divorcios_base_datos_2005_2009_dbf.zip
OK 28597409 ED 2015 divorcios_base_datos_2015_2019_dbf.zip
OK 122271 ENIF 2024 enif_2024_fd.xlsx
OK 187410 ENUT 2009 fd_enut09.pdf
OK 334336 ENUT 2014 fd_enut14.xls
OK 162690 ENUT 2024 enut_2024_fd.xlsx
OK 227361 ENUT 2024 enut_2024_diagrama_er.zip
OK 3873512 NUPCIALIDAD 2020 divorcios_base_datos_2020_dbf.zip
OK 5871651 NUPCIALIDAD 2022 divorcios_base_datos_2022_dbf.zip
OK 1746 CE 2014 CE2014_csv.zip
OK 582622 CE 2023 CE2024_csv.zip
OK 94611 CE 2023 FD_CE_2024.xlsx
OK 10210638 ENCO 2011 enco_2011_2015_dbf.zip
OK 271 CAE 1991 ejemplo_ejidal1991_csv.zip
OK 6452 ENAFIN 2010 Ejemplo_Base_ENAFIN2015_csv.zip
OK 84375 ENAFIN 2022 FD_ENAFIN_2024.xlsx
OK 9027992 ENSI 2008 ensi_09_dbf.zip
OK 267190 ENSI 2008 fd_ensi_06.pdf
OK 36520323 NATALIDAD 2006 natalidad_base_datos_2006_dbf.zip
OK 36326771 NATALIDAD 2020 natalidad_base_datos_2020_dbf.zip
OK 35859358 NATALIDAD 2022 natalidad_base_datos_2022_dbf.zip
OK 3272706 ACCIDENTES 2000 atus_00_dbf.zip
OK 3911576 ACCIDENTES 2007 atus_07_dbf.zip
OK 3306673 ACCIDENTES 2013 atus_13_dbf.zip
OK 3465736 ACCIDENTES 2013 atus_2013_dbf.zip
OK 3049007 ACCIDENTES 2018 atus_18_dbf.zip
OK 3322137 ACCIDENTES 2019 atus_19_dbf.zip
OK 3130442 ACCIDENTES 2021 atus_21_dbf.zip
OK 3702103 BIARE 2015 biare_basico_bd_2015.zip
OK 1668302 BIARE 2020 biare_basico_bd_2020.zip
OK 3500960 BIARE 2021 biare_basico_bd_2021.zip
OK 3578455 BIARE 2023 biare_basico_bd_2023.zip
OK 3606052 BIARE 2024 biare_basico_bd_2024.zip
OK 1426 CAGF 1991 ejemplo_91_csv.zip
OK 143478 CJM 2023 cjm_bd_2023_csv.zip
OK 4187561 CJM 2023 cjm_fd_2023_pdf.zip
OK 230380 CLEU 2014 entorno_urbano_01_csv.zip
OK 820768 CLEU 2014 entorno_urbano_02_csv.zip
OK 212858 CLEU 2014 entorno_urbano_03_csv.zip
OK 156246 CLEU 2014 entorno_urbano_04_csv.zip
OK 902812 CLEU 2014 entorno_urbano_05_csv.zip
OK 215400 CLEU 2014 entorno_urbano_06_csv.zip
OK 732168 CLEU 2014 entorno_urbano_07_csv.zip
OK 1130630 CLEU 2014 entorno_urbano_08_csv.zip
OK 1045998 CLEU 2014 entorno_urbano_09_csv.zip
OK 461514 CLEU 2014 entorno_urbano_10_csv.zip
OK 959444 CLEU 2014 entorno_urbano_11_csv.zip
OK 862395 CLEU 2014 entorno_urbano_12_csv.zip
OK 538434 CLEU 2014 entorno_urbano_13_csv.zip
OK 1582512 CLEU 2014 entorno_urbano_14_csv.zip
OK 2137770 CLEU 2014 entorno_urbano_15_csv.zip
OK 996288 CLEU 2014 entorno_urbano_16_csv.zip
OK 481575 CLEU 2014 entorno_urbano_17_csv.zip
OK 274212 CLEU 2014 entorno_urbano_18_csv.zip
OK 1062334 CLEU 2014 entorno_urbano_19_csv.zip
OK 798615 CLEU 2014 entorno_urbano_20_csv.zip
OK 1091548 CLEU 2014 entorno_urbano_21_csv.zip
OK 324164 CLEU 2014 entorno_urbano_22_csv.zip
OK 323073 CLEU 2014 entorno_urbano_23_csv.zip
OK 561055 CLEU 2014 entorno_urbano_24_csv.zip
OK 647973 CLEU 2014 entorno_urbano_25_csv.zip
OK 933957 CLEU 2014 entorno_urbano_26_csv.zip
OK 228112 CLEU 2014 entorno_urbano_27_csv.zip
OK 975409 CLEU 2014 entorno_urbano_28_csv.zip
OK 281836 CLEU 2014 entorno_urbano_29_csv.zip
OK 1393376 CLEU 2014 entorno_urbano_30_csv.zip
OK 479739 CLEU 2014 entorno_urbano_31_csv.zip
OK 419817 CLEU 2014 entorno_urbano_32_csv.zip
OK 57856 CLEU 2014 entorno_urbano_fd.xls
OK 15400413 CLEU 2014 localidades_00_csv.zip
OK 144882 CLEU 2014 localidades_01_csv.zip
OK 341071 CLEU 2014 localidades_02_csv.zip
OK 188728 CLEU 2014 localidades_03_csv.zip
OK 210389 CLEU 2014 localidades_04_csv.zip
OK 329382 CLEU 2014 localidades_05_csv.zip
OK 101857 CLEU 2014 localidades_06_csv.zip
OK 1606413 CLEU 2014 localidades_07_csv.zip
OK 933021 CLEU 2014 localidades_08_csv.zip
OK 45722 CLEU 2014 localidades_09_csv.zip
OK 436097 CLEU 2014 localidades_10_csv.zip
OK 752516 CLEU 2014 localidades_11_csv.zip
OK 621886 CLEU 2014 localidades_12_csv.zip
OK 421179 CLEU 2014 localidades_13_csv.zip
OK 813609 CLEU 2014 localidades_14_csv.zip
OK 444010 CLEU 2014 localidades_15_csv.zip
