pendientes: 1430
OK 140800 CCPV 2005 fd_muestra_2005.xls
OK 300032 CCPV 2005 catalogos_muestra_2005.xls
OK 82432 CCPV 2010 diccionario_cuestionario_basico.xls
OK 137195184 ENOE 2005 enoe2005_conapo2010_14ymas_dbf.zip
OK 246225612 ENOE 2005 enoe2005_conapo2005_14ymas_dbf.zip
OK 2517892 ENOE 2005 con_basedatos_proy2010.pdf
OK 4383629 ENOE 2005 fd_c_bas_amp_15ymas.pdf
OK 3040041 ENOE 2005 recons_var_15ymas.pdf
OK 1211513 ENOE 2005 fd_c_bas_amp_conapo.pdf
OK 1625077 ENOE 2005 recons_var_conapo2010.pdf
OK 303437 ENOE 2005 fd_c_amp_v1.pdf
OK 293353 ENOE 2005 fd_c_amp_v2.pdf
OK 959621 ENOE 2005 fd_c_amp_v3.pdf
OK 1082006 ENOE 2005 fd_c_amp_v4.pdf
OK 292326 ENOE 2005 fd_c_bas_v1.pdf
OK 1091129 ENOE 2005 fd_c_bas_v2.pdf
OK 33794350 ENOE 2005T2 2005trim2_csv.zip
OK 34594159 ENOE 2005T3 2005trim3_csv.zip
OK 29182284 ENOE 2006T3 2006trim3_csv.zip
OK 35610760 ENOE 2007T1 2007trim1_csv.zip
OK 29868442 ENOE 2009T1 2009trim1_csv.zip
OK 25274627 ENOE 2009T3 2009trim3_csv.zip
OK 34357036 ENOE 2010T1 2010trim1_csv.zip
OK 31981709 ENOE 2010T3 2010trim3_csv.zip
OK 133144401 ENOE 2011 enoe2011_conapo2010_14ymas_dbf.zip
OK 32910926 ENOE 2011T2 2011trim2_csv.zip
OK 24621282 ENOE 2013T1 2013trim1_csv.zip
OK 22309101 ENOE 2013T2 2013trim2_csv.zip
OK 23116730 ENOE 2013T3 2013trim3_csv.zip
OK 22725037 ENOE 2014T4 2014trim4_csv.zip
OK 22615297 ENOE 2015T3 2015trim3_csv.zip
OK 1576624 ENOE 2020 enoe_n_fd_c_bas_amp.pdf
OK 96200 ENOE 2020 seguimiento_enoe-etoe-enoen.pdf
OK 51287 CONEVAL Cambios pobreza 2008-2018 (resultados) Cambios_pobreza_pobreza_extrema_2008_2018.zip
FALLO 000 curl: (52) Empty reply from server http://www.coneval.org.mx/Informes/Pobreza/Estatal2012/NACIONAL_2010-2012/Cambios_pobreza_pobreza_extrema_Nac_Edos.zip
OK 45111 CONEVAL Cambios pobreza 2010-2014 (resultados) Cambios_pobreza_pobreza_extrema_2010_2014.zip
OK 127866894 CONEVAL Programas de cálculo MMP 2022 (Python/R/STATA) STATA_MMP_2022.zip
OK 202317 ENIGH 1994 hogares_dbf.zip
OK 601966 ENIGH 1994 poblacion_dbf.zip
OK 381636 ENIGH 1994 ingresos_dbf.zip
OK 5847986 ENIGH 1994 gastos_dbf.zip
OK 570253 ENIGH 1994 nomon_dbf.zip
OK 1005245 ENIGH 1994 concen_dbf.zip
OK 1337283 ENIGH 1994 describe94.pdf
OK 39366 ENIGH 1994 variable94_pdf.zip
OK 314968 ENIGH 1996 hogares_dbf.zip
OK 790491 ENIGH 1996 poblacion_dbf.zip
OK 547204 ENIGH 1996 ingresos_dbf.zip
OK 7809693 ENIGH 1996 gastos_dbf.zip
OK 736480 ENIGH 1996 nomon_dbf.zip
OK 1141288 ENIGH 1996 concen_dbf.zip
OK 1359618 ENIGH 1996 describe96.pdf
OK 32975 ENIGH 1996 variable96_pdf.zip
OK 564960 ENIGH 2002 hogares_dbf.zip
OK 1079928 ENIGH 2002 poblacion_dbf.zip
OK 657651 ENIGH 2002 ingresos_dbf.zip
OK 12313600 ENIGH 2002 gastos_dbf.zip
OK 1149184 ENIGH 2002 nomon_dbf.zip
OK 2700697 ENIGH 2002 concen_dbf.zip
OK 2797176 ENIGH 2002 describe02.pdf
OK 173376 ENIGH 2002 variable02.pdf
OK 833795 ENIGH 2004 hogares_dbf.zip
OK 1289497 ENIGH 2004 poblacion_dbf.zip
OK 831864 ENIGH 2004 ingresos_dbf.zip
OK 10224919 ENIGH 2004 gastos_dbf.zip
OK 1225966 ENIGH 2004 nomon_dbf.zip
OK 3769366 ENIGH 2004 concen_dbf.zip
OK 1329081 ENIGH 2004 describe04.pdf
OK 110802 ENIGH 2004 variable04.pdf
OK 836341 ENIGH 2005 hogares_dbf.zip
OK 1309188 ENIGH 2005 poblacion_dbf.zip
OK 976905 ENIGH 2005 ingresos_dbf.zip
OK 11784190 ENIGH 2005 gastos_dbf.zip
OK 1171058 ENIGH 2005 nomon_dbf.zip
OK 3907464 ENIGH 2005 concen_dbf.zip
OK 1314060 ENIGH 2005 describe05.pdf
OK 174341 ENIGH 2005 variable05.pdf
OK 3786955 ENIGH 2006 Tra_Concentrado_2006_concil_2010_dta.zip
OK 14127546 ENIGH 2006 Tra_Gastos_2006_concil_2010_dta.zip
OK 721520 ENIGH 2006 Tra_Hogares_2006_concil_2010_dta.zip
OK 832678 ENIGH 2006 Tra_Ingresos_2006_concil_2010_dta.zip
OK 1337823 ENIGH 2006 Tra_Nomonetario_2006_concil_2010_dta.zip
OK 2166124 ENIGH 2006 Tra_Poblacion_2006_concil_2010_dta.zip
OK 1436020 ENIGH 2006 describe06.pdf
OK 264690 ENIGH 2006 variable06.pdf
OK 123044 ENIGH 2008 NCV_Agropecuario_2008_concil_2010_csv.zip
OK 4338217 ENIGH 2008 NCV_Concentrado_2008_concil_2010_csv.zip
OK 179397 ENIGH 2008 NCV_Erogaciones_2008_concil_2010_csv.zip
OK 6552845 ENIGH 2008 NCV_Gastodiario_2008_concil_2010_csv.zip
OK 153128 ENIGH 2008 NCV_Gastoeducacion_2008_concil_2010_csv.zip
OK 6991371 ENIGH 2008 NCV_Gastos_2008_concil_2010_csv.zip
OK 53010 ENIGH 2008 NCV_Gastotarjetas_2008_concil_2010_csv.zip
OK 1628356 ENIGH 2008 NCV_Hogares_2008_concil_2010_csv.zip
OK 1366533 ENIGH 2008 NCV_Ingresos_2008_concil_2010_csv.zip
OK 461818 ENIGH 2008 NCV_Noagropecuario_2008_concil_2010_csv.zip
OK 1238728 ENIGH 2008 NCV_Nomonetario_2008_concil_2010_csv.zip
OK 2962859 ENIGH 2008 NCV_Poblacion_2008_concil_2010_csv.zip
OK 771905 ENIGH 2008 NCV_Trabajos_2008_concil_2010_csv.zip
OK 5720690 ENIGH 2008 Tra_Concentrado_2008_concil_2010_dta.zip
OK 13397214 ENIGH 2008 Tra_Gastos_2008_concil_2010_dta.zip
OK 1352017 ENIGH 2008 Tra_Hogares_2008_concil_2010_dta.zip
OK 1328698 ENIGH 2008 Tra_Ingresos_2008_concil_2010_dta.zip
OK 200987 ENIGH 2008 Tra_Negocios_2008_concil_2010_dta.zip
OK 1385262 ENIGH 2008 Tra_Nomonetario_2008_concil_2010_dta.zip
OK 2935479 ENIGH 2008 Tra_Poblacion_2008_concil_2010_dta.zip
OK 53802 ENIGH 2008 Tra_Tarjetas_2008_concil_2010_dta.zip
OK 123362 ENIGH 2010 NCV_Agropecuario_2010_concil_2010_csv.zip
OK 4035984 ENIGH 2010 NCV_Concentrado_2010_concil_2010_csv.zip
OK 202006 ENIGH 2010 NCV_Erogaciones_2010_concil_2010_csv.zip
OK 141636 ENIGH 2010 NCV_Gastocosto_2010_concil_2010_csv.zip
OK 6028122 ENIGH 2010 NCV_Gastodiario_2010_concil_2010_csv.zip
OK 136071 ENIGH 2010 NCV_Gastoeducacion_2010_concil_2010_csv.zip
OK 602712 ENIGH 2010 NCV_Gastorecibo_2010_concil_2010_csv.zip
OK 5451608 ENIGH 2010 NCV_Gastos_2010_concil_2010_csv.zip
OK 29455 ENIGH 2010 NCV_Gastotarjetas_2010_concil_2010_csv.zip
OK 1606453 ENIGH 2010 NCV_Hogares_2010_concil_2010_csv.zip
OK 1354677 ENIGH 2010 NCV_Ingresos_2010_concil_2010_csv.zip
OK 462380 ENIGH 2010 NCV_Noagropecuario_2010_concil_2010_csv.zip
OK 1125752 ENIGH 2010 NCV_Nomonetario_2010_concil_2010_csv.zip
OK 3245061 ENIGH 2010 NCV_Poblacion_2010_concil_2010_csv.zip
OK 627299 ENIGH 2010 NCV_Trabajos_2010_concil_2010_csv.zip
OK 5361723 ENIGH 2010 Tra_Concentrado_2010_concil_2010_dta.zip
OK 13710433 ENIGH 2010 Tra_Gastos_2010_concil_2010_dta.zip
OK 1375251 ENIGH 2010 Tra_Hogares_2010_concil_2010_dta.zip
OK 1325022 ENIGH 2010 Tra_Ingresos_2010_concil_2010_dta.zip
OK 199027 ENIGH 2010 Tra_Negocios_2010_concil_2010_dta.zip
OK 1238472 ENIGH 2010 Tra_Nomonetario_2010_concil_2010_dta.zip
OK 2878790 ENIGH 2010 Tra_Poblacion_2010_concil_2010_dta.zip
OK 30181 ENIGH 2010 Tra_Tarjetas_2010_concil_2010_dta.zip
OK 6360840 ENE 1997 ene_1997_dbf.zip
OK 64763399 ENE 2000 ene_2000_dbf.zip
OK 87022158 ENE 2001 ene_2001_dbf.zip
OK 260304 INVESTIGACION 2013 biare_2013_octubre_csv.zip
OK 263804 INVESTIGACION 2013 biare_2013_julio_csv.zip
OK 212441 INVESTIGACION 2016 biare_2016_julio_csv.zip
OK 215541 INVESTIGACION 2016 biare_2016_abril_csv.zip
OK 211562 INVESTIGACION 2016 biare_2016_enero_csv.zip
OK 246240 INVESTIGACION 2016 biare_2016_octubre_csv.zip
OK 7037498 INVESTIGACION 2016 concentradohogar_csv.zip
OK 46537253 INVESTIGACION 2016 gastoshogar_csv.zip
OK 4816098 INVESTIGACION 2016 gastospersona_csv.zip
OK 3236715 INVESTIGACION 2016 enigh2016_hogares_csv.zip
OK 9616545 INVESTIGACION 2016 ingresos_csv.zip
OK 12275576 INVESTIGACION 2016 poblacion_csv.zip
OK 1794429 INVESTIGACION 2016 enigh2016_trabajos_csv.zip
OK 1441110 INVESTIGACION 2016 enigh2016_viviendas_csv.zip
OK 736761 INVESTIGACION 2016 base_prestaciones_dta.zip
OK 1486587 INVESTIGACION 2016 mcs_2016_ep_csv.zip
OK 72588953 INVESTIGACION 2016 enigh_2016_rp_csv.zip
OK 32407 INVESTIGACION 2017 descripcion_archivos_fd.xlsx
OK 209128 INVESTIGACION 2017 biare_2017_enero_csv.zip
OK 216479 INVESTIGACION 2017 biare_2017_julio_csv.zip
OK 216340 INVESTIGACION 2017 biare_2017_abril_csv.zip
OK 192050 INVESTIGACION 2017 biare_2017_octubre_csv.zip
OK 190744 INVESTIGACION 2019 BIARE_2019_enero_csv.zip
OK 193506 INVESTIGACION 2019 BIARE_2019_abril_csv.zip
OK 189376 INVESTIGACION 2019 BIARE_2019_julio_csv.zip
OK 192341 INVESTIGACION 2019 BIARE_2019_octubre_csv.zip
OK 1660966 INVESTIGACION 2019 efl_2019_bd_dbf.zip
OK 24849 INVESTIGACION 2019 efl_2019_recons_var.xlsx
OK 32004 INVESTIGACION 2019 efl_2019_criterios.xlsx
OK 32451 INVESTIGACION 2019 descripcion_archivos_fd.xlsx
OK 186269 INVESTIGACION 2021 BIARE_2021_enero_csv.zip
OK 112110 INVESTIGACION 2021 FD_ECIS_2025.xlsx
OK 188970 INVESTIGACION 2021 BIARE_2021_abril_csv.zip
OK 183927 INVESTIGACION 2021 BIARE_2021_julio_csv.zip
OK 184159 INVESTIGACION 2021 BIARE_2021_octubre_csv.zip
OK 32450 INVESTIGACION 2021 descripcion_archivos_fd.xlsx
OK 597755 ENSU 2014 ensu_bd_2014_dbf.zip
OK 2021299 ENSU 2014 ensu_fd_2014_pdf.zip
OK 8158609 ENSU 2017 ensu_bd_2017_dbf.zip
OK 2520433 ENSU 2017 ensu_fd_2017_pdf.zip
OK 11034270 ENSU 2019 ensu_bd_2019_dbf.zip
OK 5318578 ENSU 2019 ensu_fd_2019_pdf.zip
OK 15141553 ENSU 2022 ensu_bd_2022_csv.zip
OK 9842580 ENSU 2022 ensu_fd_2022_pdf.zip
OK 7461822 ENSU 2025 ensu_fd_2025_pdf.zip
OK 6106049 ENSU 2026 ensu_bd_2026_csv.zip
OK 5418756 ENSU 2026 ensu_fd_2026_pdf.zip
OK 9229381 ENADID 1992 base_datos_enadid92_dbf.zip
OK 104027 ENADID 1992 fd_enadid92_pdf.zip
OK 14235034 ENADID 1997 base_datos_enadid97_dbf.zip
OK 159080 ENADID 1997 fd_enadid97_pdf.zip
OK 21875563 ENADID 2009 base_datos_enadid09_dbf.zip
OK 623198 ENADID 2009 fd_enadid09.pdf
OK 2085302 ENADID 2023 fd_enadid23.xlsx
OK 18171216 DUTIH 2017 dutih2017_bd_dbf.zip
OK 653260 DUTIH 2017 dutih2017_fd.xlsx
OK 9880180 DUTIH 2021 dutih2021_bd_dbf.zip
OK 133711 DUTIH 2021 dutih2021_fd.xlsx
OK 140760 ENDUTIH 2023 FD_ENDUTIH2023.xlsx
OK 155075 ENDUTIH 2024 fd_endutih2024.xlsx
OK 459264 ENVIPE 2011 fd_envipe2011.xls
OK 1852255 ENVIPE 2015 fd_envipe2015.pdf
OK 2423007 ENVIPE 2016 fd_envipe2016.pdf
OK 1010455 ENVIPE 2016 calculo_indicadores_r_envipe2016.pdf
