pendientes: 252
RECHAZO ZIP-ROTO(BadZipFile) https://www.coneval.org.mx/Medicion/MP/Documents/Programas_calculo_pobreza_MMP_16/STATA_MMP_2016.zip
OK 102566 ENIGH 2014 ncv_agropecuario_2014_concil_2010_csv.zip
OK 2723205 ENIGH 2014 NCV_Concentrado_2014_concil_2010_csv.zip
OK 155120 ENIGH 2014 NCV_Erogaciones_2014_concil_2010_csv.zip
OK 28072 ENIGH 2014 NCV_Gastotarjetas_2014_concil_2010_csv.zip
OK 393138 ENIGH 2014 NCV_Vivi_2014_concil_2010_csv.zip
OK 11997556 ENIGH 2014 NCV_Gastohogar_2014_concil_2010_csv.zip
OK 835501 ENIGH 2014 NCV_Hogares_2014_concil_2010_csv.zip
OK 991884 ENIGH 2014 NCV_Ingresos_2014_concil_2010_csv.zip
OK 298879 ENIGH 2014 NCV_Noagropecuario_2014_concil_2010_csv.zip
OK 684863 ENIGH 2014 NCV_Gastopersona_2014_concil_2010_csv.zip
OK 2663949 ENIGH 2014 NCV_Poblacion_2014_concil_2010_csv.zip
OK 478992 ENIGH 2014 NCV_Trabajos_2014_concil_2010_csv.zip
OK 393138 ENIGH 2014 tra_vivi_2014_concil_2010_csv.zip
OK 835509 ENIGH 2014 tra_hogares_2014_concil_2010_csv.zip
OK 2663957 ENIGH 2014 tra_poblacion_2014_concil_2010_csv.zip
OK 479000 ENIGH 2014 tra_trabajos_2014_concil_2010_csv.zip
OK 157628 ENIGH 2014 tra_erogaciones_2014_concil_2010_csv.zip
OK 11997564 ENIGH 2014 tra_gastohogar_2014_concil_2010_csv.zip
OK 684871 ENIGH 2014 tra_gastopersona_2014_concil_2010_csv.zip
OK 28080 ENIGH 2014 tra_gastotarjetas_2014_concil_2010_csv.zip
OK 985626 ENIGH 2014 tra_ingresos_2014_concil_2010_csv.zip
OK 65530 ENIGH 2014 tra_agropecuario_2014_concil_2010_csv.zip
OK 101067 ENIGH 2014 tra_noagropecuario_2014_concil_2010_csv.zip
OK 2977324 ENIGH 2014 tra_concentrado_2014_concil_2010_csv.zip
OK 1737437 ENIGH 2024 889463924845.pdf
OK 18227358 ENE 1996 ene_1996_dbf.zip
OK 59890738 ENE 2004 ene_2004_dbf.zip
OK 360799 ENE 2004 fd_ene_1995_2004.pdf
OK 1061376 ENDIREH 2011 fd_endireh11.xls
OK 415744 ENVIPE 2012 fd_envipe2012.xls
OK 1878707 ENVIPE 2017 fd_envipe2017.pdf
OK 1471628 ENVIPE 2017 calculo_indicadores_r_envipe2017.pdf
OK 1918379 ENVIPE 2019 fd_envipe2019.pdf
OK 36487992 EDR 1990 defunciones_generales_base_datos_1990_1994_dbf.zip
OK 94456752 EDR 2010 defunciones_generales_base_datos_2010_2014_dbf.zip
OK 1397463 ENCIG 2013 encig13_descripcion_archivos.pdf
OK 695713 ENPECYT 2005 enpecyt2005_bd_dbf.zip
OK 121344 ENPECYT 2005 enpecyt2005_descripcion_archivos.xls
OK 813740 ENPECYT 2007 enpecyt2007_bd_dbf.zip
OK 121344 ENPECYT 2007 enpecyt2007_descripcion_archivos.xls
OK 12116614 ED 1985 divorcios_base_datos_1985_1989_dbf.zip
OK 5871651 ED 2022 divorcios_base_datos_2022_dbf.zip
OK 5791544 ED 2023 divorcios_base_datos_2023_dbf.zip
OK 628677 ENASEM 2018 enasem_2018_fd.xlsx
OK 22331 ENASEM 2018 enasem_2018_variables_auxiliares.xlsx
OK 621648 ENASEM 2018 enasem_2018_diagramas_flujo.pdf
OK 274307 ENASEM 2018 enasem_2018_diagrama_er.zip
OK 148265 ENIF 2012 fd_enif2012.xlsx
OK 17754 ENIF 2014 modelo_enif2012.pdf
OK 246905 ENIF 2018 enif_2018_fd.xlsx
OK 35317176 NUPCIALIDAD 2005 matrimonios_base_datos_2005_2009_dbf.zip
OK 18941974 NUPCIALIDAD 2005 divorcios_base_datos_2005_2009_dbf.zip
OK 2582 CE 1994 ce1994_csv.zip
OK 51105 ENCO 2003 fd_enco_v3.pdf
OK 19080 ENCO 2003 fd_enco_v2.pdf
OK 10698925 ENCO 2006 enco_2006_2010_dbf.zip
OK 8958866 ENCO 2016 enco_2016_2020_dbf.zip
OK 9085477 CAAS 2015 principales_resultados_por_alojamiento_de_asistencia_social_xls.zip
OK 266488 ENASIC 2022 enasic_2022_fd.xlsx
OK 1390271 ENASIC 2022 889463927082.pdf
OK 30724754 NATALIDAD 1985 natalidad_base_datos_1985_dbf.zip
OK 30363814 NATALIDAD 1986 natalidad_base_datos_1986_dbf.zip
OK 35725601 NATALIDAD 1994 natalidad_base_datos_1994_dbf.zip
OK 38529749 NATALIDAD 2007 natalidad_base_datos_2007_dbf.zip
OK 45392484 NATALIDAD 2010 natalidad_base_datos_2010_dbf.zip
OK 3567392 ACCIDENTES 2010 atus_10_dbf.zip
OK 3421104 ACCIDENTES 2023 atus_23_dbf.zip
OK 768 AMCA 2016 amca16_format_csv.zip
OK 3619855 BIARE 2017 biare_basico_bd_2017.zip
OK 3506490 BIARE 2022 biare_basico_bd_2022.zip
OK 302487 CNDHE 2017 Estruc_organizacional_cndhe2018_dbf.zip
OK 264127 CNDHE 2017 Recursos_humanos_cndhe2018_dbf.zip
OK 199658 CNDHE 2017 Recursos_presupuestal_cndhe2018_dbf.zip
OK 204204 CNDHE 2017 Recursos_materiales_cndhe2018_dbf.zip
OK 274335 CNDHE 2017 Capacitac_difusion_DH_cndhe2018_dbf.zip
OK 204585 CNDHE 2017 Gobierno_electronico_cndhe2018_dbf.zip
OK 201345 CNDHE 2017 Funciones_especificas_cndhe2018_dbf.zip
OK 254206 CNDHE 2017 Transparencia_cndhe2018_dbf.zip
OK 239475 CNDHE 2017 Contr_inter_anticorru_cndhe2018_dbf.zip
OK 195164 CNDHE 2017 Participacion_ciudada_cndhe2018_dbf.zip
OK 191788 CNDHE 2017 Marco_regulatorio_cndhe2018_dbf.zip
OK 194492 CNDHE 2017 Asocia_intergubername_cndhe2018_dbf.zip
OK 219969 CNDHE 2017 Admon_archivo_gestion_cndhe2018_dbf.zip
OK 212938 CNDHE 2017 Solicitudes_queja_cndhe2018_dbf.zip
OK 146795 CNDHE 2017 Ingresos_cndhe2018_dbf.zip
OK 383703 CNDHE 2017 Expedientes_queja_cndhe2018_dbf.zip
OK 323705 CNDHE 2017 Conclusiones_cndhe2018_dbf.zip
OK 308787 CNDHE 2017 Existencia_cierreanio_cndhe2018_dbf.zip
OK 144843 CNDHE 2017 Seguimiento_cndhe2018_dbf.zip
OK 189838 CNDHE 2017 Presuntos_hec_violato_cndhe2018_dbf.zip
OK 117023 CNDHE 2017 Atencion_inmediata_cndhe2018_dbf.zip
OK 480278 CNGSPSPE 2010 ape_ejercicio_cngspspe2011_dbf.zip
OK 336036 CNGSPSPE 2010 ape_estructura_cngspspe2011_dbf.zip
OK 282578 CNGSPSPE 2010 ape_marcoreg_cngspspe2011_dbf.zip
OK 281071 CNGSPSPE 2010 ape_participacion_cngspspe2011_dbf.zip
OK 650269 CNGSPSPE 2010 ape_recursos_cngspspe2011_dbf.zip
OK 336449 CNGSPSPE 2010 ape_tramites_cngspspe2011_dbf.zip
OK 415144 CNGSPSPE 2010 ape_transparencia_cngspspe2011_dbf.zip
OK 444776 CNGSPSPE 2010 sp_ejercicio_cngspspe2011_dbf.zip
OK 334109 CNGSPSPE 2010 sp_infraestructura_cngspspe2011_dbf.zip
OK 318943 CNGSPSPE 2010 sp_recursosh_cngspspe2011_dbf.zip
OK 273654 CNGSPSPE 2010 jc_ejercicio_cngspspe2011_dbf.zip
OK 257645 CNGSPSPE 2010 jc_infraestructura_cngspspe2011_dbf.zip
OK 266085 CNGSPSPE 2010 jc_recursosh_cngspspe2011_dbf.zip
OK 306172 CNGSPSPE 2010 spe_adolescentes_cngspspe2011_dbf.zip
OK 427743 CNGSPSPE 2010 spe_tratamiento_cngspspe2011_dbf.zip
OK 348674 CNGSPSPE 2010 spe_reclusa_cngspspe2011_dbf.zip
OK 516339 CNGSPSPE 2010 spe_poblacion_cngspspe2011_dbf.zip
OK 398000 CNGSPSPE 2011 ap_estructura_org_cngspspe2012_dbf.zip
OK 649602 CNGSPSPE 2011 ap_recursos_cngspspe2012_dbf.zip
OK 366659 CNGSPSPE 2011 ap_tramites_cngspspe2012_dbf.zip
OK 321580 CNGSPSPE 2011 ap_ejercicio_func_cngspspe2012_dbf.zip
OK 168078 CNGSPSPE 2011 ap_transp_anticorrupcion_cngspspe2012_dbf.zip
OK 242142 CNGSPSPE 2011 ap_participacion_ciud_cngspspe2012_dbf.zip
OK 289493 CNGSPSPE 2011 ap_marco_cngspspe2012_dbf.zip
OK 550530 CNGSPSPE 2011 sp_ejercicio_cngspspe2012_dbf.zip
OK 345885 CNGSPSPE 2011 sp_recursos_cngspspe2012_dbf.zip
FALLO 000 curl: (3) URL rejected: Malformed input to a URL function https://www.inegi.org.mx/contenidos/programas/cngspspe/2012/microdatos/sp_ infraestructura_cngspspe2012_dbf.zip
OK 576128 CNGSPSPE 2011 pob_penitenciaria_cngspspe2012_dbf.zip
OK 454997 CNGSPSPE 2011 sp_infra_poblacion_cngspspe2012_dbf.zip
OK 332129 CNGSPSPE 2011 sp_adolescentes_cngspspe2012_dbf.zip
OK 419503 CNGSPSPE 2011 sp_infra_recursos_cngspspe2012_dbf.zip
OK 286671 CNGSPSPE 2011 jc_ejercicio_cngspspe2012_dbf.zip
OK 279370 CNGSPSPE 2011 jc_justicia_recursos_cngspspe2012_dbf.zip
OK 275803 CNGSPSPE 2011 spe_jc_infraestructura_cngspspe2012_dbf.zip
OK 236099 CNGSPSPE 2012 AP_Estructura_Org_cngspspe2013_dbf.zip
OK 567357 CNGSPSPE 2012 AP_Recursos_cngspspe2013_dbf.zip
OK 202724 CNGSPSPE 2012 AP_Tramites_cngspspe2013_dbf.zip
OK 254133 CNGSPSPE 2012 AP_Funciones_cngspspe2013_dbf.zip
OK 231554 CNGSPSPE 2012 AP_Transparencia_cngspspe2013_dbf.zip
OK 118114 CNGSPSPE 2012 AP_Participacion_cngspspe2013_dbf.zip
OK 179920 CNGSPSPE 2012 AP_Marco_cngspspe2013_dbf.zip
OK 573863 CNGSPSPE 2012 SP_Ejercicio_cngspspe2013_dbf.zip
OK 232971 CNGSPSPE 2012 SP_Recursos_cngspspe2013_dbf.zip
OK 239463 CNGSPSPE 2012 SP_Infraestructura_cngspspe2013_dbf.zip
OK 441139 CNGSPSPE 2012 Sist_P_Poblacion_cngspspe2013_dbf.zip
OK 308554 CNGSPSPE 2012 Sist_P_Infr_Poblacion_cngspspe2013_dbf.zip
OK 282244 CNGSPSPE 2012 Sist_P_Adolescentes_cngspspe2013_dbf.zip
OK 233177 CNGSPSPE 2012 Sist_P_Infr_Adolesc_cngspspe2013_dbf.zip
OK 131160 CNGSPSPE 2012 JC_Ejercicio_cngspspe2013_dbf.zip
OK 158013 CNGSPSPE 2012 JC_Recursos_cngspspe2013_dbf.zip
OK 154532 CNGSPSPE 2012 JC_Infraestructura_cngspspe2013_dbf.zip
OK 208171 CNPLE 2018 Estructura_organi_cnple2018_dbf.zip
OK 236380 CNPLE 2018 Recursos_hum_cnple2018_dbf.zip
OK 208147 CNPLE 2018 Recursos_presupuestal_cnple2018_dbf.zip
OK 212850 CNPLE 2018 Recursos_materiales_cnple2018_dbf.zip
OK 217123 CNPLE 2018 Gobierno_electronico_cnple2018_dbf.zip
OK 226834 CNPLE 2018 Funciones_especificas_cnple2018_dbf.zip
OK 304380 CNPLE 2018 Transparencia_cnple2018_dbf.zip
OK 275114 CNPLE 2018 Control_int_anticorru_cnple2018_dbf.zip
OK 215811 CNPLE 2018 Participaci_ciudadana_cnple2018_dbf.zip
OK 181929 CNPLE 2018 Marco_regulatorio_cnple2018_dbf.zip
OK 283185 CNPLE 2018 Admon_arc_gest_doc_cnple2018_dbf.zip
OK 296076 CNPLE 2018 Plan_sist_auto_admin_cnple2018_dbf.zip
OK 283308 CNPLE 2018 Estruct_organizac_cnple2018_dbf.zip
OK 241382 CNPLE 2018 Recursos_hum_gp_cnple2018_dbf.zip
OK 191531 CNPLE 2018 Recurso_presupu_legis_cnple2018_dbf.zip
OK 199269 CNPLE 2018 Comisiones_legis_ct_cnple2018_dbf.zip
OK 320092 CNPLE 2018 Proceso_legislativo_cnple2018_dbf.zip
OK 225700 CNPLE 2018 Juicio_poli_decl_proc_cnple2018_dbf.zip
OK 125049 CNPLE 2018 Estructura_organi_cnple2019_dbf.zip
OK 164339 CNPLE 2018 Recursos_hum_cnple2019_dbf.zip
OK 120127 CNPLE 2018 Recursos_presupuestal_cnple2019_dbf.zip
OK 132200 CNPLE 2018 Recursos_materiales_cnple2019_dbf.zip
OK 144133 CNPLE 2018 Funciones_especificas_cnple2019_dbf.zip
OK 142195 CNPLE 2018 Transparencia_cnple2019_dbf.zip
OK 218822 CNPLE 2018 Control_int_anticorru_cnple2019_dbf.zip
OK 131494 CNPLE 2018 Participaci_ciudadana_cnple2019_dbf.zip
OK 111305 CNPLE 2018 Marco_regulatorio_cnple2019_dbf.zip
OK 122877 CNPLE 2018 Admon_arc_gest_doc_cnple2019_dbf.zip
OK 220742 CNPLE 2018 Estruct_organizac_cnple2019_dbf.zip
OK 173563 CNPLE 2018 Recursos_humanos_cnple2019_dbf.zip
OK 111004 CNPLE 2018 Recursos_presupuesta_cnple2019_dbf.zip
OK 118085 CNPLE 2018 Comisiones_legis_ct_cnple2019_dbf.zip
OK 278215 CNPLE 2018 Proceso_legislativo_cnple2019_dbf.zip
OK 157689 CNPLE 2018 Juicio_poli_decl_proc_cnple2019_dbf.zip
OK 171795 CNSPEF 2017 Estruct_organizacion_cnspef2018_dbf.zip
OK 174665 CNSPEF 2017 Recursos_humanos_cnspef2018_dbf.zip
OK 117635 CNSPEF 2017 Recursos_presupuesta_cnspef2018_dbf.zip
OK 119108 CNSPEF 2017 Recursos_materiales_cnspef2018_dbf.zip
OK 125197 CNSPEF 2017 Ejerc_funcion_especi_cnspef2018_dbf.zip
OK 179684 CNSPEF 2017 Contro_int_anticorru_cnspef2018_dbf.zip
OK 134609 CNSPEF 2017 Marco_regulatorio_cnspef2018_dbf.zip
OK 118975 CNSPEF 2017 Asociacion_interinst_cnspef2018_dbf.zip
OK 238487 CNSPEF 2017 Ingreso_centropenite_cnspef2018_dbf.zip
OK 181005 CNSPEF 2017 Egreso_centropeniten_cnspef2018_dbf.zip
OK 261177 CNSPEF 2017 Perso_privadalibe_cp_cnspef2018_dbf.zip
OK 150122 CNSPEF 2017 Incidente_centropeni_cnspef2018_dbf.zip
OK 148920 CNSPEF 2017 Act_orienreinserccio_cnspef2018_dbf.zip
OK 112852 CNSPEF 2017 Servicio_postpenales_cnspef2018_dbf.zip
OK 132808 CNSPEF 2017 Traslado_extradicion_cnspef2018_dbf.zip
OK 135477 CNSPEF 2017 Ejer_funciorgani_pdh_cnspef2018_dbf.zip
OK 130605 CNSPEF 2017 Reg_discip_perspriva_cnspef2018_dbf.zip
OK 123803 CNSPEF 2017 Persoexternada_liber_cnspef2018_dbf.zip
OK 844982 ECENASEM 2021 cognitiva_2021_bd_csv.zip
OK 123983 ECENASEM 2021 cognitiva_2021_fd.xlsx
OK 54169 ECENASEM 2021 cognitiva_2021_variables.xlsx
OK 15657821 EDF 2015 defunciones_fetales_base_datos_2015_2019_dbf.zip
OK 4040 EIA 2003 ejem_eia_94_03_dta.zip
OK 4635 EIA 2009 ejem_eia_03_09_csv.zip
OK 293376 ELCOS 2012 elcos_fd.xls
OK 380 ENA 2017 trd_categoria_juridica_csv.zip
OK 4534326 ENAMIN 1994 enamin94_bd_dbf.zip
OK 20620 ENAMIN 1994 fd_enamin1994.pdf
OK 2496463 ENAMIN 1998 enamin98_bd_dbf.zip
OK 102027 ENAMIN 1998 fd_enamin1998_pdf.zip
OK 13197966 ENAMIN 2008 enamin08_bd_dbf.zip
OK 13197966 ENAMIN 2008 enamin08_bd_dbf.zip
OK 27875 ENAMIN 2008 fd_enamin2008.pdf
OK 17231434 ENAMIN 2010 enamin10_bd_dbf.zip
OK 3159212 ENAMIN 2010 fd_enamin2010.pdf
OK 3697961 ENECE 1991 bd_enece91_dbf.zip
OK 7480 ENECE 1991 fd_enece91.pdf
OK 15144078 ENEU 1990 eneu_1990_dbf.zip
OK 29909560 ENEU 1998 eneu_1998_dbf.zip
OK 1461889 ENGASTO 2012 engasto12_fd.pdf
OK 7322530 ENVI 2020 envi_2020_base_de_datos_csv.zip
OK 242100 ENVI 2020 envi_2020_fd.xlsx
OK 13290 ESIDET 2006 esidet_2006_dta.zip
OK 54028 ESIDET 2012 esidet_2012_dbf.zip
OK 2045238 ILMM 2017 ilmm_2017_bd_xlsx.zip
OK 32270 IMMEX 2015 no_manufacturas_csv.zip
OK 214453 IMMEX 2015 manufacturas_csv.zip
OK 250371 MCS 2010 MCS_Agropecuario_2010_concil_2010_dta.zip
OK 3034027 MCS 2010 MCS_Concentrado_2010_concil_2010_dta.zip
OK 2586224 MCS 2010 MCS_Hogares_2010_concil_2010_dta.zip
OK 2684267 MCS 2010 MCS_Ingresos_2010_concil_2010_dta.zip
OK 1037024 MCS 2010 MCS_Noagropecuario_2010_concil_2010_dta.zip
OK 1239759 MCS 2010 MCS_NomonetarioE_2010_concil_2010_dta.zip
OK 776118 MCS 2010 MCS_NomonetarioM_2010_concil_2010_dta.zip
OK 5974630 MCS 2010 MCS_Poblacion_2010_concil_2010_dta.zip
OK 300292 MCS 2010 MCS_Regalos_2010_concil_2010_dta.zip
OK 1132725 MCS 2010 MCS_Trabajos_2010_concil_2010_dta.zip
OK 83503 MOLEC 2015 molec_may15_sav.zip
OK 84892 MOLEC 2015 molec_feb15_sav.zip
OK 80566 MOLEC 2015 molec_ago15_sav.zip
OK 336933 MOLEC 2015 fd_molec_xlsx.zip
OK 176282 MOLEC 2020 molec_feb20_sav.zip
OK 61797 MOLEC 2022 molec_feb22_sav.zip
OK 53690 MOPRADEF 2016 Nov mopradef_bd_noviembre_2016_sav.zip
OK 764429 MOPRADEF 2024 mopradef_fd_2024.pdf
OK 51458 MOPRADEF 2025 mopradef_fd_2025.xlsx
OK 604634 MOPRADEF 2025 Jun mopradef_bd_2025_sav.zip
OK 10803518 MTI 2007 mti2007_bases_dbf.zip
OK 10726567 MTI 2007 mti2007_bases_conapo_dbf.zip
OK 422847 MTI 2007 fd_mti_07_pdf.zip
OK 13351966 MTI 2009 mti2009_bases_dbf.zip
OK 29767179 MTI 2009 mti2009_bases_conapo_dbf.zip
OK 906362 MTI 2009 fd_mti_09.pdf
OK 7400718 MUSEOS 2025 bd_museos_2025_dbf.zip
OK 768 RELLABORALESPRUEBA 2015 Mic1_pruebaPre_csv.zip
tanda cerrada: 252 caminadas, 0.83 GB
