pendientes: 218
OK 755896 CLEU 2014 localidades_16_csv.zip
OK 131608 CLEU 2014 localidades_17_csv.zip
OK 218996 CLEU 2014 localidades_18_csv.zip
OK 372723 CLEU 2014 localidades_19_csv.zip
OK 956850 CLEU 2014 localidades_20_csv.zip
OK 587728 CLEU 2014 localidades_21_csv.zip
OK 238090 CLEU 2014 localidades_22_csv.zip
OK 140456 CLEU 2014 localidades_23_csv.zip
OK 549845 CLEU 2014 localidades_24_csv.zip
OK 455650 CLEU 2014 localidades_25_csv.zip
OK 556058 CLEU 2014 localidades_26_csv.zip
OK 231417 CLEU 2014 localidades_27_csv.zip
OK 511954 CLEU 2014 localidades_28_csv.zip
OK 102135 CLEU 2014 localidades_29_csv.zip
OK 1669382 CLEU 2014 localidades_30_csv.zip
OK 198581 CLEU 2014 localidades_31_csv.zip
OK 372203 CLEU 2014 localidades_32_csv.zip
OK 121250 CLEU 2014 fd_resloc_2014.pdf
OK 167793 CNGSPSPE 2014 Infraest_recursos_pob_reclusa_cngspspe2015_dbf.zip
OK 129947 CNGSPSPE 2014 Infraest_recursos_adolesc_cngspspe2015_dbf.zip
OK 255988 CNGSPSPE 2014 act_estadistica_geo_cngspspe2015_dbf.zip
OK 360601 CNGSPSPE 2014 ctrl_interno_anticor_cngspspe2015_dbf.zip
OK 282180 CNGSPSPE 2014 defensoria_oficio_cngspspe2015_dbf.zip
OK 275974 CNGSPSPE 2014 estructura_organizacional_cngspspe2015_dbf.zip
OK 411147 CNGSPSPE 2014 gob_elec_cngspspe2015_dbf.zip
OK 432844 CNGSPSPE 2014 marc_regulatorio_asoc_intergub_cngspspe2015_dbf.zip
OK 171960 CNGSPSPE 2014 participacion_ciudadana_cngspspe2015_dbf.zip
OK 264848 CNGSPSPE 2014 planeacion_eval_cngspspe2015_dbf.zip
OK 471306 CNGSPSPE 2014 proteccion_civil_cngspspe2015_dbf.zip
OK 1577429 CNGSPSPE 2014 recursos_cngspspe2015_dbf.zip
OK 205667 CNGSPSPE 2014 tramite_serv_cngspspe2015_dbf.zip
OK 408611 CNGSPSPE 2014 transparencia_cngspspe2015_dbf.zip
OK 287242 CNGSPSPE 2014 ejercicio_funcion_cngspspe2015_dbf.zip
OK 219522 CNGSPSPE 2014 infraestructura_cngspspe2015_dbf.zip
OK 224115 CNGSPSPE 2014 rec_hum_cngspspe2015_dbf.zip
OK 314103 CNGSPSPE 2014 mando_unico_pol_cngspspe2015_dbf.zip
OK 391463 CNGSPSPE 2014 personal_seg_pub_cngspspe2015_dbf.zip
OK 663765 CNGSPSPE 2014 adolescentes_en_tratamiento_cngspspe2015_dbf.zip
OK 864436 CNGSPSPE 2014 poblacion_penitenciaria_cngspspe2015_dbf.zip
OK 158962 CNIJF 2018 Organos_juris_cnijf2019_dbf.zip
OK 132126 CNIJF 2018 Plenos_PJF_cnijf2019_dbf.zip
OK 351698 CNIJF 2018 Rec_hum_organos_PJF_cnijf2019_dbf.zip
OK 121037 CNIJF 2018 Rec_mat_organos_PJF_cnijf2019_dbf.zip
OK 124271 CNIJF 2018 Rec_presup_organo_PJF_cnijf2019_dbf.zip
OK 184702 CNIJF 2018 Ejer_func_especificas_cnijf2019_dbf.zip
OK 164356 CNIJF 2018 Tramite_servicios_cnijf2019_dbf.zip
OK 124309 CNIJF 2018 Gobierno_electronico_cnijf2019_dbf.zip
OK 276053 CNIJF 2018 Ctrl_interno_cnijf2019_dbf.zip
OK 158775 CNIJF 2018 Anticorrupcion_cnijf2019_dbf.zip
OK 196326 CNIJF 2018 Transparencia_cnijf2019_dbf.zip
OK 133970 CNIJF 2018 Admon_gestdocumental_cnijf2019_dbf.zip
OK 268405 CNIJF 2018 Insfed_defensoria_pub_cnijf2019_dbf.zip
OK 98492 CNIJF 2018 Marco_regulatorio_cnijf2019_dbf.zip
OK 124523 CNIJF 2018 Imp_JF_todas_materias_cnijf2019_dbf.zip
OK 176490 CNIJF 2018 Impjust_mat_electoral_cnijf2019_dbf.zip
OK 169240 CNIJF 2018 Asuntos_jurisdiccion_cnijf2019_dbf.zip
OK 176607 CNIJF 2018 Asunto_juriresuel_TCC_cnijf2019_dbf.zip
OK 167813 CNIJF 2018 Asunto_juriresuel_TUC_cnijf2019_dbf.zip
OK 124579 CNIJF 2018 Asunto_juriresuel_JD_cnijf2019_dbf.zip
OK 255957 CNIJF 2018 Ingresos_durante_anio_cnijf2019_dbf.zip
OK 169117 CNIJF 2018 Carac_proces_imputado_cnijf2019_dbf.zip
OK 285093 CNIJF 2018 Conclusi_durante_anio_cnijf2019_dbf.zip
OK 193990 CNIJF 2018 Caracte_sentenciados_cnijf2019_dbf.zip
OK 255221 CNIJF 2018 Existencia_cierreanio_cnijf2019_dbf.zip
OK 106914 CNIJF 2018 Ctrl_tecnica_invest_cnijf2019_dbf.zip
OK 170895 CNPLE 2016 Estructura_organi_cnple2017_dbf.zip
OK 200621 CNPLE 2016 Recursos_hum_cnple2017_dbf.zip
OK 162457 CNPLE 2016 Recursos_presupuestal_cnple2017_dbf.zip
OK 176313 CNPLE 2016 Recursos_materiales_cnple2017_dbf.zip
OK 180520 CNPLE 2016 Gobierno_electronico_cnple2017_dbf.zip
OK 189682 CNPLE 2016 Funciones_especificas_cnple2017_dbf.zip
OK 263438 CNPLE 2016 Transparencia_cnple2017_dbf.zip
OK 222359 CNPLE 2016 Control_int_anticorru_cnple2017_dbf.zip
OK 182716 CNPLE 2016 Participaci_ciudadana_cnple2017_dbf.zip
OK 153018 CNPLE 2016 Marco_regulatorio_cnple2017_dbf.zip
OK 260868 CNPLE 2016 Admon_arc_gest_doc_cnple2017_dbf.zip
OK 246244 CNPLE 2016 Plan_sist_auto_admin_cnple2017_dbf.zip
OK 223490 CNPLE 2016 Estruct_organizac_cnple2017_dbf.zip
OK 192980 CNPLE 2016 Recursos_hum_gp_cnple2017_dbf.zip
OK 154310 CNPLE 2016 Recurso_presupu_legis_cnple2017_dbf.zip
OK 155488 CNPLE 2016 Comisiones_legis_ct_cnple2017_dbf.zip
OK 275941 CNPLE 2016 Proceso_legislativo_cnple2017_dbf.zip
OK 186271 CNPLE 2016 Juicio_poli_decl_proc_cnple2017_dbf.zip
OK 176280 CNTAIPPDPE 2018 Estruc_organiza_cntaippdpe2019_dbf.zip
OK 217147 CNTAIPPDPE 2018 Recursos_humanos_cntaippdpe2019_dbf.zip
OK 103289 CNTAIPPDPE 2018 Rec_presupuestal_cntaippdpe2019_dbf.zip
OK 137006 CNTAIPPDPE 2018 Rec_materiales_cntaippdpe2019_dbf.zip
OK 154848 CNTAIPPDPE 2018 Ejer_funcion_esp_cntaippdpe2019_dbf.zip
OK 177229 CNTAIPPDPE 2018 Instrumen_ejerci_cntaippdpe2019_dbf.zip
OK 181246 CNTAIPPDPE 2018 Organos_transp_cntaippdpe2019_dbf.zip
OK 151491 CNTAIPPDPE 2018 Clasif_informa_cntaippdpe2019_dbf.zip
OK 101437 CNTAIPPDPE 2018 Cultura_transp_cntaippdpe2019_dbf.zip
OK 280559 CNTAIPPDPE 2018 Ctrl_inter_antic_cntaippdpe2019_dbf.zip
OK 111211 CNTAIPPDPE 2018 Marc_regulatorio_cntaippdpe2019_dbf.zip
OK 120969 CNTAIPPDPE 2018 Admin_archi_gest_cntaippdpe2019_dbf.zip
OK 222982 CNTAIPPDPE 2018 Compete_materias_cntaippdpe2019_dbf.zip
OK 222799 CNTAIPPDPE 2018 Promoc_transpare_cntaippdpe2019_dbf.zip
OK 250418 CNTAIPPDPE 2018 Rec_rev_acc_prot_cntaippdpe2019_dbf.zip
OK 116218 CNTAIPPDPE 2018 Med_impugnacion_cntaippdpe2019_dbf.zip
OK 168156 CNTAIPPDPE 2018 Medidas_apremio_cntaippdpe2019_dbf.zip
OK 90660 CNTAIPPDPE 2018 Denuncias_actos_cntaippdpe2019_dbf.zip
OK 147444 CNTAIPPDPE 2018 Transpa_gob_abie_cntaippdpe2019_dbf.zip
OK 117168 CNTAIPPDPE 2018 Prote_dato_perso_cntaippdpe2019_dbf.zip
OK 233453 CNTAIPPDPE 2018 Sujetos_obligado_cntaippdpe2019_dbf.zip
OK 162954 CNTAIPPDPE 2018 Organos_tran_suj_cntaippdpe2019_dbf.zip
OK 112717 CNTAIPPDPE 2018 Clasif_info_suj_cntaippdpe2019_dbf.zip
OK 658365 CNTAIPPDPE 2018 Obliga_transpare_cntaippdpe2019_dbf.zip
OK 287057 CNTAIPPDPE 2018 Solicit_acc_prot_cntaippdpe2019_dbf.zip
OK 95780 CNTAIPPDPE 2018 Transp_proactiva_cntaippdpe2019_dbf.zip
OK 2377 EAIM 2011 ejem_eaim_09_11_csv.zip
OK 1109812 ECOSEP 2013 ecosep_2013_dbf.zip
OK 1467 ECOVIDIE 2020 Abril ecovidie_2020_csv.zip
OK 8509402 EDF 1995 defunciones_fetales_base_datos_1995_1999_dbf.zip
OK 3166 EMOE 2008 ejem_emoe_csv.zip
OK 6778917 ENAMIN 1992 enamin92_bd_dbf.zip
OK 15048 ENAMIN 1992 fd_enamin1992.pdf
OK 6723554 ENCEVI 2018 encevi_2018_base_de_datos_csv.zip
OK 1951022 ENCEVI 2018 encevi_2018_fd.pdf
OK 1876101 ENCEVI 2018 encevi_2018_descripcion_calculo.pdf
OK 4760642 ENECE 1993 bd_enece93_dbf.zip
OK 7503 ENECE 1993 fd_enece93.pdf
OK 28196704 ENEU 1996 eneu_1996_dbf.zip
OK 33458739 ENEU 1999 eneu_1999_dbf.zip
OK 480968 ENGSPJM 2008 ayuntamiento2009_dbf.zip
OK 2324319 ENGSPJM 2008 ADMON_MUNICIPAL2009_dbf.zip
OK 909817 ENGSPJM 2008 Recursos_Materiales2009_dbf.zip
OK 645552 ENGSPJM 2008 Marco_Regulatorio2009_dbf.zip
OK 857845 ENGSPJM 2008 Seguridad_Publica2009_dbf.zip
OK 847245 ENGSPJM 2008 Justicia_Municipal2009_dbf.zip
OK 311985 ENGSPJM 2008 Usos_Costumbres2009_dbf.zip
OK 472384 ENGSPJM 2008 Asociacion_Intergubernamental2009_dbf.zip
OK 992155 ENGSPJM 2008 Recursos_Financieros2009_dbf.zip
OK 781746 ENGSPJM 2008 Servicios_Municipales2009_dbf.zip
OK 869847 ENGSPJM 2008 Programas_Sociales2009_dbf.zip
OK 269509 ENGSPJM 2008 Coordinacion_SEDESOL2009_dbf.zip
OK 736810 ENGSPJM 2008 Programa_HABITAT2009_dbf.zip
OK 441186 ENGSPJM 2008 Participacion_Ciudadana2009_dbf.zip
OK 468037 ENGSPJM 2008 Proteccion_Civil2009_dbf.zip
OK 9290 ESIDET 2008 esidet_2008_dta.zip
OK 8732562 JUDICIALESPENAL 2010 Judiciales_BD_Catalogos_2010_dbf.zip
OK 8314534 JUDICIALESPENAL 2011 Judiciales_BD_Catalogos_2011_dbf.zip
OK 8324726 JUDICIALESPENAL 2012 Judiciales_BD_Catalogos_2012_dbf.zip
OK 362267 JUSTICIAPENAL 2015 AM_Delitos_ehriij2016_dbf.zip
OK 245685 JUSTICIAPENAL 2015 AM_Adolprocesa_deli_ehriij2016_dbf.zip
OK 268575 JUSTICIAPENAL 2015 AM_Victima_delito_ehriij2016_dbf.zip
OK 237873 JUSTICIAPENAL 2015 AM_Delito_conclusion_ehriij2016_dbf.zip
OK 306087 JUSTICIAPENAL 2015 OA_Delitos_ehriij2016_dbf.zip
OK 220989 JUSTICIAPENAL 2015 OA_Adolimputado_deli_ehriij2016_dbf.zip
OK 222184 JUSTICIAPENAL 2015 OA_Victima_delito_ehriij2016_dbf.zip
OK 223903 JUSTICIAPENAL 2015 OA_Delito_conclusion_ehriij2016_dbf.zip
OK 234599 JUSTICIAPENAL 2015 AM_Adolprocesa_deli_ehriij2015_dbf.zip
OK 259544 JUSTICIAPENAL 2015 AM_Victima_delito_ehriij2015_dbf.zip
OK 1020724 JUSTICIAPENAL 2015 TA_Expedientes_ehriij2016_dbf.zip
OK 2935074 JUSTICIAPENAL 2015 TA_Delitos_ehriij2016_dbf.zip
OK 3645046 JUSTICIAPENAL 2015 TA_Procesados_ehriij2016_dbf.zip
OK 1509322 JUSTICIAPENAL 2015 TA_Procesados_delito_ehriij2016_dbf.zip
OK 6326130 JUSTICIAPENAL 2015 TA_Procesados_medida_ehriij2016_dbf.zip
OK 2514873 JUSTICIAPENAL 2015 TA_Victimas_ehriij2016_dbf.zip
OK 1964602 JUSTICIAPENAL 2015 TA_Victima_delito_ehriij2016_dbf.zip
OK 2180829 JUSTICIAPENAL 2015 TA_Victi_procesado_ehriij2016_dbf.zip
OK 1474755 JUSTICIAPENAL 2015 TA_Tramites_ehriij2016_dbf.zip
OK 1371800 JUSTICIAPENAL 2015 TA_Conclusiones_ehriij2016_dbf.zip
OK 1184874 JUSTICIAPENAL 2015 TA_Delito_conclusion_ehriij2016_dbf.zip
OK 465230 JUSTICIAPENAL 2015 JC_Expedientes_ehriij2016_dbf.zip
OK 1259275 JUSTICIAPENAL 2015 JC_Delitos_ehriij2016_dbf.zip
OK 1597428 JUSTICIAPENAL 2015 JC_Imputados_ehriij2016_dbf.zip
OK 537274 JUSTICIAPENAL 2015 JC_Imputados_delito_ehriij2016_dbf.zip
OK 1292083 JUSTICIAPENAL 2015 JC_Imputados_medida_ehriij2016_dbf.zip
OK 1072133 JUSTICIAPENAL 2015 JC_Victimas_ehriij2016_dbf.zip
OK 677589 JUSTICIAPENAL 2015 JC_Victima_delito_ehriij2016_dbf.zip
OK 938130 JUSTICIAPENAL 2015 JC_Victi_imputado_ehriij2016_dbf.zip
OK 641745 JUSTICIAPENAL 2015 JC_Tramites_ehriij2016_dbf.zip
OK 858858 JUSTICIAPENAL 2015 JC_Conclusiones_ehriij2016_dbf.zip
OK 716999 JUSTICIAPENAL 2015 JC_Delito_conclusion_ehriij2016_dbf.zip
OK 202039 JUSTICIAPENAL 2015 JO_Expedientes_ehriij2016_dbf.zip
OK 281356 JUSTICIAPENAL 2015 JO_Delitos_ehriij2016_dbf.zip
OK 349892 JUSTICIAPENAL 2015 JO_Imputados_ehriij2016_dbf.zip
OK 206656 JUSTICIAPENAL 2015 JO_Imputados_delito_ehriij2016_dbf.zip
OK 243122 JUSTICIAPENAL 2015 JO_Imputados_medida_ehriij2016_dbf.zip
OK 313714 JUSTICIAPENAL 2015 JO_Victimas_ehriij2016_dbf.zip
OK 214416 JUSTICIAPENAL 2015 JO_Victima_delito_ehriij2016_dbf.zip
OK 213331 JUSTICIAPENAL 2015 JO_Victi_Imputado_ehriij2016_dbf.zip
OK 197071 JUSTICIAPENAL 2015 JO_Tramites_ehriij2016_dbf.zip
OK 240610 JUSTICIAPENAL 2015 JO_Conclusiones_ehriij2016_dbf.zip
OK 220682 JUSTICIAPENAL 2015 JO_Deli_conclus_ehriij2016_dbf.zip
OK 227513 JUSTICIAPENAL 2015 AM_Expedientes_ehriij2016_dbf.zip
OK 429655 JUSTICIAPENAL 2015 AM_Adol_procesados_ehriij2016_dbf.zip
OK 336368 JUSTICIAPENAL 2015 AM_Adolprocesa_medid_ehriij2016_dbf.zip
OK 394439 JUSTICIAPENAL 2015 AM_Victimas_ehriij2016_dbf.zip
OK 278977 JUSTICIAPENAL 2015 AM_Victi_adolproces_ehriij2016_dbf.zip
OK 231912 JUSTICIAPENAL 2015 AM_Tramites_ehriij2016_dbf.zip
OK 277313 JUSTICIAPENAL 2015 AM_Conclusiones_ehriij2016_dbf.zip
OK 207203 JUSTICIAPENAL 2015 OA_Expedientes_ehriij2016_dbf.zip
OK 368117 JUSTICIAPENAL 2015 OA_Adol_imputados_ehriij2016_dbf.zip
OK 285336 JUSTICIAPENAL 2015 OA_Adolimputado_medi_ehriij2016_dbf.zip
OK 344394 JUSTICIAPENAL 2015 OA_Victimas_ehriij2016_dbf.zip
OK 239497 JUSTICIAPENAL 2015 OA_Victima_adol_impu_ehriij2016_dbf.zip
OK 208792 JUSTICIAPENAL 2015 OA_Tramites_ehriij2016_dbf.zip
OK 259668 JUSTICIAPENAL 2015 OA_Conclusiones_ehriij2016_dbf.zip
OK 129886 MOCIBA 2021 mociba2021_fd.xlsx
OK 143098 MOCIBA 2025 mociba2025_fd.xlsx
OK 84077 MODECULT 2016 modecult_jun16_sav.zip
OK 1670334 MODECULT 2016 fd_modecult16.pdf
OK 70319 MODECULT 2016 modecult_sep16_csv.zip
OK 4220862 MODUTIH 2009 endutih_2009_bd_dbf.zip
OK 48621 MODUTIH 2009 fd_endutih09.pdf
OK 50699 MOPRADEF 2013 Nov mopradef_bd_noviembre_2013_sav.zip
OK 55604 MOPRADEF 2017 mopradef_bd_noviembre_2017_sav.zip
OK 54662 MOPRADEF 2019 mopradef_bd_noviembre_2019_sav.zip
OK 54662 MOPRADEF 2019 Nov mopradef_bd_noviembre_2019_sav.zip
OK 41793 MOPRADEF 2021 Nov mopradef_bd_noviembre_2021_sav.zip
OK 19439275 MTI 2013 mti13_bd_dbf.zip
OK 606295 MTI 2013 fd_mti_2013.pdf
OK 49487980 RELLABORALES 2006 laborales_base_datos_2006_2010_dbf.zip
tanda cerrada: 218 caminadas, 0.28 GB
