pendientes: 248
OK 38246289 NATALIDAD 2008 natalidad_base_datos_2008_dbf.zip
OK 2936015 ACCIDENTES 2001 atus_01_dbf.zip
OK 3823464 ACCIDENTES 2008 atus_08_dbf.zip
OK 3959252 ACCIDENTES 2015 atus_15_dbf.zip
OK 3628115 ACCIDENTES 2017 atus_17_dbf.zip
OK 2900462 ACCIDENTES 2020 atus_20_dbf.zip
OK 3759238 BIARE 2016 biare_basico_bd_2016.zip
OK 459820 BIARE 2026 biare_2026_bd_csv.zip
OK 64049 BIARE 2026 biare_2026_fd.xlsx
OK 505 CAGF 2007 ejemplo_cagyf2007_csv.zip
OK 175434 CNPJ 2014 Estruc_organizacional_cnpjf2015_dbf.zip
OK 350089 CNPJ 2014 Recursos_cnpjf2015_dbf.zip
OK 321607 CNPJ 2014 Agencias_MPF_cnpjf2015_dbf.zip
OK 220320 CNPJ 2014 Infraestructura_cnpjf2015_dbf.zip
OK 210117 CNPJ 2014 Func_esp_cnpjf2015_dbf.zip
OK 342768 CNPJ 2014 Serv_periciales_cnpjf2015_dbf.zip
OK 323373 CNPJ 2014 Rechum_serv_pericial_cnpjf2015_dbf.zip
OK 148624 CNPJ 2014 Ejerc_funcion_PJ_cnpjf2015_dbf.zip
OK 223551 CNPJ 2014 Denuncias_querellas_cnpjf2015_dbf.zip
OK 168611 CNPJ 2014 Actas_circuntanciadas_cnpjf2015_dbf.zip
OK 210273 CNPJ 2014 Exis_inicio_anio_cnpjf2015_dbf.zip
OK 547540 CNPJ 2014 Ingresos_aperturas_cnpjf2015_dbf.zip
OK 187700 CNPJ 2014 Reingresos_cnpjf2015_dbf.zip
OK 267257 CNPJ 2014 Conclus_durante_anio_cnpjf2015_dbf.zip
OK 206548 CNPJ 2014 Cierre_durante_anio_cnpjf2015_dbf.zip
OK 247637 CNPJ 2014 Exis_cierre_anio_cnpjf2015_dbf.zip
OK 225357 CNPJ 2014 Reasignaciones_cnpjf2015_dbf.zip
OK 298934 CNPJ 2014 Ordenes_aprehension_cnpjf2015_dbf.zip
OK 276341 CNPJ 2014 Comb_ctrl_delsalud_cnpjf2015_dbf.zip
OK 284665 CNPJE 2014 estructura_organizacional_cnpje2015_dbf.zip
OK 352549 CNPJE 2014 recursos_cnpje2015_dbf.zip
OK 473492 CNPJE 2014 agencias_mp_cnpje2015_dbf.zip
OK 279825 CNPJE 2014 infraestructura_cnpje2015_dbf.zip
OK 267892 CNPJE 2014 func_esp_cnpje2015_dbf.zip
OK 373410 CNPJE 2014 serv_periciales_cnpje2015_dbf.zip
OK 314652 CNPJE 2014 centro_justicia_mujeres_cnpje2015_dbf.zip
OK 132554 CNPJE 2014 implement_sist_acus_oral_cnpje2015_dbf.zip
OK 170221 CNPJE 2014 denuncias_querellas_actas_cnpje2015_dbf.zip
OK 1662740 CNPJE 2014 ap_iniciadas_ci_abiertas_cnpje2015_dbf.zip
OK 1001601 CNPJE 2014 ap_ci_determinadas_cnpje2015_dbf.zip
OK 361058 CNPJE 2014 ci_cerradas_cnpje2015_dbf.zip
OK 992759 CNPJE 2014 ap_ci_pendientes_cnpje2015_dbf.zip
OK 129474 CNPJE 2014 ordenes_aprehension_cnpje2015_dbf.zip
OK 130196 CNPJE 2014 vehic_robados_recup_cnpje2015_dbf.zip
OK 145178 CNPJE 2014 denuncias_querellas_cnpje2015_dbf.zip
OK 1504812 CNPJE 2014 ap_invest_abiertas_cnpje2015_dbf.zip
OK 1020443 CNPJE 2014 ap_invest_determinadas_cnpje2015_dbf.zip
OK 394935 CNPJE 2014 invest_cerradas_cnpje2015_dbf.zip
OK 1020928 CNPJE 2014 ap_invest_pendientes_cnpje2015_dbf.zip
OK 140944 CNPJE 2014 ordenes_detencion_cnpje2015_dbf.zip
OK 231467 CNPJE 2014 rec_pres_cnpje2015_dbf.zip
OK 219775 CNPJE 2014 rec_mat_cnpje2015_dbf.zip
OK 676215 CNPJE 2014 justicia_alterna_mec_alter_controversia_cnpje2015_dbf.zip
OK 222159 CNSPF 2018 Recursos_humanos_cnspf2019_dbf.zip
OK 90663 CNSPF 2018 Recursos_presupuestal_cnspf2019_dbf.zip
OK 110512 CNSPF 2018 Recursos_materiales_cnspf2019_dbf.zip
OK 123568 CNSPF 2018 Ejer_funci_especifica_cnspf2019_dbf.zip
OK 228166 CNSPF 2018 Control_intern_antico_cnspf2019_dbf.zip
OK 106292 CNSPF 2018 Marco_regulatorio_cnspf2019_dbf.zip
OK 99879 CNSPF 2018 Asociacio_interinstit_cnspf2019_dbf.zip
OK 275333 CNSPF 2018 Ejer_funcion_spf_cnspf2019_dbf.zip
OK 122604 CNSPF 2018 Ejercicio_func_espec_cnspf2019_dbf.zip
OK 93895 CNSPF 2018 Uso_fuerza_cnspf2019_dbf.zip
OK 235872 CNSPF 2018 Acc_sinies_carr_puent_cnspf2019_dbf.zip
OK 128027 CNSPF 2018 Fallecimiento_funcion_cnspf2019_dbf.zip
OK 231677 DH 2014 FD_RIOPDH_2015_xlsx.zip
OK 21542 DH 2014 1_TD_QUEJAS_2015_sav.zip
OK 66958 DH 2014 2_TD_EXP_HECH_VIO_2015_sav.zip
OK 11503 DH 2014 3_TD_EXP_HECH_VIO_DET_2015_sav.zip
OK 7082 DH 2014 4_TD_MEDIDAS_2015_sav.zip
OK 11778 DH 2014 5_TD_RECOMENDACIONES_2015_sav.zip
OK 17829 DH 2014 6_TD_FORM_VINC_2015_sav.zip
OK 15720 DH 2014 7_TD_OFIC_REC_HUM_2015_sav.zip
OK 198308 DH 2015 FD_RIOPDH_2016_xlsx.zip
OK 23308 DH 2015 1_TD_QUEJAS_2016_sav.zip
OK 141204 DH 2015 2_TD_EXP_HECH_VIO_2016_sav.zip
OK 13745 DH 2015 3_TD_EXP_HECH_VIO_DET_2016_sav.zip
OK 10573 DH 2015 4_TD_MEDIDAS_2016_sav.zip
OK 14270 DH 2015 5_TD_RECOMENDACIONES_2016_sav.zip
OK 20336 DH 2015 6_TD_FORM_VINC_2016_sav.zip
OK 7457 DH 2015 7_TD_INFRA_RECMAT_PRES_2016_sav.zip
OK 20293 DH 2015 8_TD_REC_HUMANOS_2016_sav.zip
OK 2680 EASPNF 2012 ejem_servicios_anual_2011_2012_dbf.zip
OK 10746 EAT 2012 EAT2012_dbf.zip
OK 6684717 ECOSEP 2011 ecosep_2011_dbf.zip
OK 1942 ECOVIDIE 2020 Agosto Ejemplo_TR_ECOVID2020_II_csv.zip
OK 1864528 EDF 2020 fetales_base_de_datos_2020_dbf.zip
OK 2181 EMIM 2020 ej_emim_2013_prod_2013_2020_csv.zip
OK 1411 EMIM 2020 ej_emim_2013_var_2013_2020_csv.zip
OK 313 ENA 2019 TRD_CATEGORIA_JURIDICA_csv.zip
OK 5071671 ENAID 2016 enaid2016_bd_dbf.zip
OK 4683150 ENAID 2016 enaid2016_fd.pdf
OK 14924507 ENEU 1989 eneu_1989_dbf.zip
OK 55875160 ENEU 2003 eneu_2003_dbf.zip
OK 1177963 ENH 2015 vivienda_enh_2015_csv.zip
OK 721754 ENH 2015 hogar_enh_2015_csv.zip
OK 3714513 ENH 2015 persona_enh_2015_csv.zip
OK 1852751 ENILEMS 2012 enilems12_bd_dbf.zip
OK 781591 ENILEMS 2012 enilems12_fd.pdf
OK 2774271 ENILEMS 2019 enilems_2019_bd_dbf.zip
OK 2198018 ENILEMS 2019 enilems_2019_fd.pdf
OK 1257617 ENPETAH 2012 enpetah_2012_2do_lev_dbf.zip
OK 785596 ENPETAH 2012 enpetah_2012_1er_lev_dbf.zip
OK 99328 ENPETAH 2012 fd_tvdigital_2do_lev.xls
OK 117248 ENPETAH 2012 fd_tvdigital_1er_lev.xls
OK 19282 ENTIC 2009 entic_2009_dbf.zip
OK 2551 ENVE 2016 enve_2016_csv.zip
OK 2995058 ENVIF 1999 envif_99_dbf.zip
OK 61891 ENVIF 1999 fd_envif99.pdf
OK 60017 ESIDET 2017 esidet_ejemplos2017_dbf.zip
OK 2051970 ILMM 2023 ilmm_2023_bd_xlsx.zip
OK 1963235 ILMM 2024 ilmm_2024_bd_xlsx.zip
OK 8072743 JUDICIALESPENAL 2007 Judiciales_BD_Catalogos_2007_dbf.zip
OK 535461 JUSTICIAPENAL 2021 TA_Expedientes_ehriij2022_dbf.zip
OK 1371248 JUSTICIAPENAL 2021 TA_Delitos_ehriij2022_dbf.zip
OK 1801721 JUSTICIAPENAL 2021 TA_Procesados_ehriij2022_dbf.zip
OK 592464 JUSTICIAPENAL 2021 TA_Procesados_delito_ehriij2022_dbf.zip
OK 3577303 JUSTICIAPENAL 2021 TA_Procesados_medida_ehriij2022_dbf.zip
OK 1417763 JUSTICIAPENAL 2021 TA_Victimas_ehriij2022_dbf.zip
OK 1661429 JUSTICIAPENAL 2021 TA_Victima_delito_ehriij2022_dbf.zip
OK 1268187 JUSTICIAPENAL 2021 TA_Victi_procesado_ehriij2022_dbf.zip
OK 1219303 JUSTICIAPENAL 2021 TA_Tramites_ehriij2022_dbf.zip
OK 282282 JUSTICIAPENAL 2021 TA_Conclusiones_ehriij2022_dbf.zip
OK 203502 JUSTICIAPENAL 2021 TA_Delito_conclusion_ehriij2022_dbf.zip
OK 190213 JUSTICIAPENAL 2021 TA_Narcoticos_ehriij2022_dbf.zip
OK 1263810 JUSTICIAPENAL 2021 JC_Expedientes_ehriij2022_dbf.zip
OK 4740137 JUSTICIAPENAL 2021 JC_Delitos_ehriij2022_dbf.zip
OK 5878177 JUSTICIAPENAL 2021 JC_Imputados_ehriij2022_dbf.zip
OK 3555523 JUSTICIAPENAL 2021 JC_Imputados_delito_ehriij2022_dbf.zip
OK 8356574 JUSTICIAPENAL 2021 JC_Imputados_medida_ehriij2022_dbf.zip
OK 127863 JUSTICIAPENAL 2021 JC_Audiencias_ehriij2022_dbf.zip
OK 4263175 JUSTICIAPENAL 2021 JC_Victimas_ehriij2022_dbf.zip
OK 4767328 JUSTICIAPENAL 2021 JC_Victima_delito_ehriij2022_dbf.zip
OK 3166089 JUSTICIAPENAL 2021 JC_Victi_imputado_ehriij2022_dbf.zip
OK 2613705 JUSTICIAPENAL 2021 JC_Tramites_ehriij2022_dbf.zip
OK 1984479 JUSTICIAPENAL 2021 JC_Conclusiones_ehriij2022_dbf.zip
OK 1143937 JUSTICIAPENAL 2021 JC_Delito_conclusion_ehriij2022_dbf.zip
OK 1711386 JUSTICIAPENAL 2021 JC_Narcoticos_ehriij2022_dbf.zip
OK 198922 JUSTICIAPENAL 2021 JO_Expedientes_ehriij2022_dbf.zip
OK 571118 JUSTICIAPENAL 2021 JO_Delitos_ehriij2022_dbf.zip
OK 755710 JUSTICIAPENAL 2021 JO_Imputados_ehriij2022_dbf.zip
OK 367841 JUSTICIAPENAL 2021 JO_Imputados_delito_ehriij2022_dbf.zip
OK 393056 JUSTICIAPENAL 2021 JO_Imputados_medida_ehriij2022_dbf.zip
OK 94917 JUSTICIAPENAL 2021 JO_Audiencias_ehriij2022_dbf.zip
OK 678960 JUSTICIAPENAL 2021 JO_Victimas_ehriij2022_dbf.zip
OK 470965 JUSTICIAPENAL 2021 JO_Victima_delito_ehriij2022_dbf.zip
OK 236373 JUSTICIAPENAL 2021 JO_Victi_imputado_ehriij2022_dbf.zip
OK 287233 JUSTICIAPENAL 2021 JO_Tramites_ehriij2022_dbf.zip
OK 272511 JUSTICIAPENAL 2021 JO_Conclusiones_ehriij2022_dbf.zip
OK 195335 JUSTICIAPENAL 2021 JO_Delito_conclusion_ehriij2022_dbf.zip
OK 114665 JUSTICIAPENAL 2021 JO_Narcoticos_ehriij2022_dbf.zip
OK 99191 JUSTICIAPENAL 2021 AM_Expedientes_ehriij2022_dbf.zip
OK 208491 JUSTICIAPENAL 2021 AM_Delitos_ehriij2022_dbf.zip
OK 273433 JUSTICIAPENAL 2021 AM_Adol_procesados_ehriij2022_dbf.zip
OK 101105 JUSTICIAPENAL 2021 AM_Adolprocesa_deli_ehriij2022_dbf.zip
OK 132027 JUSTICIAPENAL 2021 AM_Adolprocesa_medid_ehriij2022_dbf.zip
OK 272007 JUSTICIAPENAL 2021 AM_Victimas_ehriij2022_dbf.zip
OK 102249 JUSTICIAPENAL 2021 AM_Victima_delito_ehriij2022_dbf.zip
OK 103541 JUSTICIAPENAL 2021 AM_Victi_adolproces_ehriij2022_dbf.zip
OK 102029 JUSTICIAPENAL 2021 AM_Tramites_ehriij2022_dbf.zip
OK 162403 JUSTICIAPENAL 2021 AM_Conclusiones_ehriij2022_dbf.zip
OK 97337 JUSTICIAPENAL 2021 AM_Delito_conclusion_ehriij2022_dbf.zip
OK 172172 JUSTICIAPENAL 2021 AM_Narcoticos_ehriij2022_dbf.zip
OK 94545 JUSTICIAPENAL 2021 OA_Expedientes_ehriij2022_dbf.zip
OK 194029 JUSTICIAPENAL 2021 OA_Delitos_ehriij2022_dbf.zip
OK 258401 JUSTICIAPENAL 2021 OA_Adol_imputados_ehriij2022_dbf.zip
OK 93035 JUSTICIAPENAL 2021 OA_Adolimputado_deli_ehriij2022_dbf.zip
OK 98572 JUSTICIAPENAL 2021 OA_Adolimputado_medi_ehriij2022_dbf.zip
OK 259709 JUSTICIAPENAL 2021 OA_Victimas_ehriij2022_dbf.zip
OK 91822 JUSTICIAPENAL 2021 OA_Victima_delito_ehriij2022_dbf.zip
OK 94978 JUSTICIAPENAL 2021 OA_Victi_adolimputad_ehriij2022_dbf.zip
OK 93840 JUSTICIAPENAL 2021 OA_Tramites_ehriij2022_dbf.zip
OK 161601 JUSTICIAPENAL 2021 OA_Conclusiones_ehriij2022_dbf.zip
OK 95131 JUSTICIAPENAL 2021 OA_Delito_conclusion_ehriij2022_dbf.zip
OK 110366 JUSTICIAPENAL 2021 OA_Narcoticos_ehriij2022_dbf.zip
OK 51102 JUSTICIAPENAL 2021 ADOJC_Actos_procesales_ehriij2022_dbf.zip
OK 147504 JUSTICIAPENAL 2021 ADOJC_Audiencias_ehriij2022_dbf.zip
OK 138485 JUSTICIAPENAL 2021 ADOJC_Causas_penales_ehriij2022_dbf.zip
OK 186371 JUSTICIAPENAL 2021 ADOJC_Conclusiones_ehriij2022_dbf.zip
OK 91747 JUSTICIAPENAL 2021 ADOJC_Suspension_ehriij2022_dbf.zip
OK 123714 JUSTICIAPENAL 2021 ADOJC_Delito_conclusion_ehriij2022_dbf.zip
OK 364691 JUSTICIAPENAL 2021 ADOJC_Delitos_ehriij2022_dbf.zip
OK 53762 JUSTICIAPENAL 2021 ADOJC_Delito_homicidio_ehriij2022_dbf.zip
OK 87787 JUSTICIAPENAL 2021 ADOJC_Delito_robo_ehriij2022_dbf.zip
OK 235405 JUSTICIAPENAL 2021 ADOJC_Etapa_inicial_ehriij2022_dbf.zip
OK 133281 JUSTICIAPENAL 2021 ADOJC_Etapa_intermedia_ehriij2022_dbf.zip
OK 91222 JUSTICIAPENAL 2021 ADOJC_Medida_noprivativa_ehriij2022_dbf.zip
OK 139651 JUSTICIAPENAL 2021 ADOJC_Imputados_delito_ehriij2022_dbf.zip
OK 99728 JUSTICIAPENAL 2021 ADOJC_Imputados_fueningre_ehriij2022_dbf.zip
OK 130178 JUSTICIAPENAL 2021 ADOJC_Imputados_medida_ehriij2022_dbf.zip
OK 108483 JUSTICIAPENAL 2021 ADOJC_Medioprueba_present_ehriij2022_dbf.zip
OK 467937 JUSTICIAPENAL 2021 ADOJC_Imputados_ehriij2022_dbf.zip
OK 162282 JUSTICIAPENAL 2021 ADOJC_Tramites_ehriij2022_dbf.zip
OK 177279 JUSTICIAPENAL 2021 ADOJC_Victima_delito_ehriij2022_dbf.zip
OK 98924 JUSTICIAPENAL 2021 ADOJC_Victima_fueningre_ehriij2022_dbf.zip
OK 379633 JUSTICIAPENAL 2021 ADOJC_Victimas_ehriij2022_dbf.zip
OK 88006 JUSTICIAPENAL 2021 ADOJC_Victima_medida_ehriij2022_dbf.zip
OK 95373 JUSTICIAPENAL 2021 ADOJC_Victimuj_medida_ehriij2022_dbf.zip
OK 155714 JUSTICIAPENAL 2021 ADOJC_Victi_imputado_ehriij2022_dbf.zip
OK 104725 JUSTICIAPENAL 2021 ADOJO_Audiencias_ehriij2022_dbf.zip
OK 93362 JUSTICIAPENAL 2021 ADOJO_Causas_penales_ehriij2022_dbf.zip
OK 128746 JUSTICIAPENAL 2021 ADOJO_Conclusiones_ehriij2022_dbf.zip
OK 87249 JUSTICIAPENAL 2021 ADOJO_Delitos_conclusion_ehriij2022_dbf.zip
OK 210114 JUSTICIAPENAL 2021 ADOJO_Delitos_ehriij2022_dbf.zip
OK 91806 JUSTICIAPENAL 2021 ADOJO_Delito_homicidio_ehriij2022_dbf.zip
OK 89863 JUSTICIAPENAL 2021 ADOJO_Delito_robo_ehriij2022_dbf.zip
OK 121628 JUSTICIAPENAL 2021 ADOJO_Etapa_oral_ehriij2022_dbf.zip
OK 87041 JUSTICIAPENAL 2021 ADOJO_Medida_noprivativa_ehriij2022_dbf.zip
OK 85092 JUSTICIAPENAL 2021 ADOJO_Imputados_delito_ehriij2022_dbf.zip
OK 88306 JUSTICIAPENAL 2021 ADOJO_Imputados_fueningre_ehriij2022_dbf.zip
OK 303238 JUSTICIAPENAL 2021 ADOJO_Imputados_ehriij2022_dbf.zip
OK 92692 JUSTICIAPENAL 2021 ADOJO_Tramites_ehriij2022_dbf.zip
OK 87595 JUSTICIAPENAL 2021 ADOJO_Victima_delito_ehriij2022_dbf.zip
OK 89393 JUSTICIAPENAL 2021 ADOJO_Victima_fueningre_ehriij2022_dbf.zip
OK 264478 JUSTICIAPENAL 2021 ADOJO_Victimas_ehriij2022_dbf.zip
OK 92978 JUSTICIAPENAL 2021 ADOJO_Victi_imputado_ehriij2022_dbf.zip
OK 250024 MCS 2012 MCS_Agropecuario_2012_concil_2010_csv.zip
OK 2399040 MCS 2012 MCS_Concentrado_2012_concil_2010_csv.zip
OK 604006 MCS 2012 MCS_Gastohogar_2012_concil_2010_csv.zip
OK 1983642 MCS 2012 MCS_Gastopersona_2012_concil_2010_csv.zip
OK 1579847 MCS 2012 MCS_Hogares_2012_concil_2010_csv.zip
OK 2561286 MCS 2012 MCS_Ingresos_2012_concil_2010_csv.zip
OK 783715 MCS 2012 MCS_Noagropecuario_2012_concil_2010_csv.zip
OK 6543648 MCS 2012 MCS_Poblacion_2012_concil_2010_csv.zip
OK 1272396 MCS 2012 MCS_Trabajos_2012_concil_2010_csv.zip
OK 1051420 MCS 2012 MCS_Viviendas_2012_concil_2010_csv.zip
OK 138846 MOCIBA 2023 mociba2023_fd.xlsx
OK 72164 MODECULT 2017 modecult_may2017_csv.zip
OK 1587563 MODECULT 2017 fd_modecult2017.pdf
OK 60732 MODECULT 2020 modecult_sep2020_csv.zip
OK 33349 MODECULT 2020 fd_modecult2020.xlsx
OK 548095 MODECULT 2025 modecult_jun2025_csv.zip
OK 56504 MODECULT 2025 fd_modecult2025.xlsx
OK 4431491 MODUTIH 2010 endutih_2010_bd_dbf.zip
OK 28558 MODUTIH 2010 modutih2010_descripcion_de_archivos.pdf
OK 8342232 MODUTIH 2014 modutih2014_bd_dbf.zip
OK 1493767 MODUTIH 2014 modutih2014_descripcion_de_archivos.pdf
OK 3712703 MOHOMA 2017 bd_mohoma_2017_csv.zip
OK 54334 MOPRADEF 2014 May mopradef_bd_may14_sav.zip
OK 55663 MOPRADEF 2015 mopradef_bd_noviembre_2015_sav.zip
OK 53690 MOPRADEF 2016 mopradef_bd_noviembre_2016_sav.zip
OK 55604 MOPRADEF 2017 Nov mopradef_bd_noviembre_2017_sav.zip
OK 14759886 MTI 2017 mti17_bd_dbf.zip
OK 1139651 MTI 2017 fd_mti_2017.pdf
OK 27425811 RELLABORALES 1996 laborales_base_datos_1996_2000_dbf.zip
OK 66726117 RELLABORALES 2011 laborales_base_datos_2011_2015_dbf.zip
OK 69391542 RELLABORALES 2016 laborales_base_datos_2016_2020_dbf.zip
tanda cerrada: 248 caminadas, 0.49 GB
