pendientes: 574
FALLO 000 curl: (52) Empty reply from server http://www.coneval.org.mx/Informes/Pobreza/Estatal2012/NACIONAL_2010-2012/Cambios_pobreza_pobreza_extrema_Nac_Edos.zip
OK 206819 CNGF 2016 Estruc_organizacional_cngf2017_dbf.zip
OK 238465 CNGF 2016 Recursos_humanos_cngf2017_dbf.zip
OK 237387 CNGF 2016 Recursos_materiales_cngf2017_dbf.zip
OK 251843 CNGF 2016 Gobierno_electronico_cngf2017_dbf.zip
OK 171360 CNGF 2016 Act_estadis_geografica_cngf2017_dbf.zip
OK 350728 CNGF 2016 Ctrl_interno_anticorru_cngf2017_dbf.zip
OK 176143 CNGF 2016 Marco_regulatorio_cngf2017_dbf.zip
OK 231036 CNGF 2016 Recursos_presupuestal_cngf2017_dbf.zip
OK 183699 CNGF 2016 Planeacion_evaluacion_cngf2017_dbf.zip
OK 224001 CNGF 2016 Tramites_servicios_cngf2017_dbf.zip
OK 656177 CNGSPSPE 2017 Estructura_rechuma_cngspspe2018_dbf.zip
OK 249559 CNGSPSPE 2017 Ejercicio_presupue_cngspspe2018_dbf.zip
OK 462143 CNGSPSPE 2017 Recursos_mater_cngspspe2018_dbf.zip
OK 288795 CNGSPSPE 2017 Gob_elec_cngspspe2018_dbf.zip
OK 230672 CNGSPSPE 2017 Planeacion_eval_cngspspe2018_dbf.zip
OK 193802 CNGSPSPE 2017 Act_estadist_geo_cngspspe2018_dbf.zip
OK 240883 CNGSPSPE 2017 Tramite_serv_cngspspe2018_dbf.zip
OK 313249 CNGSPSPE 2017 Proteccion_civil_cngspspe2018_dbf.zip
OK 225175 CNGSPSPE 2017 Transparencia_cngspspe2018_dbf.zip
OK 213690 CNGSPSPE 2017 Solacce_infpubprot_cngspspe2018_dbf.zip
OK 202179 CNGSPSPE 2017 Capac_infpubprot_cngspspe2018_dbf.zip
OK 182607 CNGSPSPE 2017 Rec_pres_transpa_cngspspe2018_dbf.zip
OK 215108 CNGSPSPE 2017 Admon_arch_gestdoc_cngspspe2018_dbf.zip
OK 288198 CNGSPSPE 2017 Rec_plan_admongest_cngspspe2018_dbf.zip
OK 249214 CNGSPSPE 2017 Sist_arch_doc_elec_cngspspe2018_dbf.zip
OK 278116 CNGSPSPE 2017 Ctrl_inter_anticor_cngspspe2018_dbf.zip
OK 209025 CNGSPSPE 2017 Particip_ciudadana_cngspspe2018_dbf.zip
OK 266290 CNGSPSPE 2017 Marco_regulatorio_cngspspe2018_dbf.zip
OK 310316 CNGSPSPE 2017 Defensoria_pubofic_cngspspe2018_dbf.zip
OK 277661 CNGSPSPE 2017 Recursos_defenso_cngspspe2018_dbf.zip
OK 187117 CNGSPSPE 2017 Capacita_defenso_cngspspe2018_dbf.zip
OK 311811 CNGSPSPE 2017 Serv_periciales_cngspspe2018_dbf.zip
OK 251481 CNGSPSPE 2017 Recursos_servperic_cngspspe2018_dbf.zip
OK 185445 CNGSPSPE 2017 Capacitacion_SP_cngspspe2018_dbf.zip
OK 215942 CNGSPSPE 2017 Centros_mujeres_cngspspe2018_dbf.zip
OK 250971 CNGSPSPE 2017 Recursos_centrmuje_cngspspe2018_dbf.zip
OK 248183 CNGSPSPE 2017 Ejerfunc_centrmuje_cngspspe2018_dbf.zip
OK 261583 CNGSPSPE 2017 Avprevinic_carpinv_cngspspe2018_dbf.zip
OK 236181 CNGSPSPE 2017 Victimas_centrmuje_cngspspe2018_dbf.zip
OK 181160 CNGSPSPE 2017 Alert_violenciamuj_cngspspe2018_dbf.zip
OK 93167 CNGSPSPE 2017 Estructur_organiza_cngspspe2018_dbf.zip
OK 81786 CNGSPSPE 2017 Recursos_humanos_cngspspe2018_dbf.zip
OK 94884 CNGSPSPE 2017 Marco_nomatividad_cngspspe2018_dbf.zip
OK 137647 CNGSPSPE 2017 Pmc_tecnologias_cngspspe2018_dbf.zip
OK 198508 CNGSPSPE 2017 Padron_cartografia_cngspspe2018_dbf.zip
OK 136374 CNGSPSPE 2017 Inspec_impuesto_cngspspe2018_dbf.zip
OK 267180 CNGSPSPE 2017 Rec_hum_pre_segpub_cngspspe2018_dbf.zip
OK 545749 CNGSPSPE 2017 Infraestruc_segpub_cngspspe2018_dbf.zip
OK 247836 CNGSPSPE 2017 Genera_info_estad_cngspspe2018_dbf.zip
OK 253122 CNGSPSPE 2017 Infraes_generacion_cngspspe2018_dbf.zip
OK 181872 CNGSPSPE 2017 Empresas_segpub_cngspspe2018_dbf.zip
OK 2789882 CNGSPSPE 2017 InterPrInfraDelVic_cngspspe2018_dbf.zip
OK 435130 CNGSPSPE 2017 ProbInfra_Resp_MUP_cngspspe2018_dbf.zip
OK 189750 CNGSPSPE 2017 Ejercicio_func_esp_cngspspe2018_dbf.zip
OK 202164 CNGSPSPE 2017 Falleci_policia_cngspspe2018_dbf.zip
OK 217398 CNGSPSPE 2017 Recurso_centropeni_cngspspe2018_dbf.zip
OK 189336 CNGSPSPE 2017 Ejercicio_funcion_cngspspe2018_dbf.zip
OK 260655 CNGSPSPE 2017 Ctrl_interno_antic_cngspspe2018_dbf.zip
OK 217440 CNGSPSPE 2017 Marco_regulator_sp_cngspspe2018_dbf.zip
OK 183529 CNGSPSPE 2017 Asocia_interguber_cngspspe2018_dbf.zip
OK 395951 CNGSPSPE 2017 Ingresos_centro_pe_cngspspe2018_dbf.zip
OK 346073 CNGSPSPE 2017 Egresos_centro_pe_cngspspe2018_dbf.zip
OK 317256 CNGSPSPE 2017 Personas_centro_pe_cngspspe2018_dbf.zip
OK 303312 CNGSPSPE 2017 Caract_perso_liber_cngspspe2018_dbf.zip
OK 218893 CNGSPSPE 2017 Incidentes_CP_cngspspe2018_dbf.zip
OK 250622 CNGSPSPE 2017 Act_reinse_social_cngspspe2018_dbf.zip
OK 193648 CNGSPSPE 2017 Traslados_cngspspe2018_dbf.zip
OK 215459 CNGSPSPE 2017 Proteccion_derehum_cngspspe2018_dbf.zip
OK 202190 CNGSPSPE 2017 Regimen_disciplina_cngspspe2018_dbf.zip
OK 200981 CNGSPSPE 2017 Personas_externada_cngspspe2018_dbf.zip
OK 207334 CNGSPSPE 2017 Recurso_tratamient_cngspspe2018_dbf.zip
OK 184755 CNGSPSPE 2017 Ejerc_func_centro_cngspspe2018_dbf.zip
OK 252062 CNGSPSPE 2017 Ctrlinterno_antico_cngspspe2018_dbf.zip
OK 207304 CNGSPSPE 2017 Marco_regulacentro_cngspspe2018_dbf.zip
OK 185595 CNGSPSPE 2017 Asoc_intergub_cent_cngspspe2018_dbf.zip
OK 340554 CNGSPSPE 2017 Ingreso_centro_ado_cngspspe2018_dbf.zip
OK 299089 CNGSPSPE 2017 Egresos_centro_ado_cngspspe2018_dbf.zip
OK 308561 CNGSPSPE 2017 Adolesc_centro_ado_cngspspe2018_dbf.zip
OK 253591 CNGSPSPE 2017 Caracte_adoles_int_cngspspe2018_dbf.zip
OK 219228 CNGSPSPE 2017 Inciden_centro_ado_cngspspe2018_dbf.zip
OK 221721 CNGSPSPE 2017 Activ_orien_centro_cngspspe2018_dbf.zip
OK 204982 CNGSPSPE 2017 Ejerfunc_organ_pdh_cngspspe2018_dbf.zip
OK 197392 CNGSPSPE 2017 Regim_discipli_ado_cngspspe2018_dbf.zip
OK 319372 CNGSPSPE 2017 Adolesce_trata_ext_cngspspe2018_dbf.zip
OK 959212 CNGSPSPE 2017 Medio_ambiente_cngspspe2018_dbf.zip
OK 181813 CNGSPSPE 2017 Infraestructura_cngspspe2018_dbf.zip
OK 265161 CNGSPSPE 2017 Proce_admin_inicia_cngspspe2018_dbf.zip
OK 264649 CNGSPSPE 2017 Proce_admin_determ_cngspspe2018_dbf.zip
OK 55459 CNGSPSPE 2017 Admi_publi_terri_cngspspe2018_dbf.zip
OK 66899 CNGSPSPE 2017 Rec_hum_personal_cngspspe2018_dbf.zip
OK 81466 CNGSPSPE 2017 Instru_regula_cngspspe2018_dbf.zip
OK 103171 CNGSPSPE 2017 Parti_activi_terri_cngspspe2018_dbf.zip
OK 72667 CNGSPSPE 2017 Zonas_metroconu_cngspspe2018_dbf.zip
OK 56797 CNGSPSPE 2017 Reservas_terr_anp_cngspspe2018_dbf.zip
OK 44451 CNGSPSPE 2017 Asen_huma_irregu_cngspspe2018_dbf.zip
OK 55605 CNGSPSPE 2017 Ciudad_compacta_cngspspe2018_dbf.zip
OK 53797 CNGSPSPE 2017 Movilidad_cngspspe2018_dbf.zip
OK 50401 CNGSPSPE 2017 Inter_info_cngspspe2018_dbf.zip
OK 98581 CNGSPSPE 2017 Resiliencia_cngspspe2018_dbf.zip
OK 536180 CNGSPSPE 2017 Estruc_org_centros_cngspspe2018_dbf.zip
OK 413964 CNGSPSPE 2017 Est_org_centro_ado_cngspspe2018_dbf.zip
OK 258767 CNIJE 2011 tribunal_superior_de_justicia_cnije2012_dbf.zip
OK 282220 CNIJE 2011 consejo_de_la_judicatura_cnije2012_dbf.zip
OK 498039 CNIJE 2011 organos_jurisdiccionales_cnije2012_dbf.zip
OK 422640 CNIJE 2011 organos_administrativos_cnije2012_dbf.zip
OK 426489 CNIJE 2011 ejercicio_de_funciones_especificas_cnije2012_dbf.zip
OK 398067 CNIJE 2011 transparencia_y_anticorrupcion_cnije2012_dbf.zip
OK 308542 CNIJE 2011 tramites_y_servicios_y_gobierno_electronico_cnije2012_dbf.zip
OK 264781 CNIJE 2011 marco_regulatorio_cnije2012_dbf.zip
OK 223592 CNIJE 2011 sistemas_de_justicia_en_materia_penal_cnije2012_dbf.zip
FALLO 000 curl: (3) URL rejected: Malformed input to a URL function https://www.inegi.org.mx/contenidos/programas/Cnije/2012/microdatos/expedientes_y_asuntos_inicial_en_materia penal_cnije2012_dbf.zip
OK 984894 CNIJE 2011 expedientes_y_asuntos_ingresados_en_materia_penal_cnije2012_dbf.zip
OK 458268 CNIJE 2011 expedientes_y_asuntos_concluidos_en_materia_penal_cnije2012_dbf.zip
OK 460918 CNIJE 2011 expedientes_y_asuntos_cierre_en_materia_penal_cnije2012_dbf.zip
OK 265651 CNIJE 2011 adolescentes_inicial_cnije2012_dbf.zip
OK 535617 CNIJE 2011 adolescentes_aperturas_cnije2012_dbf.zip
FALLO 000 curl: (3) URL rejected: Malformed input to a URL function https://www.inegi.org.mx/contenidos/programas/Cnije/2012/microdatos/adolescentes_ conclusiones_cnije2012_dbf.zip
OK 338098 CNIJE 2011 adolescentes_cierre_cnije2012_dbf.zip
OK 311876 CNIJE 2011 imparticion_de_justicia_en_todas_las_materias_cnije2012_dbf.zip
OK 397885 CNIJE 2011 estructura_organizacional_y_recursos_cnije2012_dbf.zip
OK 302578 CNIJE 2011 ejercicio_de_la_funcion_cnije2012_dbf.zip
OK 144392 CNIJE 2012 tribunal_sj_cnije2013_dbf.zip
OK 163012 CNIJE 2012 consejo_j_cnije2013_dbf.zip
OK 196178 CNIJE 2012 estructura_org_cnije2013_dbf.zip
OK 342286 CNIJE 2012 recursos_hum_cnije2013_dbf.zip
OK 182823 CNIJE 2012 recursos_pres_cnije2013_dbf.zip
OK 309223 CNIJE 2012 recursos_mat_cnije2013_dbf.zip
OK 204102 CNIJE 2012 tramites_cnije2013_dbf.zip
OK 238143 CNIJE 2012 funciones_cnije2013_dbf.zip
OK 221538 CNIJE 2012 transparencia_cnije2013_dbf.zip
OK 154943 CNIJE 2012 marco_cnije2013_dbf.zip
OK 107077 CNIJE 2012 implement_sao_cnije2013_dbf.zip
OK 154932 CNIJE 2012 consignaciones_cnije2013_dbf.zip
OK 750542 CNIJE 2012 exp_astos_ing_mpenal_cnije2013_dbf.zip
OK 523722 CNIJE 2012 exp_astos_concl_mpenal_cnije2013_dbf.zip
OK 355703 CNIJE 2012 exp_astos_pend_mpenal_cnije2013_dbf.zip
OK 682820 CNIJE 2012 exp_astos_ing_mpenal_adol_cnije2013_dbf.zip
OK 482175 CNIJE 2012 exp_astos_concl_mpenal_adol_cnije2013_dbf.zip
OK 339092 CNIJE 2012 exp_astos_pend_mpenal_adol_cnije2013_dbf.zip
OK 107123 CNIJE 2012 implent_jo_exc_penal_cnije2013_dbf.zip
OK 178780 CNIJE 2012 aperturas_exc_penal_cnije2013_dbf.zip
OK 180434 CNIJE 2012 conclusiones_exc_penal_cnije2013_dbf.zip
OK 177850 CNIJE 2012 pendientes_exc_penal_cnije2013_dbf.zip
OK 222996 CNIJE 2012 ja_est_org_cnije2013_dbf.zip
OK 157334 CNIJE 2012 ja_rec_pres_cnije2013_dbf.zip
OK 155718 CNIJE 2012 ja_rec_mat_cnije2013_dbf.zip
OK 260596 CNIJE 2012 ja_ejercicio_funcion_cnije2013_dbf.zip
OK 234959 CNIJE 2016 Tribunal_Super_Justic_cnije2017_dbf.zip
OK 251256 CNIJE 2016 Consejo_Judicatura_cnije2017_dbf.zip
OK 574955 CNIJE 2016 Estruct_organizaciona_cnije2017_dbf.zip
OK 539314 CNIJE 2016 Rec_hum_cnije2017_dbf.zip
OK 270619 CNIJE 2016 Rec_pres_TSJ_cnije2017_dbf.zip
OK 395816 CNIJE 2016 Rec_mat_TSJ_cnije2017_dbf.zip
OK 235918 CNIJE 2016 Gob_elec_cnije2017_dbf.zip
OK 263914 CNIJE 2016 Tramite_servicios_cnije2017_dbf.zip
OK 341639 CNIJE 2016 Func_esp_cnije2017_dbf.zip
OK 495075 CNIJE 2016 Defensoria_oficio_cnije2017_dbf.zip
OK 334773 CNIJE 2016 Ejer_func_defens_ofic_cnije2017_dbf.zip
OK 515916 CNIJE 2016 Serv_periciales_cnije2017_dbf.zip
OK 324102 CNIJE 2016 Ejer_fun_serv_pericia_cnije2017_dbf.zip
OK 372033 CNIJE 2016 Ctrl_interno_anticorr_cnije2017_dbf.zip
OK 431699 CNIJE 2016 Transparencia_cnije2017_dbf.zip
OK 294534 CNIJE 2016 Admin_archivo_gestion_cnije2017_dbf.zip
OK 446795 CNIJE 2016 Rehu_pla_adm_archivo_cnije2017_dbf.zip
OK 359283 CNIJE 2016 Sistemas_docu_electro_cnije2017_dbf.zip
OK 210435 CNIJE 2016 Marco_regulatorio_cnije2017_dbf.zip
OK 229997 CNIJE 2016 Implem_sist_acus_oral_cnije2017_dbf.zip
OK 2070326 CNIJE 2016 Ingresos_durant_anio_cnije2017_dbf.zip
OK 512137 CNIJE 2016 Victimareg_duran_anio_cnije2017_dbf.zip
OK 425703 CNIJE 2016 Proc_imput_duran_anio_cnije2017_dbf.zip
OK 599868 CNIJE 2016 Conclusio_durant_anio_cnije2017_dbf.zip
OK 431480 CNIJE 2016 Sentenc_durant_anio_cnije2017_dbf.zip
OK 577369 CNIJE 2016 Existen_cierre_anio_cnije2017_dbf.zip
OK 313107 CNIJE 2016 Exp_narcomen_caupenal_cnije2017_dbf.zip
OK 253016 CNIJE 2016 Tocas_penales_cnije2017_dbf.zip
OK 230404 CNIJE 2016 Asuntos_juzgados_ejec_cnije2017_dbf.zip
OK 184812 CNIJE 2016 Medidas_suspensiones_cnije2017_dbf.zip
OK 270409 CNIJE 2016 Explor_caract_delitos_cnije2017_dbf.zip
OK 1339809 CNIJE 2016 Ingresos_durante_anio_cnije2017_dbf.zip
OK 458914 CNIJE 2016 Victimas_asuabie_anio_cnije2017_dbf.zip
OK 294600 CNIJE 2016 Adolesc_asunabie_anio_cnije2017_dbf.zip
OK 628162 CNIJE 2016 Conclus_durante_anio_cnije2017_dbf.zip
OK 385642 CNIJE 2016 Existenc_cierre_anio_cnije2017_dbf.zip
OK 305649 CNIJE 2016 Expl_esp_condant_narc_cnije2017_dbf.zip
OK 252220 CNIJE 2016 Tocas_adolescentes_cnije2017_dbf.zip
OK 132791 CNIJE 2016 Asuntos_atend_adolesc_cnije2017_dbf.zip
OK 165518 CNIJE 2016 Expl_esp_conduc_antis_cnije2017_dbf.zip
OK 217847 CNIJE 2016 Implejust_oral_expena_cnije2017_dbf.zip
OK 282407 CNIJE 2016 Aperturas_excep_penal_cnije2017_dbf.zip
OK 274082 CNIJE 2016 Conclusion_exce_penal_cnije2017_dbf.zip
OK 283251 CNIJE 2016 Pendiente_excep_penal_cnije2017_dbf.zip
OK 433848 CNIJE 2016 Tocas_excepto_penal_cnije2017_dbf.zip
OK 239645 CNIJE 2016 Opera_just_mec_alter_cnije2017_dbf.zip
OK 453552 CNIJE 2016 Estructura_org_rechum_cnije2017_dbf.zip
OK 213891 CNIJE 2016 Rec_pres_cnije2017_dbf.zip
OK 263364 CNIJE 2016 Rec_mat_cnije2017_dbf.zip
OK 378734 CNIJE 2016 Just_alt_mec_soluc_cnije2017_dbf.zip
OK 428831 CNIJE 2016 Solic_rec_cnije2017_dbf.zip
OK 531115 CNIJE 2016 Solicregist_expabiert_cnije2017_dbf.zip
OK 535644 CNIJE 2016 Reqregist_expabierto_cnije2017_dbf.zip
OK 490574 CNIJE 2016 Asunt_conc_seguimient_cnije2017_dbf.zip
OK 273613 CNIJE 2016 Exped_tramite_integra_cnije2017_dbf.zip
OK 176341 CNIJF 2016 Organos_Juris_cnijf2017_dbf.zip
OK 218840 CNIJF 2016 Plenos_PJF_cnijf2017_dbf.zip
OK 403312 CNIJF 2016 Rec_hum_organos_PJF_cnijf2017_dbf.zip
OK 210380 CNIJF 2016 Rec_mat_organos_PJF_cnijf2017_dbf.zip
OK 187632 CNIJF 2016 Rec_presup_organo_PJF_cnijf2017_dbf.zip
OK 372934 CNIJF 2016 Ejer_func_especificas_cnijf2017_dbf.zip
OK 357285 CNIJF 2016 Transparencia_anticor_cnijf2017_dbf.zip
OK 184113 CNIJF 2016 Tramite_servicios_cnijf2017_dbf.zip
OK 180563 CNIJF 2016 Gobierno_electronico_cnijf2017_dbf.zip
OK 158686 CNIJF 2016 Marco_regulatorio_cnijf2017_dbf.zip
OK 304033 CNIJF 2016 Insfed_defensoria_pub_cnijf2017_dbf.zip
OK 212647 CNIJF 2016 Imp_JF_todas_materias_cnijf2017_dbf.zip
OK 173503 CNIJF 2016 Impjust_mat_electoral_cnijf2017_dbf.zip
OK 264656 CNIJF 2016 ImpJF_todamaterias_TJ_cnijf2017_dbf.zip
OK 342340 CNIJF 2016 Asuntos_juris_resuelt_cnijf2017_dbf.zip
OK 284192 CNIJF 2016 Ingresos_durante_anio_cnijf2017_dbf.zip
OK 245934 CNIJF 2016 Carac_proces_imputado_cnijf2017_dbf.zip
OK 309544 CNIJF 2016 Conclusi_durante_anio_cnijf2017_dbf.zip
OK 286194 CNIJF 2016 Carac_sentenci_priins_cnijf2017_dbf.zip
OK 270282 CNIJF 2016 Existencia_cierre_anio_cnijf2017_dbf.zip
OK 165758 CNIJF 2017 Organos_juris_cnijf2018_dbf.zip
OK 137717 CNIJF 2017 Plenos_PJF_cnijf2018_dbf.zip
OK 358720 CNIJF 2017 Rec_hum_organos_PJF_cnijf2018_dbf.zip
OK 124117 CNIJF 2017 Rec_mat_organos_PJF_cnijf2018_dbf.zip
OK 127019 CNIJF 2017 Rec_presup_organo_PJF_cnijf2018_dbf.zip
OK 183627 CNIJF 2017 Ejer_func_especificas_cnijf2018_dbf.zip
OK 168195 CNIJF 2017 Tramite_servicios_cnijf2018_dbf.zip
OK 127067 CNIJF 2017 Gobierno_electronico_cnijf2018_dbf.zip
OK 223369 CNIJF 2017 Ctrl_interno_cnijf2018_dbf.zip
OK 171428 CNIJF 2017 Anticorrupcion_cnijf2018_dbf.zip
OK 309169 CNIJF 2017 Transparencia_cnijf2018_dbf.zip
OK 173944 CNIJF 2017 Capacita_accprotdatos_cnijf2018_dbf.zip
OK 112449 CNIJF 2017 Recpres_accprotdatos_cnijf2018_dbf.zip
OK 271777 CNIJF 2017 Admon_gestdocumental_cnijf2018_dbf.zip
OK 231843 CNIJF 2017 Rechum_admongest_cnijf2018_dbf.zip
OK 178632 CNIJF 2017 Capacita_admongest_cnijf2018_dbf.zip
OK 112668 CNIJF 2017 Ejerpresup_admongest_cnijf2018_dbf.zip
OK 185141 CNIJF 2017 Planeacion_admongest_cnijf2018_dbf.zip
OK 244578 CNIJF 2017 Sistema_institu_arch_cnijf2018_dbf.zip
OK 154173 CNIJF 2017 Sist_automat_gestctrl_cnijf2018_dbf.zip
OK 268769 CNIJF 2017 Insfed_defensoria_pub_cnijf2018_dbf.zip
OK 99655 CNIJF 2017 Marco_regulatorio_cnijf2018_dbf.zip
OK 125716 CNIJF 2017 Imp_JF_todas_materias_cnijf2018_dbf.zip
OK 177961 CNIJF 2017 Impjust_mat_electoral_cnijf2018_dbf.zip
OK 170780 CNIJF 2017 Asuntos_jurisdiccion_cnijf2018_dbf.zip
OK 247828 CNIJF 2017 Asuntos_juris_resuelt_cnijf2018_dbf.zip
OK 257573 CNIJF 2017 Ingresos_durante_anio_cnijf2018_dbf.zip
OK 172451 CNIJF 2017 Carac_proces_imputado_cnijf2018_dbf.zip
OK 282480 CNIJF 2017 Conclusi_durante_anio_cnijf2018_dbf.zip
OK 196710 CNIJF 2017 Caracte_sentenciados_cnijf2018_dbf.zip
OK 255251 CNIJF 2017 Existencia_cierreanio_cnijf2018_dbf.zip
OK 108910 CNIJF 2017 Ctrl_tecnica_invest_cnijf2018_dbf.zip
OK 216837 CNPJE 2016 Estruc_org_procu_just_cnpje2017_dbf.zip
OK 312823 CNPJE 2016 Recursos_hum_pres_mat_cnpje2017_dbf.zip
OK 483010 CNPJE 2016 Agencias_minis_public_cnpje2017_dbf.zip
OK 273849 CNPJE 2016 Infra_ejerc_func_proc_cnpje2017_dbf.zip
OK 223152 CNPJE 2016 Ejercicio_func_especi_cnpje2017_dbf.zip
OK 336853 CNPJE 2016 Servic_per_serv_medi_cnpje2017_dbf.zip
OK 234146 CNPJE 2016 Ejer_fun_ser_pericial_cnpje2017_dbf.zip
OK 207414 CNPJE 2016 Centros_just_mujeres_cnpje2017_dbf.zip
OK 231435 CNPJE 2016 Rec_centros_jus_mujer_cnpje2017_dbf.zip
OK 262518 CNPJE 2016 Ejerfun_cen_jus_mujer_cnpje2017_dbf.zip
OK 232154 CNPJE 2016 Victima_cen_jus_mujer_cnpje2017_dbf.zip
OK 168416 CNPJE 2016 Implem_sist_penal_acu_cnpje2017_dbf.zip
OK 180765 CNPJE 2016 Denuncias_querellas_cnpje2017_dbf.zip
OK 177758 CNPJE 2016 Actas_circunstancias_cnpje2017_dbf.zip
OK 1496570 CNPJE 2016 Ingres_aper_durante_cnpje2017_dbf.zip
OK 442559 CNPJE 2016 Victimas_ingres_apert_cnpje2017_dbf.zip
OK 273172 CNPJE 2016 Inculpados_imputados_cnpje2017_dbf.zip
OK 402415 CNPJE 2016 Conclus_durante_anio_cnpje2017_dbf.zip
OK 291606 CNPJE 2016 Cierres_durante_anio_cnpje2017_dbf.zip
OK 373537 CNPJE 2016 Existencia_anio_cnpje2017_dbf.zip
OK 184427 CNPJE 2016 Ordenes_judiciales_cnpje2017_dbf.zip
OK 170087 CNPJE 2016 Vehicu_roba_recupe_cnpje2017_dbf.zip
OK 270231 CNPJE 2016 Explora_delito_narco_cnpje2017_dbf.zip
OK 207950 CNPJE 2016 Medidas_cautelares_cnpje2017_dbf.zip
OK 202639 CNPJE 2016 Explora_car_pres_deli_cnpje2017_dbf.zip
OK 184209 CNPJE 2016 Denuncia_querella_ado_cnpje2017_dbf.zip
OK 1306662 CNPJE 2016 Ingresos_apertura_ado_cnpje2017_dbf.zip
OK 367934 CNPJE 2016 Victimas_ingresos_ado_cnpje2017_dbf.zip
OK 243275 CNPJE 2016 Adolescente_inculpado_cnpje2017_dbf.zip
OK 328264 CNPJE 2016 Conclus_ado_durante_cnpje2017_dbf.zip
OK 261795 CNPJE 2016 Cierres_ado_durante_cnpje2017_dbf.zip
OK 330425 CNPJE 2016 Existencias_ado_anio_cnpje2017_dbf.zip
OK 182238 CNPJE 2016 Ordenes_detencion_cnpje2017_dbf.zip
OK 264338 CNPJE 2016 Explora_conduct_narco_cnpje2017_dbf.zip
OK 198561 CNPJE 2016 Explora_car_pres_cond_cnpje2017_dbf.zip
OK 190701 CNPJE 2016 Operacion_JustAlterna_cnpje2017_dbf.zip
OK 296332 CNPJE 2016 Estructura_org_rechum_cnpje2017_dbf.zip
OK 278994 CNPJE 2016 Recursos_presupuestal_cnpje2017_dbf.zip
OK 200265 CNPJE 2016 Recursos_materiales_cnpje2017_dbf.zip
OK 268546 CNPJE 2016 Justicia_alternativa_cnpje2017_dbf.zip
OK 290092 CNPJE 2016 Solicitudes_rec_cnpje2017_dbf.zip
OK 271163 CNPJE 2016 Solicregist_expabiert_cnpje2017_dbf.zip
OK 269124 CNPJE 2016 Requeridos_registrado_cnpje2017_dbf.zip
OK 301035 CNPJE 2016 Asunt_conc_seguimient_cnpje2017_dbf.zip
OK 208828 CNPJE 2016 Asunt_tramite_integra_cnpje2017_dbf.zip
OK 2276 EAIM 2021 ej_eaim_2013_2016_2018_csv.zip
OK 6727379 ECOSEP 2010 ecosep_2010_dbf.zip
OK 2264 ECOVIDIE 2021 Febrero Ejemplo_TR_ECOVID_3ra_ronda_csv.zip
OK 174080 EDER 2011 eder2011_descripcion_de_archivos.xls
OK 10251204 EDF 2010 defunciones_fetales_base_datos_2010_2014_dbf.zip
OK 5526 EMS 2014 ejem_lad_ems_2008_2014_dbf.zip
OK 383 ENA 2014 ejemplo_ena2014_csv.zip
OK 806 ENAF 2020 enaf_2020_csv.zip
OK 2131784 ENAMIN 2002 enamin02_bd_dbf.zip
OK 207650 ENAMIN 2002 fd_enamin2002.pdf
OK 15118745 ENEU 1988 eneu_1988_dbf.zip
OK 15107857 ENEU 1991 eneu_1991_dbf.zip
OK 1835187 ENILEMS 2016 enilems_2016_fd.pdf
OK 8047455 ENILEMS 2016 enilemss_2016_bd_dbf.zip
OK 19824324 ENPOL 2016 base_datos_enpol2016_dbf.zip
OK 2549127 ENPOL 2016 fd_enpol2016.pdf
OK 1593973 ENVI 2014 envi2014_bd_dbf.zip
OK 327168 ENVI 2014 envi2014_diccionario.xls
OK 3194936 ESMNG 2009 esmng_2009_dbf.zip
OK 8632832 ESMNG 2009 fd_esmng.xls
OK 8200625 JUDICIALESPENAL 2001 judiciales_bd_catalogos_2001_dbf.zip
OK 8143011 JUDICIALESPENAL 2004 Judiciales_BD_Catalogos_2004_dbf.zip
OK 302421 JUSTICIAPENAL 2016 AM_Delitos_ehriij2017_dbf.zip
OK 219963 JUSTICIAPENAL 2016 AM_Adolprocesa_deli_ehriij2017_dbf.zip
OK 232497 JUSTICIAPENAL 2016 AM_Victima_delito_ehriij2017_dbf.zip
OK 286740 JUSTICIAPENAL 2016 OA_Delitos_ehriij2017_dbf.zip
OK 210576 JUSTICIAPENAL 2016 OA_Adolimputado_deli_ehriij2017_dbf.zip
OK 222548 JUSTICIAPENAL 2016 OA_Victima_delito_ehriij2017_dbf.zip
OK 204407 JUSTICIAPENAL 2016 OA_Delito_conclusion_ehriij2017_dbf.zip
OK 201906 JUSTICIAPENAL 2016 AM_Delito_conclusion_ehriij2017_dbf.zip
OK 707991 JUSTICIAPENAL 2016 TA_Narcoticos_ehriij2017_dbf.zip
OK 574274 JUSTICIAPENAL 2016 JC_Narcoticos_ehriij2017_dbf.zip
OK 548343 JUSTICIAPENAL 2016 JO_Narcoticos_ehriij2017_dbf.zip
OK 548845 JUSTICIAPENAL 2016 AM_Narcoticos_ehriij2017_dbf.zip
OK 560790 JUSTICIAPENAL 2016 OA_Narcoticos_ehriij2017_dbf.zip
OK 662841 JUSTICIAPENAL 2016 TA_Expedientes_ehriij2017_dbf.zip
OK 1623494 JUSTICIAPENAL 2016 TA_Delitos_ehriij2017_dbf.zip
OK 2179762 JUSTICIAPENAL 2016 TA_Procesados_ehriij2017_dbf.zip
OK 1093853 JUSTICIAPENAL 2016 TA_Procesados_delito_ehriij2017_dbf.zip
OK 5329310 JUSTICIAPENAL 2016 TA_Procesados_medida_ehriij2017_dbf.zip
OK 1649359 JUSTICIAPENAL 2016 TA_Victimas_ehriij2017_dbf.zip
OK 1356288 JUSTICIAPENAL 2016 TA_Victima_deli_ehriij2017_dbf.zip
OK 1325835 JUSTICIAPENAL 2016 TA_Victi_procesado_ehriij2017_dbf.zip
OK 1179330 JUSTICIAPENAL 2016 TA_Tramites_ehriij2017_dbf.zip
OK 640382 JUSTICIAPENAL 2016 TA_Conclusiones_ehriij2017_dbf.zip
OK 540365 JUSTICIAPENAL 2016 TA_Delito_conclusion_ehriij2017_dbf.zip
OK 473379 JUSTICIAPENAL 2016 JC_Expedientes_ehriij2017_dbf.zip
OK 1293366 JUSTICIAPENAL 2016 JC_Delitos_ehriij2017_dbf.zip
OK 1729762 JUSTICIAPENAL 2016 JC_Imputados_ehriij2017_dbf.zip
OK 822383 JUSTICIAPENAL 2016 JC_Imputados_delito_ehriij2017_dbf.zip
OK 1792509 JUSTICIAPENAL 2016 JC_Imputados_medida_ehriij2017_dbf.zip
OK 1215842 JUSTICIAPENAL 2016 JC_Victimas_ehriij2017_dbf.zip
OK 1367925 JUSTICIAPENAL 2016 JC_Victima_delito_ehriij2017_dbf.zip
OK 1095963 JUSTICIAPENAL 2016 JC_Victi_imputado_ehriij2017_dbf.zip
OK 920160 JUSTICIAPENAL 2016 JC_Tramites_ehriij2017_dbf.zip
OK 605771 JUSTICIAPENAL 2016 JC_Conclusiones_ehriij2017_dbf.zip
OK 457925 JUSTICIAPENAL 2016 JC_Deli_conclus_ehriij2017_dbf.zip
OK 233374 JUSTICIAPENAL 2016 JO_Expedientes_ehriij2017_dbf.zip
OK 418546 JUSTICIAPENAL 2016 JO_Delitos_ehriij2017_dbf.zip
OK 523113 JUSTICIAPENAL 2016 JO_Imputados_ehriij2017_dbf.zip
OK 321575 JUSTICIAPENAL 2016 JO_Imputados_delito_ehriij2017_dbf.zip
OK 256314 JUSTICIAPENAL 2016 JO_Imputados_medida_ehriij2017_dbf.zip
OK 427831 JUSTICIAPENAL 2016 JO_Victimas_ehriij2017_dbf.zip
OK 366020 JUSTICIAPENAL 2016 JO_Victima_deli_ehriij2017_dbf.zip
OK 355683 JUSTICIAPENAL 2016 JO_Victi_Imputado_ehriij2017_dbf.zip
OK 325501 JUSTICIAPENAL 2016 JO_Tramites_ehriij2017_dbf.zip
OK 227141 JUSTICIAPENAL 2016 JO_Conclusiones_ehriij2017_dbf.zip
OK 206074 JUSTICIAPENAL 2016 JO_Delito_conclusion_ehriij2017_dbf.zip
OK 205503 JUSTICIAPENAL 2016 AM_Expedientes_ehriij2017_dbf.zip
OK 353996 JUSTICIAPENAL 2016 AM_Adol_procesa_ehriij2017_dbf.zip
OK 307181 JUSTICIAPENAL 2016 AM_Adol_proces_medid_ehriij2017_dbf.zip
OK 340808 JUSTICIAPENAL 2016 AM_Victimas_ehriij2017_dbf.zip
OK 228814 JUSTICIAPENAL 2016 AM_Victi_adolproces_ehriij2017_dbf.zip
OK 215639 JUSTICIAPENAL 2016 AM_Tramites_ehriij2017_dbf.zip
OK 238235 JUSTICIAPENAL 2016 AM_Conclusiones_ehriij2017_dbf.zip
OK 198135 JUSTICIAPENAL 2016 OA_Expedientes_ehriij2017_dbf.zip
OK 338861 JUSTICIAPENAL 2016 OA_Adol_imputados_ehriij2017_dbf.zip
OK 265196 JUSTICIAPENAL 2016 OA_Adolimputado_medi_ehriij2017_dbf.zip
OK 323250 JUSTICIAPENAL 2016 OA_Victimas_ehriij2017_dbf.zip
OK 215513 JUSTICIAPENAL 2016 OA_Victi_adolimputad_ehriij2017_dbf.zip
OK 200293 JUSTICIAPENAL 2016 OA_Tramites_ehriij2017_dbf.zip
OK 231284 JUSTICIAPENAL 2016 OA_Conclusiones_ehriij2017_dbf.zip
OK 871956 JUSTICIAPENAL 2019 TA_Expedientes_ehriij2020_dbf.zip
OK 2013381 JUSTICIAPENAL 2019 TA_Delitos_ehriij2020_dbf.zip
OK 2375776 JUSTICIAPENAL 2019 TA_Procesados_ehriij2020_dbf.zip
OK 611576 JUSTICIAPENAL 2019 TA_Procesados_delito_ehriij2020_dbf.zip
OK 3212164 JUSTICIAPENAL 2019 TA_Procesados_medida_ehriij2020_dbf.zip
OK 2092628 JUSTICIAPENAL 2019 TA_Victimas_ehriij2020_dbf.zip
OK 1231897 JUSTICIAPENAL 2019 TA_Victima_delito_ehriij2020_dbf.zip
OK 1996035 JUSTICIAPENAL 2019 TA_Victi_procesado_ehriij2020_dbf.zip
OK 1841417 JUSTICIAPENAL 2019 TA_Tramites_ehriij2020_dbf.zip
OK 331539 JUSTICIAPENAL 2019 TA_Conclusiones_ehriij2020_dbf.zip
OK 273614 JUSTICIAPENAL 2019 TA_Delito_conclusion_ehriij2020_dbf.zip
OK 172430 JUSTICIAPENAL 2019 JO_Expedientes_ehriij2020_dbf.zip
OK 434145 JUSTICIAPENAL 2019 JO_Delitos_ehriij2020_dbf.zip
OK 603598 JUSTICIAPENAL 2019 JO_Imputados_ehriij2020_dbf.zip
OK 246170 JUSTICIAPENAL 2019 JO_Imputados_delito_ehriij2020_dbf.zip
OK 275744 JUSTICIAPENAL 2019 JO_Imputados_medida_ehriij2020_dbf.zip
OK 145436 JUSTICIAPENAL 2019 JO_Audiencias_ehriij2020_dbf.zip
OK 445916 JUSTICIAPENAL 2019 JO_Victimas_ehriij2020_dbf.zip
OK 246973 JUSTICIAPENAL 2019 JO_Victima_delito_ehriij2020_dbf.zip
OK 255647 JUSTICIAPENAL 2019 JO_Victi_Imputado_ehriij2020_dbf.zip
OK 209310 JUSTICIAPENAL 2019 JO_Tramites_ehriij2020_dbf.zip
OK 265435 JUSTICIAPENAL 2019 JO_Conclusiones_ehriij2020_dbf.zip
OK 212611 JUSTICIAPENAL 2019 JO_Delito_conclusion_ehriij2020_dbf.zip
OK 113889 JUSTICIAPENAL 2019 AM_Expedientes_ehriij2020_dbf.zip
OK 229074 JUSTICIAPENAL 2019 AM_Delitos_ehriij2020_dbf.zip
OK 296299 JUSTICIAPENAL 2019 AM_Adol_procesados_ehriij2020_dbf.zip
OK 108945 JUSTICIAPENAL 2019 AM_Adolprocesa_deli_ehriij2020_dbf.zip
OK 154452 JUSTICIAPENAL 2019 AM_Adolprocesa_medid_ehriij2020_dbf.zip
OK 290437 JUSTICIAPENAL 2019 AM_Victimas_ehriij2020_dbf.zip
OK 131751 JUSTICIAPENAL 2019 AM_Victima_delito_ehriij2020_dbf.zip
OK 128506 JUSTICIAPENAL 2019 AM_Victi_adolproces_ehriij2020_dbf.zip
OK 128264 JUSTICIAPENAL 2019 AM_Tramites_ehriij2020_dbf.zip
OK 167090 JUSTICIAPENAL 2019 AM_Conclusiones_ehriij2020_dbf.zip
OK 107162 JUSTICIAPENAL 2019 AM_Delito_conclusion_ehriij2020_dbf.zip
OK 121893 JUSTICIAPENAL 2019 OA_Expedientes_ehriij2020_dbf.zip
OK 255916 JUSTICIAPENAL 2019 OA_Delitos_ehriij2020_dbf.zip
OK 323248 JUSTICIAPENAL 2019 OA_Adol_imputados_ehriij2020_dbf.zip
OK 128609 JUSTICIAPENAL 2019 OA_Adolimputado_deli_ehriij2020_dbf.zip
OK 200080 JUSTICIAPENAL 2019 OA_Adolimputado_medi_ehriij2020_dbf.zip
OK 308440 JUSTICIAPENAL 2019 OA_Victimas_ehriij2020_dbf.zip
OK 139146 JUSTICIAPENAL 2019 OA_Victima_delito_ehriij2020_dbf.zip
OK 139186 JUSTICIAPENAL 2019 OA_Victi_adolimputad_ehriij2020_dbf.zip
OK 120485 JUSTICIAPENAL 2019 OA_Tramites_ehriij2020_dbf.zip
OK 213045 JUSTICIAPENAL 2019 OA_Conclusiones_ehriij2020_dbf.zip
OK 132811 JUSTICIAPENAL 2019 OA_Delito_conclusion_ehriij2020_dbf.zip
OK 970068 JUSTICIAPENAL 2019 JC_Expedientes_ehriij2020_dbf.zip
OK 3361719 JUSTICIAPENAL 2019 JC_Delitos_ehriij2020_dbf.zip
OK 4293385 JUSTICIAPENAL 2019 JC_Imputados_ehriij2020_dbf.zip
OK 2364093 JUSTICIAPENAL 2019 JC_Imputados_delito_ehriij2020_dbf.zip
OK 5104831 JUSTICIAPENAL 2019 JC_Imputados_medida_ehriij2020_dbf.zip
OK 463295 JUSTICIAPENAL 2019 JC_Audiencias_ehriij2020_dbf.zip
OK 2681901 JUSTICIAPENAL 2019 JC_Victimas_ehriij2020_dbf.zip
OK 2995001 JUSTICIAPENAL 2019 JC_Victima_delito_ehriij2020_dbf.zip
OK 2449938 JUSTICIAPENAL 2019 JC_Victi_imputado_ehriij2020_dbf.zip
OK 1959280 JUSTICIAPENAL 2019 JC_Tramites_ehriij2020_dbf.zip
OK 1477032 JUSTICIAPENAL 2019 JC_Conclusiones_ehriij2020_dbf.zip
OK 1098123 JUSTICIAPENAL 2019 JC_Delito_conclusion_ehriij2020_dbf.zip
OK 659661 JUSTICIAPENAL 2019 TA_Narcoticos_ehriij2020_dbf.zip
OK 1608284 JUSTICIAPENAL 2019 JC_Narcoticos_ehriij2020_dbf.zip
OK 553469 JUSTICIAPENAL 2019 JO_Narcoticos_ehriij2020_dbf.zip
OK 554211 JUSTICIAPENAL 2019 AM_Narcoticos_ehriij2020_dbf.zip
OK 607162 JUSTICIAPENAL 2019 OA_Narcoticos_ehriij2020_dbf.zip
OK 647445 JUSTICIAPENAL 2020 TA_Expedientes_ehriij2021_dbf.zip
OK 1603308 JUSTICIAPENAL 2020 TA_Delitos_ehriij2021_dbf.zip
OK 2100789 JUSTICIAPENAL 2020 TA_Procesados_ehriij2021_dbf.zip
OK 635613 JUSTICIAPENAL 2020 TA_Procesados_delito_ehriij2021_dbf.zip
OK 3513564 JUSTICIAPENAL 2020 TA_Procesados_medida_ehriij2021_dbf.zip
OK 1681922 JUSTICIAPENAL 2020 TA_Victimas_ehriij2021_dbf.zip
OK 1981068 JUSTICIAPENAL 2020 TA_Victima_delito_ehriij2021_dbf.zip
OK 1543114 JUSTICIAPENAL 2020 TA_Victi_procesado_ehriij2021_dbf.zip
OK 1478259 JUSTICIAPENAL 2020 TA_Tramites_ehriij2021_dbf.zip
OK 278163 JUSTICIAPENAL 2020 TA_Conclusiones_ehriij2021_dbf.zip
OK 166749 JUSTICIAPENAL 2020 TA_Delito_conclusion_ehriij2021_dbf.zip
OK 201744 JUSTICIAPENAL 2020 TA_Narcoticos_ehriij2021_dbf.zip
OK 1079153 JUSTICIAPENAL 2020 JC_Expedientes_ehriij2021_dbf.zip
OK 3959031 JUSTICIAPENAL 2020 JC_Delitos_ehriij2021_dbf.zip
OK 5093879 JUSTICIAPENAL 2020 JC_Imputados_ehriij2021_dbf.zip
OK 2781133 JUSTICIAPENAL 2020 JC_Imputados_delito_ehriij2021_dbf.zip
OK 6859530 JUSTICIAPENAL 2020 JC_Imputados_medida_ehriij2021_dbf.zip
OK 112709 JUSTICIAPENAL 2020 JC_Audiencias_ehriij2021_dbf.zip
OK 3642146 JUSTICIAPENAL 2020 JC_Victimas_ehriij2021_dbf.zip
OK 4038938 JUSTICIAPENAL 2020 JC_Victima_delito_ehriij2021_dbf.zip
OK 3131124 JUSTICIAPENAL 2020 JC_Victi_imputado_ehriij2021_dbf.zip
OK 2404447 JUSTICIAPENAL 2020 JC_Tramites_ehriij2021_dbf.zip
OK 1523882 JUSTICIAPENAL 2020 JC_Conclusiones_ehriij2021_dbf.zip
OK 1004962 JUSTICIAPENAL 2020 JC_Delito_conclusion_ehriij2021_dbf.zip
OK 1632893 JUSTICIAPENAL 2020 JC_Narcoticos_ehriij2021_dbf.zip
OK 164466 JUSTICIAPENAL 2020 JO_Expedientes_ehriij2021_dbf.zip
OK 449338 JUSTICIAPENAL 2020 JO_Delitos_ehriij2021_dbf.zip
OK 621812 JUSTICIAPENAL 2020 JO_Imputados_ehriij2021_dbf.zip
OK 262318 JUSTICIAPENAL 2020 JO_Imputados_delito_ehriij2021_dbf.zip
OK 247772 JUSTICIAPENAL 2020 JO_Imputados_medida_ehriij2021_dbf.zip
OK 92785 JUSTICIAPENAL 2020 JO_Audiencias_ehriij2021_dbf.zip
OK 557708 JUSTICIAPENAL 2020 JO_Victimas_ehriij2021_dbf.zip
OK 389156 JUSTICIAPENAL 2020 JO_Victima_delito_ehriij2021_dbf.zip
OK 317002 JUSTICIAPENAL 2020 JO_Victi_imputado_ehriij2021_dbf.zip
OK 237363 JUSTICIAPENAL 2020 JO_Tramites_ehriij2021_dbf.zip
OK 218026 JUSTICIAPENAL 2020 JO_Conclusiones_ehriij2021_dbf.zip
OK 156002 JUSTICIAPENAL 2020 JO_Delito_conclusion_ehriij2021_dbf.zip
OK 101659 JUSTICIAPENAL 2020 JO_Narcoticos_ehriij2021_dbf.zip
OK 101039 JUSTICIAPENAL 2020 AM_Expedientes_ehriij2021_dbf.zip
OK 203503 JUSTICIAPENAL 2020 AM_Delitos_ehriij2021_dbf.zip
OK 272742 JUSTICIAPENAL 2020 AM_Adol_procesados_ehriij2021_dbf.zip
OK 101797 JUSTICIAPENAL 2020 AM_Adolprocesa_deli_ehriij2021_dbf.zip
OK 124748 JUSTICIAPENAL 2020 AM_Adolprocesa_medid_ehriij2021_dbf.zip
OK 272130 JUSTICIAPENAL 2020 AM_Victimas_ehriij2021_dbf.zip
OK 102576 JUSTICIAPENAL 2020 AM_Victima_delito_ehriij2021_dbf.zip
OK 104100 JUSTICIAPENAL 2020 AM_Victi_adolproces_ehriij2021_dbf.zip
OK 99003 JUSTICIAPENAL 2020 AM_Tramites_ehriij2021_dbf.zip
OK 165454 JUSTICIAPENAL 2020 AM_Conclusiones_ehriij2021_dbf.zip
OK 99237 JUSTICIAPENAL 2020 AM_Delito_conclusion_ehriij2021_dbf.zip
OK 106738 JUSTICIAPENAL 2020 AM_Narcoticos_ehriij2021_dbf.zip
OK 121410 JUSTICIAPENAL 2020 OA_Expedientes_ehriij2021_dbf.zip
OK 273459 JUSTICIAPENAL 2020 OA_Delitos_ehriij2021_dbf.zip
OK 353752 JUSTICIAPENAL 2020 OA_Adol_imputados_ehriij2021_dbf.zip
OK 138123 JUSTICIAPENAL 2020 OA_Adolimputado_deli_ehriij2021_dbf.zip
OK 303129 JUSTICIAPENAL 2020 OA_Adolimputado_medi_ehriij2021_dbf.zip
OK 329412 JUSTICIAPENAL 2020 OA_Victimas_ehriij2021_dbf.zip
OK 155319 JUSTICIAPENAL 2020 OA_Victima_delito_ehriij2021_dbf.zip
OK 147168 JUSTICIAPENAL 2020 OA_Victi_adolimputad_ehriij2021_dbf.zip
OK 120917 JUSTICIAPENAL 2020 OA_Tramites_ehriij2021_dbf.zip
OK 213088 JUSTICIAPENAL 2020 OA_Conclusiones_ehriij2021_dbf.zip
OK 129726 JUSTICIAPENAL 2020 OA_Delito_conclusion_ehriij2021_dbf.zip
OK 116255 JUSTICIAPENAL 2020 OA_Narcoticos_ehriij2021_dbf.zip
OK 88812 JUSTICIAPENAL 2020 ADOJC_Actos_procesales_ehriij2021_dbf.zip
OK 127788 JUSTICIAPENAL 2020 ADOJC_Audiencias_ehriij2021_dbf.zip
OK 104585 JUSTICIAPENAL 2020 ADOJC_Causas_penales_ehriij2021_dbf.zip
OK 136342 JUSTICIAPENAL 2020 ADOJC_Conclusiones_ehriij2021_dbf.zip
OK 90607 JUSTICIAPENAL 2020 ADOJC_Suspension_ehriij2021_dbf.zip
OK 88311 JUSTICIAPENAL 2020 ADOJC_Delito_conclusion_ehriij2021_dbf.zip
OK 224843 JUSTICIAPENAL 2020 ADOJC_Delitos_ehriij2021_dbf.zip
OK 92009 JUSTICIAPENAL 2020 ADOJC_Delito_homicidio_ehriij2021_dbf.zip
OK 86432 JUSTICIAPENAL 2020 ADOJC_Delito_robo_ehriij2021_dbf.zip
OK 133541 JUSTICIAPENAL 2020 ADOJC_Etapa_inicial_ehriij2021_dbf.zip
OK 104111 JUSTICIAPENAL 2020 ADOJC_Etapa_intermedia_ehriij2021_dbf.zip
OK 87045 JUSTICIAPENAL 2020 ADOJC_Medida_noprivativa_ehriij2021_dbf.zip
OK 100210 JUSTICIAPENAL 2020 ADOJC_Imputados_delito_ehriij2021_dbf.zip
OK 91600 JUSTICIAPENAL 2020 ADOJC_Imputados_fueningre_ehriij2021_dbf.zip
OK 100290 JUSTICIAPENAL 2020 ADOJC_Imputados_medida_ehriij2021_dbf.zip
OK 96271 JUSTICIAPENAL 2020 ADOJC_Medioprueba_present_ehriij2021_dbf.zip
OK 331346 JUSTICIAPENAL 2020 ADOJC_Imputados_ehriij2021_dbf.zip
OK 116399 JUSTICIAPENAL 2020 ADOJC_Tramites_ehriij2021_dbf.zip
OK 107622 JUSTICIAPENAL 2020 ADOJC_Victima_delito_ehriij2021_dbf.zip
OK 92778 JUSTICIAPENAL 2020 ADOJC_Victima_fueningre_ehriij2021_dbf.zip
OK 285295 JUSTICIAPENAL 2020 ADOJC_Victimas_ehriij2021_dbf.zip
OK 87977 JUSTICIAPENAL 2020 ADOJC_Victima_medida_ehriij2021_dbf.zip
OK 92192 JUSTICIAPENAL 2020 ADOJC_Victimuj_medida_ehriij2021_dbf.zip
OK 97771 JUSTICIAPENAL 2020 ADOJC_Victi_imputado_ehriij2021_dbf.zip
OK 103669 JUSTICIAPENAL 2020 ADOJO_Audiencias_ehriij2021_dbf.zip
OK 90439 JUSTICIAPENAL 2020 ADOJO_Causas_penales_ehriij2021_dbf.zip
OK 126812 JUSTICIAPENAL 2020 ADOJO_Conclusiones_ehriij2021_dbf.zip
OK 85105 JUSTICIAPENAL 2020 ADOJO_Delitos_conclusion_ehriij2021_dbf.zip
OK 202356 JUSTICIAPENAL 2020 ADOJO_Delitos_ehriij2021_dbf.zip
OK 91595 JUSTICIAPENAL 2020 ADOJO_Delito_homicidio_ehriij2021_dbf.zip
OK 89805 JUSTICIAPENAL 2020 ADOJO_Delito_robo_ehriij2021_dbf.zip
OK 118790 JUSTICIAPENAL 2020 ADOJO_Etapa_oral_ehriij2021_dbf.zip
OK 86971 JUSTICIAPENAL 2020 ADOJO_Medida_noprivativa_ehriij2021_dbf.zip
OK 85346 JUSTICIAPENAL 2020 ADOJO_Imputados_delito_ehriij2021_dbf.zip
OK 88005 JUSTICIAPENAL 2020 ADOJO_Imputados_fueningre_ehriij2021_dbf.zip
OK 319085 JUSTICIAPENAL 2020 ADOJO_Imputados_ehriij2021_dbf.zip
OK 92683 JUSTICIAPENAL 2020 ADOJO_Tramites_ehriij2021_dbf.zip
OK 86662 JUSTICIAPENAL 2020 ADOJO_Victima_delito_ehriij2021_dbf.zip
OK 88859 JUSTICIAPENAL 2020 ADOJO_Victima_fueningre_ehriij2021_dbf.zip
OK 261618 JUSTICIAPENAL 2020 ADOJO_Victimas_ehriij2021_dbf.zip
OK 91491 JUSTICIAPENAL 2020 ADOJO_Victi_imputado_ehriij2021_dbf.zip
OK 292304 MOCIBA 2015 mociba2015_fd.xlsx
OK 273223 MOCIBA 2020 mociba2020_fd.xlsx
OK 139012 MOCIBA 2024 mociba2024_fd.xlsx
OK 85486 MODECULT 2021 modecult_may2021_csv.zip
OK 33504 MODECULT 2021 fd_modecult2021.xlsx
OK 665343 MODUTIH 2001 monaco_2001_bd_dbf.zip
OK 51200 MODUTIH 2001 fd_monaco01.xls
OK 1344245 MODUTIH 2002 endutih_2002_bd_dbf.zip
OK 57344 MODUTIH 2002 fd_endutih02.xls
OK 2848890 MODUTIH 2012 modutih2012_bd_dbf.zip
OK 260471 MODUTIH 2012 modutih2012_descripcion_de_archivos.pdf
OK 82304 MOLEC 2016 molec_feb16_sav.zip
OK 80108 MOLEC 2016 molec_may16_sav.zip
OK 80582 MOLEC 2016 molec_ago16_sav.zip
OK 81278 MOLEC 2017 molec_feb17_sav.zip
OK 55600 MOPRADEF 2014 Feb mopradef_bd_feb14_sav.zip
OK 41793 MOPRADEF 2021 mopradef_bd_noviembre_2021_sav.zip
OK 35106 MOPRADEF 2023 Nov mopradef_bd_noviembre_2023_sav.zip
OK 34128 MOPRADEF 2024 Oct mopradef_bd_2024_sav.zip
OK 805316 MOTRAL 2012 motral2012_descripcion_archivos.pdf
OK 72704 MOTRAL 2012 motral2012_reconstruccion_variables.xls
OK 5549091 MUSEOS 2024 bd_museos_2024_dbf.zip
OK 28497535 RELLABORALES 1991 laborales_base_datos_1991_1995_dbf.zip
OK 10786077 RELLABORALES 2021 laborales_bd_catalogos_2021_dbf.zip
OK 11042383 RELLABORALES 2024 laborales_bd_catalogos_2024_dbf.zip
tanda cerrada: 574 caminadas, 0.43 GB
