pendientes: 90
OK 185161 CNIJE 2013 tribunal_superior_justicia_cnije2014_dbf.zip
OK 211329 CNIJE 2013 consejo_judicatura_cnije2014_dbf.zip
OK 212105 CNIJE 2013 estructura_organizacional_cnije2014_dbf.zip
OK 367798 CNIJE 2013 estructura_orga_rec_hum_cnije2014_dbf.zip
OK 211850 CNIJE 2013 rec_pres_cnije2014_dbf.zip
OK 350215 CNIJE 2013 estructura_orga_rec_mat_cnije2014_dbf.zip
OK 199378 CNIJE 2013 tys_gob_elec_cnije2014_dbf.zip
OK 314663 CNIJE 2013 func_esp_cnije2014_dbf.zip
OK 230994 CNIJE 2013 transp_cont_int_anticor_cnije2014_dbf.zip
OK 175963 CNIJE 2013 marco_regulatorio_cnije2014_dbf.zip
OK 126131 CNIJE 2013 implement_sist_acus_oral_cnije2014_dbf.zip
OK 1132828 CNIJE 2013 exp_asuntos_ingresados_mpenal_cnije2014_dbf.zip
OK 832330 CNIJE 2013 cau_penales_concluidas_cnije2014_dbf.zip
OK 668574 CNIJE 2013 cau_penales_existencia_cnije2014_dbf.zip
OK 180655 CNIJE 2013 imparticion_justicia_tocas_penales_cnije2014_dbf.zip
OK 829190 CNIJE 2013 asun_abiertos_mjus_adol_cnije2014_dbf.zip
OK 570768 CNIJE 2013 asun_concluidos_mjus_adol_cnije2014_dbf.zip
OK 482392 CNIJE 2013 asun_pendientes_mjus_adol_cnije2014_dbf.zip
OK 180120 CNIJE 2013 justicia_adole_tocas_penales_cnije2014_dbf.zip
OK 120331 CNIJE 2013 implent_just_oral_excepto_penal_cnije2014_dbf.zip
OK 204039 CNIJE 2013 aperturas_excepto_penal_cnije2014_dbf.zip
OK 198303 CNIJE 2013 conclusiones_excepto_penal_cnije2014_dbf.zip
OK 194701 CNIJE 2013 pendientes_excepto_penal_cnije2014_dbf.zip
OK 642265 CNIJE 2013 Estructura_org_rec_hum_alternativa_cnije2014_dbf.zip
OK 211850 CNIJE 2013 rec_pres_cnije2014_dbf.zip
OK 173806 CNIJE 2013 justicia_alterna_rec_mat_cnije2014_dbf.zip
OK 404481 CNIJE 2013 ejercicio_funcion_cnije2014_dbf.zip
OK 274335 CNIJF 2014 estructura_organizacional_cnijf2015_dbf.zip
OK 270401 CNIJF 2014 rec_hum_cnijf2015_dbf.zip
OK 266510 CNIJF 2014 rec_mat_cnijf2015_dbf.zip
OK 233539 CNIJF 2014 rec_pres_cnijf2015_dbf.zip
OK 301089 CNIJF 2014 func_esp_cnijf2015_dbf.zip
OK 314541 CNIJF 2014 transp_anticor_cnijf2015_dbf.zip
OK 262936 CNIJF 2014 tys_gob_elec_cnijf2015_dbf.zip
OK 230499 CNIJF 2014 marco_regulatorio_cnijf2015_dbf.zip
OK 317464 CNIJF 2014 inst_fed_defensoria_pub_cnijf2015_dbf.zip
OK 259092 CNIJF 2014 imp_jus_fed_todas_mat_scjn_cnijf2015_dbf.zip
OK 282352 CNIJF 2014 imp_jus_fed_mat_elec_cnijf2015_dbf.zip
OK 240490 CNIJF 2014 imp_jus_fed_todas_mat_cjf_cnijf2015_dbf.zip
OK 362045 CNIJF 2014 asuntos_juris_cnijf2015_dbf.zip
OK 411003 CNIJF 2014 imp_jus_fed_mat_penal_cjf_cnijf2015_dbf.zip
FALLO 000 curl: (3) URL rejected: Malformed input to a URL function https://www.inegi.org.mx/contenidos/programas/cnpje/2012/microdatos/denuncias _y_querellas_y_actas_circunstanciadas_cnpje2012_dbf.zip
OK 267609 CNPJE 2011 ordenes_de_aprehension_cnpje2012_dbf.zip
OK 266929 CNPJE 2011 vehiculos_robados_y_recuperados_cnpje2012_dbf.zip
OK 981315 CNPJE 2011 averiguaciones_previas_y_carpetas_de_investigacion_cnpje2012_dbf.zip
OK 643962 CNPJE 2011 justicia_para_adolescentes_cnpje2012_dbf.zip
OK 4989208 ECOSEP 2009 ecosep_2009_dbf.zip
OK 15204 ECOSEP 2009 fd_segpub.xlsx
OK 8166376 EDF 1985 defunciones_fetales_base_datos_1985_1989_dbf.zip
OK 9765119 EDF 1990 defunciones_fetales_base_datos_1990_1994_dbf.zip
OK 2250539 EDF 2025 fetales_base_de_datos_2025_dbf.zip
OK 3852 EIM 2008 ejemplos_eim_1994_2008_stata.zip
OK 22542856 ENECE 2009 bd_mece09_dbf.zip
OK 655557 ENECE 2009 fd_mece09.pdf
OK 25912150 ENESS 2009 bd_eness09_dbf.zip
OK 188687 ENESS 2009 fd_eness09.pdf
OK 27050582 ENEU 1995 eneu_1995_dbf.zip
OK 66742053 ENEU 2002 eneu_2002_dbf.zip
OK 38004847 ENEU 2004 eneu_2004_dbf.zip
OK 2383484 ENTI 2019 enti_2019_fd.pdf
OK 4718343 ENTI 2019 enti_2019_bd_dbf.zip
OK 438 ETI 2021 LM_EVI_ETI_TE_csv.zip
OK 445 ETI 2021 LM_EVI_ETI_TR_csv.zip
OK 2201723 ILMM 2018 ilmm_2018_bd_xlsx.zip
OK 6510 INDMAQ SIN-AÑO emime_dbf.zip
OK 7476853 JUDICIALESPENAL 1997 judiciales_bd_catalogos_1997_dbf.zip
OK 8438261 JUDICIALESPENAL 1999 judiciales_bd_catalogos_1999_dbf.zip
OK 248675 MCS 2014 mcs_agropecuario_2014_concil_2010_csv.zip
OK 2425768 MCS 2014 mcs_Concentrado_2014_concil_2010_csv.zip
OK 1145118 MCS 2014 mcs_Vivi_2014_concil_2010_csv.zip
OK 971916 MCS 2014 mcs_Gastohogar_2014_concil_2010_csv.zip
OK 1989740 MCS 2014 mcs_Hogares_2014_concil_2010_csv.zip
OK 2671239 MCS 2014 mcs_Ingresos_2014_concil_2010_csv.zip
OK 781328 MCS 2014 mcs_Noagropecuario_2014_concil_2010_csv.zip
OK 1780320 MCS 2014 mcs_Gastopersona_2014_concil_2010_csv.zip
OK 7802705 MCS 2014 mcs_Poblacion_2014_concil_2010_csv.zip
OK 1349115 MCS 2014 mcs_Trabajos_2014_concil_2010_csv.zip
OK 115580 MOCIBA 2017 mociba2017_fd.xlsx
OK 136935 MOCIBA 2022 mociba2022_fd.xlsx
OK 71285 MODECULT 2018 modecult_may2018_csv.zip
OK 745046 MODECULT 2024 fd_modecult2024.pdf
OK 77561 MODECULT 2024 modecult_may2024_csv.zip
OK 6070204 MODUTIH 2013 modutih2013_bd_dbf.zip
OK 1498300 MODUTIH 2013 modutih2013_descripcion_de_archivos.pdf
OK 53758 MOLEC 2023 molec_feb23_sav.zip
OK 62570 MOLEC 2025 fd_molec_2025.xlsx
OK 55382 MOPRADEF 2014 Ago mopradef_bd_agosto_2014_sav.zip
OK 60766 MOPRADEF 2014 Nov mopradef_bd_noviembre_2014_sav.zip
OK 34814 MOPRADEF 2022 Nov mopradef_bd_noviembre_2022_sav.zip
OK 7786 RELLABORALESPRUEBA 2025 prueba.pdf
tanda cerrada: 90 caminadas, 0.28 GB
