pendientes: 567
OK 852484 ENADID 2014 base_datos_enadid_2014_2018_csv.zip
OK 773630 ENADID 2014 fd_enadid_2018_2014_2018.xlsx
OK 22146674 ENADID 2014 base_datos_enadid14_dbf.zip
OK 388703 ENADID 2014 fd_enadid14.xlsx
OK 8775969 DUTIH 2015 dutih2015_bd_dbf.zip
OK 99678 DUTIH 2015 dutih2015_fd.xlsx
OK 14903674 DUTIH 2016 dutih2016_bd_dbf.zip
OK 310692 DUTIH 2016 dutih2016_fd.xlsx
OK 134564 DUTIH 2020 dutih2020_fd.xlsx
OK 10096175 DUTIH 2020 dutih2020_bd_dbf.zip
OK 9731008 DUTIH 2022 endutih2022_bd_dbf.zip
OK 135663 DUTIH 2022 FD_ENDUTIH2022.xlsx
OK 162469 ENDUTIH 2025 fd_endutih2025.xlsx
OK 1901994 ENVIPE 2018 fd_envipe2018.pdf
OK 2910338 ENVIPE 2022 fd_envipe2022.pdf
OK 31035888 EDR 2021 defunciones_base_datos_2021_dbf.zip
OK 28755241 EDR 2023 defunciones_base_datos_2023_dbf.zip
OK 8965415 MIGRACION 2002 migracion_02_dbf.zip
OK 115281 MIGRACION 2002 fd_migracion_2002_pdf.zip
OK 88146983 MORTALIDAD 2010 defunciones_generales_base_datos_2010_2014_dbf.zip
OK 10251204 MORTALIDAD 2010 defunciones_fetales_base_datos_2010_2014_dbf.zip
OK 4340061 ENCIG 2015 encig15_estructura_base_datos.pdf
OK 1634670 ENCIG 2019 encig19_estructura_base_datos.pdf
OK 688318 ENPECYT 2015 enpecyt2015_bd_dbf.zip
OK 743245 ENPECYT 2015 enpecyt2015_fd.pdf
OK 219503 ENIF 2015 enif_2015_fd.xlsx
OK 981987 ENIF 2015 enif_2015_modelo_datos.pdf
OK 116279 ENUT 2019 enut_2019_fd.xlsx
OK 11086174 ENUT 2019 enut_2019_bd_csv.zip
OK 83679 ENUT 2019 enut_2019_diagrama_er.zip
OK 31541304 NUPCIALIDAD 1995 matrimonios_base_datos_1995_1999_dbf.zip
OK 10703723 NUPCIALIDAD 1995 divorcios_base_datos_1995_1999_dbf.zip
OK 38870435 NUPCIALIDAD 2000 matrimonios_base_datos_2000_2004_dbf.zip
OK 16565938 NUPCIALIDAD 2000 divorcios_base_datos_2000_2004_dbf.zip
OK 3794 CE 2009 ce2009_ejemplobd_csv.zip
OK 16404 ENCO 2008 fd_enco_v4.pdf
OK 351 CAE 2001 ejemplo_ejidal2001_csv.zip
OK 378745 ENCOAP 2025 bd_encoap2025_csv.zip
OK 65363 ENCOAP 2025 encoap2025_fd.xlsx
OK 433646 ENG 2009 ape_estructura2010_dbf.zip
OK 354509 ENG 2009 ape_recursos2010_dbf.zip
OK 301070 ENG 2009 ape_tramites2010_dbf.zip
OK 311675 ENG 2009 ape_transparencia2010_dbf.zip
OK 286647 ENG 2009 ape_marco_regulatorio2010_dbf.zip
OK 407061 ENG 2009 rs_poblacion_reclusa2010_dbf.zip
OK 290495 ENG 2009 rs_reclusos_infraestructura2010_dbf.zip
OK 332539 ENG 2009 rs_menores2010_dbf.zip
OK 285687 ENG 2009 rs_menores_infraestructura2010_dbf.zip
OK 319810 ENG 2009 sp_ejercicio2010_dbf.zip
OK 296736 ENG 2009 sp_recursos2010_dbf.zip
OK 385676 ENG 2009 sp_infraestructura2010_dbf.zip
OK 31056519 NATALIDAD 1989 natalidad_base_datos_1989_dbf.zip
OK 32265378 NATALIDAD 1991 natalidad_base_datos_1991_dbf.zip
OK 31447442 NATALIDAD 1996 natalidad_base_datos_1996_dbf.zip
OK 38896551 NATALIDAD 1999 natalidad_base_datos_1999_dbf.zip
OK 39581504 NATALIDAD 2000 natalidad_base_datos_2000_dbf.zip
OK 38676205 NATALIDAD 2004 natalidad_base_datos_2004_dbf.zip
OK 37675715 NATALIDAD 2005 natalidad_base_datos_2005_dbf.zip
OK 44280029 NATALIDAD 2011 natalidad_base_datos_2011_dbf.zip
