pendientes: 4716
OK 77160 CCPV 1990 fd_cgpv1990.pdf
RECHAZO OTRA(d0cf11e0) https://www.inegi.org.mx/contenidos/programas/ccpv/1990/doc/catalogos_1990.xls
OK 990118 CCPV 1990 cgpv90p_01_dbf.zip
OK 2561925 CCPV 1990 cgpv90p_02_dbf.zip
OK 469555 CCPV 1990 cgpv90p_03_dbf.zip
OK 756807 CCPV 1990 cgpv90p_04_dbf.zip
OK 2800699 CCPV 1990 cgpv90p_05_dbf.zip
OK 624896 CCPV 1990 cgpv90p_06_dbf.zip
OK 4052340 CCPV 1990 cgpv90p_07_dbf.zip
OK 3516479 CCPV 1990 cgpv90p_08_dbf.zip
OK 12612870 CCPV 1990 cgpv90p_09_dbf.zip
OK 1816377 CCPV 1990 cgpv90p_10_dbf.zip
OK 5225996 CCPV 1990 cgpv90p_11_dbf.zip
OK 3386520 CCPV 1990 cgpv90p_12_dbf.zip
OK 2533135 CCPV 1990 cgpv90p_13_dbf.zip
OK 7339034 CCPV 1990 cgpv90p_14_dbf.zip
OK 13931798 CCPV 1990 cgpv90p_15_dbf.zip
OK 4680258 CCPV 1990 cgpv90p_16_dbf.zip
OK 1726880 CCPV 1990 cgpv90p_17_dbf.zip
OK 1147876 CCPV 1990 cgpv90p_18_dbf.zip
OK 4413265 CCPV 1990 cgpv90p_19_dbf.zip
OK 3879795 CCPV 1990 cgpv90p_20_dbf.zip
OK 5454707 CCPV 1990 cgpv90p_21_dbf.zip
OK 1405593 CCPV 1990 cgpv90p_22_dbf.zip
OK 724871 CCPV 1990 cgpv90p_23_dbf.zip
OK 2674598 CCPV 1990 cgpv90p_24_dbf.zip
OK 3038031 CCPV 1990 cgpv90p_25_dbf.zip
OK 2601318 CCPV 1990 cgpv90p_26_dbf.zip
OK 2027597 CCPV 1990 cgpv90p_27_dbf.zip
OK 3265672 CCPV 1990 cgpv90p_28_dbf.zip
OK 1018459 CCPV 1990 cgpv90p_29_dbf.zip
OK 8514211 CCPV 1990 cgpv90p_30_dbf.zip
OK 1889492 CCPV 1990 cgpv90p_31_dbf.zip
OK 1615227 CCPV 1990 cgpv90p_32_dbf.zip
OK 73140 CCPV 1990 01_aguascalientes_1990_iter_dbf.zip
OK 80973 CCPV 1990 02_baja_california_1990_iter_dbf.zip
OK 74013 CCPV 1990 03_baja_california_sur_1990_iter_dbf.zip
OK 80567 CCPV 1990 04_campeche_1990_iter_dbf.zip
OK 160127 CCPV 1990 05_coahuila_1990_iter_dbf.zip
OK 41564 CCPV 1990 06_colima_1990_iter_dbf.zip
OK 841415 CCPV 1990 07_chiapas_1990_iter_dbf.zip
OK 466433 CCPV 1990 08_chihuahua_1990_iter_dbf.zip
OK 20585 CCPV 1990 09_distrito_federal_1990_iter_dbf.zip
OK 284313 CCPV 1990 10_durango_1990_iter_dbf.zip
OK 450857 CCPV 1990 11_guanajuato_1990_iter_dbf.zip
OK 411609 CCPV 1990 12_guerrero_1990_iter_dbf.zip
OK 306034 CCPV 1990 13_hidalgo_1990_iter_dbf.zip
OK 521254 CCPV 1990 14_jalisco_1990_iter_dbf.zip
OK 343974 CCPV 1990 15_mexico_1990_iter_dbf.zip
OK 498515 CCPV 1990 16_michoacan_1990_iter_dbf.zip
OK 60652 CCPV 1990 17_morelos_1990_iter_dbf.zip
OK 114887 CCPV 1990 18_nayarit_1990_iter_dbf.zip
OK 221364 CCPV 1990 19_nuevo_leon_1990_iter_dbf.zip
OK 591939 CCPV 1990 20_oaxaca_1990_iter_dbf.zip
OK 393678 CCPV 1990 21_puebla_1990_iter_dbf.zip
OK 112008 CCPV 1990 22_queretaro_1990_iter_dbf.zip
OK 56694 CCPV 1990 23_quintana_roo_1990_iter_dbf.zip
OK 346933 CCPV 1990 24_san_luis_potosi_1990_iter_dbf.zip
OK 306007 CCPV 1990 25_sinaloa_1990_iter_dbf.zip
OK 272020 CCPV 1990 26_sonora_1990_iter_dbf.zip
OK 171827 CCPV 1990 27_tabasco_1990_iter_dbf.zip
OK 284692 CCPV 1990 28_tamaulipas_1990_iter_dbf.zip
OK 58703 CCPV 1990 29_tlaxcala_1990_iter_dbf.zip
OK 1052163 CCPV 1990 30_veracruz_1990_iter_dbf.zip
OK 149767 CCPV 1990 31_yucatan_1990_iter_dbf.zip
OK 275565 CCPV 1990 32_zacatecas_1990_iter_dbf.zip
OK 161752 CCPV 1990 fd_iter_1990.pdf
OK 9099350 CCPV 1990 00_nacional_1990_iter_dbf.zip
OK 259545 CCPV 1995 cpv95_01_dbf.zip
OK 233223 CCPV 1995 cpv95_02_dbf.zip
OK 227078 CCPV 1995 cpv95_03_dbf.zip
OK 244970 CCPV 1995 cpv95_04_dbf.zip
OK 237231 CCPV 1995 cpv95_05_dbf.zip
OK 237276 CCPV 1995 cpv95_06_dbf.zip
OK 488445 CCPV 1995 cpv95_07_dbf.zip
OK 507987 CCPV 1995 cpv95_08_dbf.zip
OK 248323 CCPV 1995 cpv95_09_dbf.zip
OK 248424 CCPV 1995 cpv95_10_dbf.zip
OK 276842 CCPV 1995 cpv95_11_dbf.zip
OK 255560 CCPV 1995 cpv95_12_dbf.zip
OK 248759 CCPV 1995 cpv95_13_dbf.zip
OK 258965 CCPV 1995 cpv95_14_dbf.zip
OK 275726 CCPV 1995 cpv95_15_dbf.zip
OK 251592 CCPV 1995 cpv95_16_dbf.zip
OK 241253 CCPV 1995 cpv95_17_dbf.zip
OK 245863 CCPV 1995 cpv95_18_dbf.zip
OK 237378 CCPV 1995 cpv95_19_dbf.zip
OK 251749 CCPV 1995 cpv95_20_dbf.zip
OK 259914 CCPV 1995 cpv95_21_dbf.zip
OK 256183 CCPV 1995 cpv95_22_dbf.zip
OK 243965 CCPV 1995 cpv95_23_dbf.zip
OK 262179 CCPV 1995 cpv95_24_dbf.zip
OK 256912 CCPV 1995 cpv95_25_dbf.zip
OK 237227 CCPV 1995 cpv95_26_dbf.zip
OK 250774 CCPV 1995 cpv95_27_dbf.zip
OK 231616 CCPV 1995 cpv95_28_dbf.zip
OK 269563 CCPV 1995 cpv95_29_dbf.zip
OK 249274 CCPV 1995 cpv95_30_dbf.zip
OK 237333 CCPV 1995 cpv95_31_dbf.zip
OK 249812 CCPV 1995 cpv95_32_dbf.zip
OK 69973 CCPV 1995 fd_encuesta_cpv1995.pdf
OK 135140 CCPV 1995 cpv95_diseno_muestra.pdf
OK 203616 CCPV 1995 catalogos_cpv1995.pdf
OK 101259 CCPV 1995 01_aguascalientes_1995_iter_dbf.zip
OK 203204 CCPV 1995 02_baja_california_1995_iter_dbf.zip
OK 112106 CCPV 1995 03_baja_california_sur_1995_iter_dbf.zip
OK 119957 CCPV 1995 04_campeche_1995_iter_dbf.zip
OK 227598 CCPV 1995 05_coahuila_1995_iter_dbf.zip
OK 55232 CCPV 1995 06_colima_1995_iter_dbf.zip
OK 950446 CCPV 1995 07_chiapas_1995_iter_dbf.zip
OK 662186 CCPV 1995 08_chihuahua_1995_iter_dbf.zip
OK 38296 CCPV 1995 09_distrito_federal_1995_iter_dbf.zip
OK 372648 CCPV 1995 10_durango_1995_iter_dbf.zip
OK 611089 CCPV 1995 11_guanajuato_1995_iter_dbf.zip
OK 556613 CCPV 1995 12_guerrero_1995_iter_dbf.zip
OK 387305 CCPV 1995 13_hidalgo_1995_iter_dbf.zip
OK 757784 CCPV 1995 14_jalisco_1995_iter_dbf.zip
OK 447243 CCPV 1995 15_mexico_1995_iter_dbf.zip
OK 675035 CCPV 1995 16_michoacan_1995_iter_dbf.zip
OK 98875 CCPV 1995 17_morelos_1995_iter_dbf.zip
OK 161461 CCPV 1995 18_nayarit_1995_iter_dbf.zip
OK 290711 CCPV 1995 19_nuevo_leon_1995_iter_dbf.zip
OK 878218 CCPV 1995 20_oaxaca_1995_iter_dbf.zip
OK 535277 CCPV 1995 21_puebla_1995_iter_dbf.zip
OK 158332 CCPV 1995 22_queretaro_1995_iter_dbf.zip
OK 79821 CCPV 1995 23_quintana_roo_1995_iter_dbf.zip
OK 471064 CCPV 1995 24_san_luis_potosi_1995_iter_dbf.zip
OK 396175 CCPV 1995 25_sinaloa_1995_iter_dbf.zip
OK 402899 CCPV 1995 26_sonora_1995_iter_dbf.zip
OK 203078 CCPV 1995 27_tabasco_1995_iter_dbf.zip
OK 423921 CCPV 1995 28_tamaulipas_1995_iter_dbf.zip
OK 85875 CCPV 1995 29_tlaxcala_1995_iter_dbf.zip
OK 1380394 CCPV 1995 30_veracruz_1995_iter_dbf.zip
OK 176770 CCPV 1995 31_yucatan_1995_iter_dbf.zip
OK 334934 CCPV 1995 32_zacatecas_1995_iter_dbf.zip
OK 163528 CCPV 1995 fd_iter_1995.pdf
OK 617538 CCPV 1995 nuevos_municipios_cpv1995.pdf
OK 12331529 CCPV 1995 00_nacional_1995_iter_dbf.zip
OK 27701583 CCPV 2000 00_nacional_2000_iter_dbf.zip
OK 223718 CCPV 2000 01_aguascalientes_2000_iter_dbf.zip
OK 412322 CCPV 2000 02_baja_california_2000_iter_dbf.zip
OK 205279 CCPV 2000 03_baja_california_sur_2000_iter_dbf.zip
OK 258944 CCPV 2000 04_campeche_2000_iter_dbf.zip
OK 416468 CCPV 2000 05_coahuila_2000_iter_dbf.zip
OK 119348 CCPV 2000 06_colima_2000_iter_dbf.zip
OK 2409353 CCPV 2000 07_chiapas_2000_iter_dbf.zip
OK 1272232 CCPV 2000 08_chihuahua_2000_iter_dbf.zip
OK 85771 CCPV 2000 09_distrito_federal_2000_iter_dbf.zip
OK 771991 CCPV 2000 10_durango_2000_iter_dbf.zip
OK 1421878 CCPV 2000 11_guanajuato_2000_iter_dbf.zip
OK 1291998 CCPV 2000 12_guerrero_2000_iter_dbf.zip
OK 950699 CCPV 2000 13_hidalgo_2000_iter_dbf.zip
OK 1564266 CCPV 2000 14_jalisco_2000_iter_dbf.zip
OK 1159541 CCPV 2000 15_mexico_2000_iter_dbf.zip
OK 1527189 CCPV 2000 16_michoacan_2000_iter_dbf.zip
OK 264081 CCPV 2000 17_morelos_2000_iter_dbf.zip
OK 346937 CCPV 2000 18_nayarit_2000_iter_dbf.zip
OK 600576 CCPV 2000 19_nuevo_leon_2000_iter_dbf.zip
OK 2040411 CCPV 2000 20_oaxaca_2000_iter_dbf.zip
OK 1317218 CCPV 2000 21_puebla_2000_iter_dbf.zip
OK 410272 CCPV 2000 22_queretaro_2000_iter_dbf.zip
OK 187256 CCPV 2000 23_quintana_roo_2000_iter_dbf.zip
OK 1072829 CCPV 2000 24_san_luis_potosi_2000_iter_dbf.zip
OK 876354 CCPV 2000 25_sinaloa_2000_iter_dbf.zip
OK 748051 CCPV 2000 26_sonora_2000_iter_dbf.zip
OK 531625 CCPV 2000 27_tabasco_2000_iter_dbf.zip
OK 821633 CCPV 2000 28_tamaulipas_2000_iter_dbf.zip
OK 204886 CCPV 2000 29_tlaxcala_2000_iter_dbf.zip
OK 3134809 CCPV 2000 30_veracruz_2000_iter_dbf.zip
OK 372874 CCPV 2000 31_yucatan_2000_iter_dbf.zip
OK 723967 CCPV 2000 32_zacatecas_2000_iter_dbf.zip
OK 157176 CCPV 2000 fd_iter_2000.pdf
OK 713304 CCPV 2000 nuevos_municipios_cgpv2000.pdf
OK 1988782 CCPV 2000 cgpv2000_01_dbf.zip
OK 3649392 CCPV 2000 cgpv2000_02_dbf.zip
OK 890356 CCPV 2000 cgpv2000_03_dbf.zip
OK 1579335 CCPV 2000 cgpv2000_04_dbf.zip
OK 4598806 CCPV 2000 cgpv2000_05_dbf.zip
OK 1258151 CCPV 2000 cgpv2000_06_dbf.zip
OK 9393200 CCPV 2000 cgpv2000_07_dbf.zip
OK 6811397 CCPV 2000 cgpv2000_08_dbf.zip
OK 19147901 CCPV 2000 cgpv2000_09_dbf.zip
OK 3530780 CCPV 2000 cgpv2000_10_dbf.zip
OK 8216748 CCPV 2000 cgpv2000_11_dbf.zip
OK 7424105 CCPV 2000 cgpv2000_12_dbf.zip
OK 6182342 CCPV 2000 cgpv2000_13_dbf.zip
OK 14830154 CCPV 2000 cgpv2000_14_dbf.zip
OK 25686552 CCPV 2000 cgpv2000_15_dbf.zip
OK 10337728 CCPV 2000 cgpv2000_16_dbf.zip
OK 3733232 CCPV 2000 cgpv2000_17_dbf.zip
OK 1870595 CCPV 2000 cgpv2000_18_dbf.zip
OK 7895104 CCPV 2000 cgpv2000_19_dbf.zip
OK 15002870 CCPV 2000 cgpv2000_20_dbf.zip
OK 13344875 CCPV 2000 cgpv2000_21_dbf.zip
OK 2830988 CCPV 2000 cgpv2000_22_dbf.zip
OK 1602870 CCPV 2000 cgpv2000_23_dbf.zip
OK 5838191 CCPV 2000 cgpv2000_24_dbf.zip
OK 4115770 CCPV 2000 cgpv2000_25_dbf.zip
OK 5599185 CCPV 2000 cgpv2000_26_dbf.zip
OK 3880451 CCPV 2000 cgpv2000_27_dbf.zip
OK 5524690 CCPV 2000 cgpv2000_28_dbf.zip
OK 3210950 CCPV 2000 cgpv2000_29_dbf.zip
OK 18007535 CCPV 2000 cgpv2000_30_dbf.zip
OK 5323868 CCPV 2000 cgpv2000_31_dbf.zip
OK 4286101 CCPV 2000 cgpv2000_32_dbf.zip
OK 2367208 CCPV 2000 fd_muestra_censal_2000_pdf.zip
OK 75325 CCPV 2000 muestra_censo2000_presentacion.pdf
OK 1321872 CCPV 2005 cpv2005_01_dbf.zip
OK 3599666 CCPV 2005 cpv2005_02_dbf.zip
OK 656205 CCPV 2005 cpv2005_03_dbf.zip
OK 946899 CCPV 2005 cpv2005_04_dbf.zip
OK 3020156 CCPV 2005 cpv2005_05_dbf.zip
OK 722989 CCPV 2005 cpv2005_06_dbf.zip
OK 4933321 CCPV 2005 cpv2005_07_dbf.zip
OK 3976485 CCPV 2005 cpv2005_08_dbf.zip
OK 11291875 CCPV 2005 cpv2005_09_dbf.zip
OK 1806018 CCPV 2005 cpv2005_10_dbf.zip
OK 5795351 CCPV 2005 cpv2005_11_dbf.zip
OK 3718598 CCPV 2005 cpv2005_12_dbf.zip
OK 2887315 CCPV 2005 cpv2005_13_dbf.zip
OK 8162177 CCPV 2005 cpv2005_14_dbf.zip
OK 17078826 CCPV 2005 cpv2005_15_dbf.zip
OK 4758263 CCPV 2005 cpv2005_16_dbf.zip
OK 2041737 CCPV 2005 cpv2005_17_dbf.zip
OK 1196929 CCPV 2005 cpv2005_18_dbf.zip
OK 5042506 CCPV 2005 cpv2005_19_dbf.zip
OK 4290476 CCPV 2005 cpv2005_20_dbf.zip
OK 6498056 CCPV 2005 cpv2005_21_dbf.zip
OK 1908892 CCPV 2005 cpv2005_22_dbf.zip
OK 1432880 CCPV 2005 cpv2005_23_dbf.zip
OK 2919777 CCPV 2005 cpv2005_24_dbf.zip
OK 3198288 CCPV 2005 cpv2005_25_dbf.zip
OK 2966915 CCPV 2005 cpv2005_26_dbf.zip
OK 2498810 CCPV 2005 cpv2005_27_dbf.zip
OK 3800081 CCPV 2005 cpv2005_28_dbf.zip
OK 1280594 CCPV 2005 cpv2005_29_dbf.zip
OK 8879953 CCPV 2005 cpv2005_30_dbf.zip
OK 2251086 CCPV 2005 cpv2005_31_dbf.zip
OK 1655395 CCPV 2005 cpv2005_32_dbf.zip
RECHAZO OTRA(d0cf11e0) https://www.inegi.org.mx/contenidos/programas/ccpv/2005/doc/fd_muestra_2005.xls
RECHAZO OTRA(d0cf11e0) https://www.inegi.org.mx/contenidos/programas/ccpv/2005/doc/catalogos_muestra_2005.xls
OK 118720 CCPV 2005 carac_muestra_2005.pdf
OK 26917847 CCPV 2005 00_nacional_2005_iter_dbf.zip
OK 227446 CCPV 2005 01_aguascalientes_2005_iter_dbf.zip
OK 367113 CCPV 2005 02_baja_california_2005_iter_dbf.zip
OK 177492 CCPV 2005 03_baja_california_sur_2005_iter_dbf.zip
OK 243728 CCPV 2005 04_campeche_2005_iter_dbf.zip
OK 388569 CCPV 2005 05_coahuila_2005_iter_dbf.zip
OK 106001 CCPV 2005 06_colima_2005_iter_dbf.zip
OK 2551329 CCPV 2005 07_chiapas_2005_iter_dbf.zip
OK 1238622 CCPV 2005 08_chihuahua_2005_iter_dbf.zip
OK 90550 CCPV 2005 09_distrito_federal_2005_iter_dbf.zip
OK 740415 CCPV 2005 10_durango_2005_iter_dbf.zip
OK 1396790 CCPV 2005 11_guanajuato_2005_iter_dbf.zip
OK 1258929 CCPV 2005 12_guerrero_2005_iter_dbf.zip
OK 944424 CCPV 2005 13_hidalgo_2005_iter_dbf.zip
OK 1479307 CCPV 2005 14_jalisco_2005_iter_dbf.zip
OK 1147523 CCPV 2005 15_mexico_2005_iter_dbf.zip
OK 1435337 CCPV 2005 16_michoacan_2005_iter_dbf.zip
OK 264455 CCPV 2005 17_morelos_2005_iter_dbf.zip
OK 346096 CCPV 2005 18_nayarit_2005_iter_dbf.zip
OK 552825 CCPV 2005 19_nuevo_leon_2005_iter_dbf.zip
OK 2033867 CCPV 2005 20_oaxaca_2005_iter_dbf.zip
OK 1309711 CCPV 2005 21_puebla_2005_iter_dbf.zip
OK 431662 CCPV 2005 22_queretaro_2005_iter_dbf.zip
OK 177892 CCPV 2005 23_quintana_roo_2005_iter_dbf.zip
OK 1045677 CCPV 2005 24_san_luis_potosi_2005_iter_dbf.zip
OK 823024 CCPV 2005 25_sinaloa_2005_iter_dbf.zip
OK 677081 CCPV 2005 26_sonora_2005_iter_dbf.zip
OK 520738 CCPV 2005 27_tabasco_2005_iter_dbf.zip
OK 731474 CCPV 2005 28_tamaulipas_2005_iter_dbf.zip
OK 211530 CCPV 2005 29_tlaxcala_2005_iter_dbf.zip
OK 3038104 CCPV 2005 30_veracruz_2005_iter_dbf.zip
OK 321436 CCPV 2005 31_yucatan_2005_iter_dbf.zip
OK 683333 CCPV 2005 32_zacatecas_2005_iter_dbf.zip
OK 313904 CCPV 2005 fd_iter_2005.pdf
OK 19966 CCPV 2005 comparativo_iter_2005.pdf
OK 94854 CCPV 2005 municipios_iter_2005.pdf
OK 7333062 CCPV 2005 vivloc2005_nal_dbf.zip
OK 72648 CCPV 2005 vivloc2005_01_dbf.zip
OK 155778 CCPV 2005 vivloc2005_02_dbf.zip
OK 97976 CCPV 2005 vivloc2005_03_dbf.zip
OK 110690 CCPV 2005 vivloc2005_04_dbf.zip
OK 240498 CCPV 2005 vivloc2005_05_dbf.zip
OK 70228 CCPV 2005 vivloc2005_06_dbf.zip
OK 1075963 CCPV 2005 vivloc2005_07_dbf.zip
OK 483710 CCPV 2005 vivloc2005_08_dbf.zip
OK 17835 CCPV 2005 vivloc2005_09_dbf.zip
OK 247864 CCPV 2005 vivloc2005_10_dbf.zip
OK 290888 CCPV 2005 vivloc2005_11_dbf.zip
OK 269941 CCPV 2005 vivloc2005_12_dbf.zip
OK 153175 CCPV 2005 vivloc2005_13_dbf.zip
OK 444015 CCPV 2005 vivloc2005_14_dbf.zip
OK 171494 CCPV 2005 vivloc2005_15_dbf.zip
OK 342395 CCPV 2005 vivloc2005_16_dbf.zip
OK 56326 CCPV 2005 vivloc2005_17_dbf.zip
OK 111735 CCPV 2005 vivloc2005_18_dbf.zip
OK 263054 CCPV 2005 vivloc2005_19_dbf.zip
OK 365719 CCPV 2005 vivloc2005_20_dbf.zip
OK 226147 CCPV 2005 vivloc2005_21_dbf.zip
OK 92965 CCPV 2005 vivloc2005_22_dbf.zip
OK 76371 CCPV 2005 vivloc2005_23_dbf.zip
OK 245996 CCPV 2005 vivloc2005_24_dbf.zip
OK 221886 CCPV 2005 vivloc2005_25_dbf.zip
OK 379537 CCPV 2005 vivloc2005_26_dbf.zip
OK 78554 CCPV 2005 vivloc2005_27_dbf.zip
OK 332441 CCPV 2005 vivloc2005_28_dbf.zip
OK 54765 CCPV 2005 vivloc2005_29_dbf.zip
OK 1126182 CCPV 2005 vivloc2005_30_dbf.zip
OK 170138 CCPV 2005 vivloc2005_31_dbf.zip
OK 201909 CCPV 2005 vivloc2005_32_dbf.zip
OK 185651 CCPV 2005 presentacion_vivloc_2005.pdf
OK 76616 CCPV 2005 fd_vivloc_2005.pdf
OK 26566202 CCPV 2010 dummy_personas_cpv2010_dta.zip
OK 3946926 CCPV 2010 dummy_viviendas_cpv2010_dta.zip
OK 7158944 CCPV 2010 MC2010_01_dta.zip
OK 10336884 CCPV 2010 MC2010_02_dta.zip
OK 3574754 CCPV 2010 MC2010_03_dta.zip
OK 6432811 CCPV 2010 MC2010_04_dta.zip
OK 18717058 CCPV 2010 MC2010_05_dta.zip
OK 7296403 CCPV 2010 MC2010_06_dta.zip
OK 87146776 CCPV 2010 MC2010_07_dta.zip
OK 29008666 CCPV 2010 MC2010_08_dta.zip
OK 41183274 CCPV 2010 MC2010_09_dta.zip
OK 19752552 CCPV 2010 MC2010_10_dta.zip
OK 34811391 CCPV 2010 MC2010_11_dta.zip
OK 66525374 CCPV 2010 MC2010_12_dta.zip
OK 33928207 CCPV 2010 MC2010_13_dta.zip
OK 66351384 CCPV 2010 MC2010_14_dta.zip
OK 90794936 CCPV 2010 MC2010_15_dta.zip
OK 52961087 CCPV 2010 MC2010_16_dta.zip
OK 16669659 CCPV 2010 MC2010_17_dta.zip
OK 11480066 CCPV 2010 MC2010_18_dta.zip
OK 29759075 CCPV 2010 MC2010_19_dta.zip
OK 140767011 CCPV 2010 MC2010_20_dta.zip
OK 94765515 CCPV 2010 MC2010_21_dta.zip
OK 11354839 CCPV 2010 MC2010_22_dta.zip
OK 8020073 CCPV 2010 MC2010_23_dta.zip
OK 26808284 CCPV 2010 MC2010_24_dta.zip
OK 13358267 CCPV 2010 MC2010_25_dta.zip
OK 27661830 CCPV 2010 MC2010_26_dta.zip
OK 10687742 CCPV 2010 MC2010_27_dta.zip
OK 21794264 CCPV 2010 MC2010_28_dta.zip
OK 26867621 CCPV 2010 MC2010_29_dta.zip
OK 99794894 CCPV 2010 MC2010_30_dta.zip
OK 41177346 CCPV 2010 MC2010_31_dta.zip
OK 22355648 CCPV 2010 MC2010_32_dta.zip
OK 2170947 CCPV 2010 diseno_de_la_muestra_censal.pdf
OK 87760 CCPV 2010 catalogos_2010_dbf.zip
OK 241621 CCPV 2010 instrucciones_etiquetado_sas.pdf
OK 261941 CCPV 2010 instrucciones_etiquetado_stata.pdf
OK 193514 CCPV 2010 MANZANA_EU_01_dta.zip
OK 757437 CCPV 2010 MANZANA_EU_02_dta.zip
OK 190520 CCPV 2010 MANZANA_EU_03_dta.zip
OK 149898 CCPV 2010 MANZANA_EU_04_dta.zip
OK 806385 CCPV 2010 MANZANA_EU_05_dta.zip
OK 184194 CCPV 2010 MANZANA_EU_06_dta.zip
OK 635859 CCPV 2010 MANZANA_EU_07_dta.zip
OK 1026012 CCPV 2010 MANZANA_EU_08_dta.zip
OK 1125114 CCPV 2010 MANZANA_EU_09_dta.zip
OK 396201 CCPV 2010 MANZANA_EU_10_dta.zip
OK 823325 CCPV 2010 MANZANA_EU_11_dta.zip
OK 662535 CCPV 2010 MANZANA_EU_12_dta.zip
OK 354193 CCPV 2010 MANZANA_EU_13_dta.zip
OK 1340160 CCPV 2010 MANZANA_EU_14_dta.zip
OK 2144619 CCPV 2010 MANZANA_EU_15_dta.zip
OK 814542 CCPV 2010 MANZANA_EU_16_dta.zip
OK 355403 CCPV 2010 MANZANA_EU_17_dta.zip
OK 234840 CCPV 2010 MANZANA_EU_18_dta.zip
OK 982018 CCPV 2010 MANZANA_EU_19_dta.zip
OK 510557 CCPV 2010 MANZANA_EU_20_dta.zip
OK 810599 CCPV 2010 MANZANA_EU_21_dta.zip
OK 266522 CCPV 2010 MANZANA_EU_22_dta.zip
OK 296403 CCPV 2010 MANZANA_EU_23_dta.zip
OK 472139 CCPV 2010 MANZANA_EU_24_dta.zip
OK 606743 CCPV 2010 MANZANA_EU_25_dta.zip
OK 843055 CCPV 2010 MANZANA_EU_26_dta.zip
OK 208704 CCPV 2010 MANZANA_EU_27_dta.zip
OK 912416 CCPV 2010 MANZANA_EU_28_dta.zip
OK 187894 CCPV 2010 MANZANA_EU_29_dta.zip
OK 1152174 CCPV 2010 MANZANA_EU_30_dta.zip
OK 428149 CCPV 2010 MANZANA_EU_31_dta.zip
OK 345364 CCPV 2010 MANZANA_EU_32_dta.zip
OK 74169 CCPV 2010 entorno_urbano_intro_bd_cpv2010.pdf
OK 27948 CCPV 2010 descrip_ed_eu.pdf
OK 39390024 CCPV 2010 resloc_nal_2010_dbf.zip
OK 684469 CCPV 2010 resloc_01_2010_dbf.zip
OK 1014253 CCPV 2010 resloc_02_2010_dbf.zip
OK 661674 CCPV 2010 resloc_03_2010_dbf.zip
OK 723164 CCPV 2010 resloc_04_2010_dbf.zip
OK 892409 CCPV 2010 resloc_05_2010_dbf.zip
OK 487884 CCPV 2010 resloc_06_2010_dbf.zip
OK 4241171 CCPV 2010 resloc_07_2010_dbf.zip
OK 2166217 CCPV 2010 resloc_08_2010_dbf.zip
OK 446749 CCPV 2010 resloc_09_2010_dbf.zip
OK 1384437 CCPV 2010 resloc_10_2010_dbf.zip
OK 2442587 CCPV 2010 resloc_11_2010_dbf.zip
OK 2093469 CCPV 2010 resloc_12_2010_dbf.zip
OK 1663535 CCPV 2010 resloc_13_2010_dbf.zip
OK 2426010 CCPV 2010 resloc_14_2010_dbf.zip
OK 1819306 CCPV 2010 resloc_15_2010_dbf.zip
OK 2387766 CCPV 2010 resloc_16_2010_dbf.zip
OK 711890 CCPV 2010 resloc_17_2010_dbf.zip
OK 829433 CCPV 2010 resloc_18_2010_dbf.zip
OK 1131070 CCPV 2010 resloc_19_2010_dbf.zip
OK 3033146 CCPV 2010 resloc_20_2010_dbf.zip
OK 2057772 CCPV 2010 resloc_21_2010_dbf.zip
OK 990149 CCPV 2010 resloc_22_2010_dbf.zip
OK 608830 CCPV 2010 resloc_23_2010_dbf.zip
OK 1811784 CCPV 2010 resloc_24_2010_dbf.zip
OK 1510097 CCPV 2010 resloc_25_2010_dbf.zip
OK 1329973 CCPV 2010 resloc_26_2010_dbf.zip
OK 1043534 CCPV 2010 resloc_27_2010_dbf.zip
OK 1411724 CCPV 2010 resloc_28_2010_dbf.zip
OK 584284 CCPV 2010 resloc_29_2010_dbf.zip
OK 4728656 CCPV 2010 resloc_30_2010_dbf.zip
OK 734724 CCPV 2010 resloc_31_2010_dbf.zip
OK 1285694 CCPV 2010 resloc_32_2010_dbf.zip
OK 59035 CCPV 2010 loc_menos_5mil_habitantes_intro_bd_cpv2010.pdf
OK 333082 CCPV 2010 fd_resloc_2010.pdf
OK 134093 CCPV 2010 glosario_resloc.pdf
OK 39406464 CCPV 2010 00_nacional_2010_iter_dbf.zip
OK 341570 CCPV 2010 01_aguascalientes_2010_iter_dbf.zip
OK 602953 CCPV 2010 02_baja_california_2010_iter_dbf.zip
OK 274751 CCPV 2010 03_baja_california_sur_2010_iter_dbf.zip
OK 352000 CCPV 2010 04_campeche_2010_iter_dbf.zip
OK 539359 CCPV 2010 05_coahuila_2010_iter_dbf.zip
OK 155930 CCPV 2010 06_colima_2010_iter_dbf.zip
OK 3807276 CCPV 2010 07_chiapas_2010_iter_dbf.zip
OK 1720083 CCPV 2010 08_chihuahua_2010_iter_dbf.zip
OK 153131 CCPV 2010 09_distrito_federal_2010_iter_dbf.zip
OK 1032062 CCPV 2010 10_durango_2010_iter_dbf.zip
OK 2099952 CCPV 2010 11_guanajuato_2010_iter_dbf.zip
OK 1833410 CCPV 2010 12_guerrero_2010_iter_dbf.zip
OK 1440384 CCPV 2010 13_hidalgo_2010_iter_dbf.zip
OK 2141162 CCPV 2010 14_jalisco_2010_iter_dbf.zip
OK 1755180 CCPV 2010 15_mexico_2010_iter_dbf.zip
OK 2112571 CCPV 2010 16_michoacan_2010_iter_dbf.zip
OK 436969 CCPV 2010 17_morelos_2010_iter_dbf.zip
OK 501605 CCPV 2010 18_nayarit_2010_iter_dbf.zip
OK 777258 CCPV 2010 19_nuevo_leon_2010_iter_dbf.zip
OK 3051953 CCPV 2010 20_oaxaca_2010_iter_dbf.zip
OK 1944047 CCPV 2010 21_puebla_2010_iter_dbf.zip
OK 677672 CCPV 2010 22_queretaro_2010_iter_dbf.zip
OK 252770 CCPV 2010 23_quintana_roo_2010_iter_dbf.zip
OK 1490626 CCPV 2010 24_san_luis_potosi_2010_iter_dbf.zip
OK 1137206 CCPV 2010 25_sinaloa_2010_iter_dbf.zip
OK 917692 CCPV 2010 26_sonora_2010_iter_dbf.zip
OK 765014 CCPV 2010 27_tabasco_2010_iter_dbf.zip
OK 989565 CCPV 2010 28_tamaulipas_2010_iter_dbf.zip
OK 318170 CCPV 2010 29_tlaxcala_2010_iter_dbf.zip
OK 4404817 CCPV 2010 30_veracruz_2010_iter_dbf.zip
OK 466061 CCPV 2010 31_yucatan_2010_iter_dbf.zip
OK 972598 CCPV 2010 32_zacatecas_2010_iter_dbf.zip
OK 79910 CCPV 2010 principales_resultados_iter_intro_bd_cpv2010.pdf
OK 445081 CCPV 2010 fd_iter_2010.pdf
OK 59534 CCPV 2010 municipios_creados_cpv2010.pdf
OK 2689812 CCPV 2010 01_aguascalientes_2010_ageb_manzana_urbana_dbf.zip
OK 9654957 CCPV 2010 02_baja_california_2010_ageb_manzana_urbana_dbf.zip
OK 2358360 CCPV 2010 03_baja_california_sur_2010_ageb_manzana_urbana_dbf.zip
OK 2121518 CCPV 2010 04_campeche_2010_ageb_manzana_urbana_dbf.zip
OK 9608442 CCPV 2010 05_coahuila_2010_ageb_manzana_urbana_dbf.zip
OK 2294062 CCPV 2010 06_colima_2010_ageb_manzana_urbana_dbf.zip
OK 9161510 CCPV 2010 07_chiapas_2010_ageb_manzana_urbana_dbf.zip
OK 12204088 CCPV 2010 08_chihuahua_2010_ageb_manzana_urbana_dbf.zip
OK 16095755 CCPV 2010 09_distrito_federal_2010_ageb_manzana_urbana_dbf.zip
OK 4958081 CCPV 2010 10_durango_2010_ageb_manzana_urbana_dbf.zip
OK 10868356 CCPV 2010 11_guanajuato_2010_ageb_manzana_urbana_dbf.zip
OK 8806181 CCPV 2010 12_guerrero_2010_ageb_manzana_urbana_dbf.zip
OK 5870434 CCPV 2010 13_hidalgo_2010_ageb_manzana_urbana_dbf.zip
OK 18247155 CCPV 2010 14_jalisco_2010_ageb_manzana_urbana_dbf.zip
OK 28233473 CCPV 2010 15_mexico_2010_ageb_manzana_urbana_dbf.zip
OK 11266774 CCPV 2010 16_michoacan_2010_ageb_manzana_urbana_dbf.zip
OK 4938910 CCPV 2010 17_morelos_2010_ageb_manzana_urbana_dbf.zip
OK 3127290 CCPV 2010 18_nayarit_2010_ageb_manzana_urbana_dbf.zip
OK 12509303 CCPV 2010 19_nuevo_leon_2010_ageb_manzana_urbana_dbf.zip
OK 10956761 CCPV 2010 20_oaxaca_2010_ageb_manzana_urbana_dbf.zip
OK 13449408 CCPV 2010 21_puebla_2010_ageb_manzana_urbana_dbf.zip
OK 3815077 CCPV 2010 22_queretaro_2010_ageb_manzana_urbana_dbf.zip
OK 3817707 CCPV 2010 23_quintana_roo_2010_ageb_manzana_urbana_dbf.zip
OK 6111297 CCPV 2010 24_san_luis_potosi_2010_ageb_manzana_urbana_dbf.zip
OK 7892135 CCPV 2010 25_sinaloa_2010_ageb_manzana_urbana_dbf.zip
OK 10317731 CCPV 2010 26_sonora_2010_ageb_manzana_urbana_dbf.zip
OK 3061712 CCPV 2010 27_tabasco_2010_ageb_manzana_urbana_dbf.zip
OK 11075026 CCPV 2010 28_tamaulipas_2010_ageb_manzana_urbana_dbf.zip
OK 3185339 CCPV 2010 29_tlaxcala_2010_ageb_manzana_urbana_dbf.zip
OK 17300156 CCPV 2010 30_veracruz_2010_ageb_manzana_urbana_dbf.zip
OK 6745929 CCPV 2010 31_yucatan_2010_ageb_manzana_urbana_dbf.zip
OK 4503449 CCPV 2010 32_zacatecas_2010_ageb_manzana_urbana_dbf.zip
OK 81463 CCPV 2010 principales_resultados_ageb_intro_bd_cpv2010.pdf
OK 343273 CCPV 2010 fd_agebmza_urbana.pdf
RECHAZO OTRA(d0cf11e0) https://www.inegi.org.mx/contenidos/programas/ccpv/2010/doc/diccionario_cuestionario_basico.xls
OK 72244 CCPV 2010 muestra_intro_bd_cpv2010.pdf
OK 6875881 CCPV 2010 localidad_manual_supervisor.pdf
OK 10567381 CCPV 2010 localidad_manual_tecnico.pdf
OK 3784277 CCPV 2010 cigel_2010_hab_dbf.zip
OK 21447866 CCPV 2020 Censo2020_CPV_CB_Personas_ejemplo_csv.zip
OK 7522527 CCPV 2020 Censo2020_CPV_CB_Viviendas_ejemplo_csv.zip
OK 49003 CCPV 2020 Censo2020_CPV_CB_descriptor_bd_ejemplo.xlsx
OK 39294 CCPV 2020 Censo2020_clasificaciones_CPV_csv.zip
RECHAZO OTRA(6376655f) https://www.inegi.org.mx/contenidos/programas/ccpv/2020/microdatos/Censo2020_CIGEL.csv
OK 324268 CCPV 2020 ITER_01_2020_csv.zip
OK 591784 CCPV 2020 ITER_02_2020_csv.zip
OK 208421 CCPV 2020 ITER_03_2020_csv.zip
OK 334234 CCPV 2020 ITER_04_2020_csv.zip
OK 488402 CCPV 2020 ITER_05_2020_csv.zip
OK 137851 CCPV 2020 ITER_06_2020_csv.zip
OK 3800331 CCPV 2020 iter_07_2020_csv.zip
OK 1474136 CCPV 2020 iter_08_2020_csv.zip
OK 163676 CCPV 2020 iter_09_2020_csv.zip
OK 944588 CCPV 2020 iter_10_2020_csv.zip
OK 1935283 CCPV 2020 iter_11_2020_csv.zip
OK 1708133 CCPV 2020 iter_12_2020_csv.zip
OK 1382020 CCPV 2020 iter_13_2020_csv.zip
OK 1906460 CCPV 2020 iter_14_2020_csv.zip
OK 1787907 CCPV 2020 iter_15_2020_csv.zip
OK 1869036 CCPV 2020 iter_16_2020_csv.zip
OK 460484 CCPV 2020 iter_17_2020_csv.zip
OK 477473 CCPV 2020 iter_18_2020_csv.zip
OK 683510 CCPV 2020 iter_19_2020_csv.zip
OK 2906845 CCPV 2020 iter_20_2020_csv.zip
OK 1912300 CCPV 2020 iter_21_2020_csv.zip
OK 552966 CCPV 2020 iter_22_2020_csv.zip
OK 259293 CCPV 2020 iter_23_2020_csv.zip
OK 1353704 CCPV 2020 iter_24_2020_csv.zip
OK 963304 CCPV 2020 iter_25_2020_csv.zip
OK 787787 CCPV 2020 iter_26_2020_csv.zip
OK 739032 CCPV 2020 iter_27_2020_csv.zip
OK 806483 CCPV 2020 iter_28_2020_csv.zip
OK 289580 CCPV 2020 iter_29_2020_csv.zip
OK 4093391 CCPV 2020 iter_30_2020_csv.zip
OK 435377 CCPV 2020 iter_31_2020_csv.zip
OK 872596 CCPV 2020 iter_32_2020_csv.zip
OK 921352 CCPV 2020 fd_iter_cpv2020.pdf
OK 43894 CCPV 2020 Censo2020_CPV_nuevos_municipios_a.pdf
OK 2504666 CCPV 2020 RESAGEBURB_01_2020_csv.zip
OK 8436587 CCPV 2020 RESAGEBURB_02_2020_csv.zip
OK 2256001 CCPV 2020 RESAGEBURB_03_2020_csv.zip
OK 1754084 CCPV 2020 RESAGEBURB_04_2020_csv.zip
OK 7857674 CCPV 2020 RESAGEBURB_05_2020_csv.zip
OK 2016700 CCPV 2020 RESAGEBURB_06_2020_csv.zip
OK 7763011 CCPV 2020 RESAGEBURB_07_2020_csv.zip
OK 9698607 CCPV 2020 RESAGEBURB_08_2020_csv.zip
OK 12472358 CCPV 2020 RESAGEBURB_09_2020_csv.zip
OK 4087312 CCPV 2020 RESAGEBURB_10_2020_csv.zip
OK 9904382 CCPV 2020 RESAGEBURB_11_2020_csv.zip
OK 7248767 CCPV 2020 RESAGEBURB_12_2020_csv.zip
OK 5615845 CCPV 2020 RESAGEBURB_13_2020_csv.zip
OK 14739965 CCPV 2020 RESAGEBURB_14_2020_csv.zip
OK 24331992 CCPV 2020 RESAGEBURB_15_2020_csv.zip
OK 9673182 CCPV 2020 RESAGEBURB_16_2020_csv.zip
OK 4074325 CCPV 2020 RESAGEBURB_17_2020_csv.zip
OK 2776265 CCPV 2020 RESAGEBURB_18_2020_csv.zip
OK 11473383 CCPV 2020 RESAGEBURB_19_2020_csv.zip
OK 8943894 CCPV 2020 RESAGEBURB_20_2020_csv.zip
OK 11324998 CCPV 2020 RESAGEBURB_21_2020_csv.zip
OK 4350739 CCPV 2020 RESAGEBURB_22_2020_csv.zip
OK 3901373 CCPV 2020 RESAGEBURB_23_2020_csv.zip
OK 5220177 CCPV 2020 RESAGEBURB_24_2020_csv.zip
OK 6548533 CCPV 2020 RESAGEBURB_25_2020_csv.zip
OK 8487129 CCPV 2020 RESAGEBURB_26_2020_csv.zip
OK 2773845 CCPV 2020 RESAGEBURB_27_2020_csv.zip
OK 8931785 CCPV 2020 RESAGEBURB_28_2020_csv.zip
OK 2624830 CCPV 2020 RESAGEBURB_29_2020_csv.zip
OK 14336095 CCPV 2020 RESAGEBURB_30_2020_csv.zip
OK 5773770 CCPV 2020 RESAGEBURB_31_2020_csv.zip
OK 3744491 CCPV 2020 RESAGEBURB_32_2020_csv.zip
OK 1724960 CCPV 2020 fd_agebmza_urbana_cpv2020.pdf
