pendientes: 401
OK 8989591 ENSI 2010 ensi_10_dbf.zip
OK 797696 ENSI 2010 fd_ensi_07.xls
OK 42393565 NATALIDAD 2012 natalidad_base_datos_2012_dbf.zip
OK 41491586 NATALIDAD 2013 natalidad_base_datos_2013_dbf.zip
OK 41311428 NATALIDAD 2014 natalidad_base_datos_2014_dbf.zip
OK 39143088 NATALIDAD 2015 natalidad_base_datos_2015_dbf.zip
OK 2124560 ACCIDENTES 1998 atus_98_dbf.zip
OK 3270943 ACCIDENTES 2025 atus_25_dbf.zip
OK 54726 ACCIDENTES 2025 fd_bd_atus_2025.pdf
OK 1925181 BIARE 2013 biare_basico_bd_2013.zip
OK 731551 BIARE 2013 biare_fd_2015.pdf
OK 3581619 BIARE 2018 biare_basico_bd_2018.zip
OK 148439 CJM 2025 cjm_bd_2025_csv.zip
OK 4369765 CJM 2025 cjm_fd_2025_pdf.zip
OK 224302 CNDHE 2016 Estruc_organizacional_cndhe2017_dbf.zip
OK 178902 CNDHE 2016 Recursos_humanos_cndhe2017_dbf.zip
OK 160988 CNDHE 2016 recursos_presupuestal_cndhe2017_dbf.zip
OK 123068 CNDHE 2016 Recursos_materiales_cndhe2017_dbf.zip
OK 174146 CNDHE 2016 Capacitac_difusion_DH_cndhe2017_dbf.zip
OK 166482 CNDHE 2016 Gobierno_electronico_cndhe2017_dbf.zip
OK 126566 CNDHE 2016 Funciones_especificas_cndhe2017_dbf.zip
OK 119564 CNDHE 2016 Transparencia_cndhe2017_dbf.zip
OK 133635 CNDHE 2016 Contr_inter_anticorru_cndhe2017_dbf.zip
OK 109690 CNDHE 2016 Participacion_ciudada_cndhe2017_dbf.zip
OK 109671 CNDHE 2016 Marco_regulatorio_cndhe2017_dbf.zip
OK 118255 CNDHE 2016 Asocia_intergubername_cndhe2017_dbf.zip
OK 182120 CNDHE 2016 Admon_archivo_gestion_cndhe2017_dbf.zip
OK 172245 CNDHE 2016 Solicitudes_queja_cndhe2017_dbf.zip
OK 166124 CNDHE 2016 Ingresos_cndhe2017_dbf.zip
OK 359245 CNDHE 2016 Expedientes_queja_cndhe2017_dbf.zip
OK 268073 CNDHE 2016 Conclusiones_cndhe2017_dbf.zip
OK 255470 CNDHE 2016 Existencia_cierreanio_cndhe2017_dbf.zip
OK 173191 CNDHE 2016 Seguimiento_cndhe2017_dbf.zip
OK 153300 CNDHE 2016 Presuntos_hec_violato_cndhe2017_dbf.zip
OK 431869 CNGF 2018 Estruc_organizacional_cngf2019_dbf.zip
OK 437159 CNGF 2018 Recursos_humanos_cngf2019_dbf.zip
OK 439189 CNGF 2018 Recursos_materiales_cngf2019_dbf.zip
OK 806554 CNGF 2018 Ctrl_interno_anticorru_cngf2019_dbf.zip
OK 344867 CNGF 2018 Marco_regulatorio_cngf2019_dbf.zip
OK 437314 CNGF 2018 Recursos_presupuestal_cngf2019_dbf.zip
OK 283512 CNGF 2018 Planeacion_evaluacion_cngf2019_dbf.zip
OK 468975 CNGF 2018 Tramites_servicios_cngf2019_dbf.zip
OK 188953 CNIJE 2014 consejo_judicatura_ije2015_dbf.zip
OK 281210 CNIJE 2014 func_esp_ije2015_dbf.zip
OK 182950 CNIJE 2014 estructura_organizacional_ije2015_dbf.zip
OK 201968 CNIJE 2014 tys_gob_elec_ije2015_dbf.zip
OK 157680 CNIJE 2014 marco_regulatorio_ije2015_dbf.zip
OK 174509 CNIJE 2014 tribunal_superior_justicia_ije2015_dbf.zip
OK 318757 CNIJE 2014 rec_hum_ije2015_dbf.zip
OK 319663 CNIJE 2014 rec_mat_ije2015_dbf.zip
OK 190175 CNIJE 2014 rec_pres_ije2015_dbf.zip
OK 281016 CNIJE 2014 serv_periciales_ije2015_dbf.zip
OK 310831 CNIJE 2014 transp_cont_int_anticor_ije2015_dbf.zip
OK 194193 CNIJE 2014 aperturas_excepto_penal_ije2015_dbf.zip
OK 190230 CNIJE 2014 conclusiones_excepto_penal_ije2015_dbf.zip
OK 192231 CNIJE 2014 pendientes_excepto_penal_ije2015_dbf.zip
OK 110579 CNIJE 2014 implent_just_oral_excepto_penal_ije2015_dbf.zip
OK 169181 CNIJE 2014 tocas_excepto_penal_ije2015_dbf.zip
OK 1715177 CNIJE 2014 cau_penales_concluidas_ije2015_dbf.zip
OK 1408355 CNIJE 2014 cau_penales_existencia_ije2015_dbf.zip
OK 1909173 CNIJE 2014 exp_asuntos_ingresados_mpenal_ije2015_dbf.zip
OK 126335 CNIJE 2014 implement_sist_acus_oral_ije2015_dbf.zip
OK 180584 CNIJE 2014 tocas_penales_ije2015_dbf.zip
OK 286758 CNIJE 2014 estructura_org_rec_hum_ije2015_dbf.zip
OK 799296 CNIJE 2014 just_alt_mec_soluc_ije2015_dbf.zip
OK 1429652 CNIJE 2014 asun_abiertos_mjus_adol_ije2015_dbf.zip
OK 1125162 CNIJE 2014 asun_concluidos_mjus_adol_ije2015_dbf.zip
OK 981035 CNIJE 2014 asun_pendientes_mjus_adol_ije2015_dbf.zip
OK 160751 CNIJE 2014 tocas_penales_ja_ije2015_dbf.zip
OK 131798 CNIJE 2017 Tribunal_Super_Justic_cnije2018_dbf.zip
OK 148866 CNIJE 2017 Consejo_Judicatura_cnije2018_dbf.zip
OK 701687 CNIJE 2017 Estruct_organizaciona_cnije2018_dbf.zip
OK 149152 CNIJE 2017 Infraestruc_orgajuris_cnije2018_dbf.zip
OK 461247 CNIJE 2017 Rec_hum_cnije2018_dbf.zip
OK 167357 CNIJE 2017 Rec_pres_cnije2018_dbf.zip
OK 318702 CNIJE 2017 Rec_mat_cnije2018_dbf.zip
OK 127346 CNIJE 2017 Gob_elec_cnije2018_dbf.zip
OK 161335 CNIJE 2017 Tramite_servicios_cnije2018_dbf.zip
OK 237676 CNIJE 2017 Func_esp_cnije2018_dbf.zip
OK 452571 CNIJE 2017 Defensoria_oficio_cnije2018_dbf.zip
OK 231495 CNIJE 2017 Ejer_func_defens_ofic_cnije2018_dbf.zip
OK 534646 CNIJE 2017 Serv_periciales_cnije2018_dbf.zip
OK 223139 CNIJE 2017 Ejer_fun_serv_pericia_cnije2018_dbf.zip
OK 279515 CNIJE 2017 Ctrl_interno_anticorr_cnije2018_dbf.zip
OK 333231 CNIJE 2017 Transparencia_cnije2018_dbf.zip
OK 198650 CNIJE 2017 Admin_archivo_gestion_cnije2018_dbf.zip
OK 353490 CNIJE 2017 Rehu_pla_adm_archivo_cnije2018_dbf.zip
OK 260518 CNIJE 2017 Sistemas_docu_electro_cnije2018_dbf.zip
OK 310426 CNIJE 2017 Marco_regulatorio_cnije2018_dbf.zip
OK 129673 CNIJE 2017 Carrera_judicial_cnije2018_dbf.zip
OK 98453 CNIJE 2017 Implem_sist_acus_oral_cnije2018_dbf.zip
OK 2354915 CNIJE 2017 Ingresos_durant_anio_cnije2018_dbf.zip
OK 746600 CNIJE 2017 Victimareg_duran_anio_cnije2018_dbf.zip
OK 544907 CNIJE 2017 Proc_imput_duran_anio_cnije2018_dbf.zip
OK 316743 CNIJE 2017 Explora_narcomenudeo_cnije2018_dbf.zip
OK 268675 CNIJE 2017 Actos_procesales_JCC_cnije2018_dbf.zip
OK 626348 CNIJE 2017 Conclusio_durant_anio_cnije2018_dbf.zip
OK 635846 CNIJE 2017 Sentenc_durant_anio_cnije2018_dbf.zip
OK 669335 CNIJE 2017 Existen_cierre_anio_cnije2018_dbf.zip
OK 253884 CNIJE 2017 Tocas_penales_cnije2018_dbf.zip
OK 265054 CNIJE 2017 Asuntos_juzgados_ejec_cnije2018_dbf.zip
OK 104044 CNIJE 2017 Imple_siste_inte_just_cnije2018_dbf.zip
OK 2043657 CNIJE 2017 Ingresos_durante_anio_cnije2018_dbf.zip
OK 686392 CNIJE 2017 Victimas_asuabie_anio_cnije2018_dbf.zip
OK 389361 CNIJE 2017 Adolesc_asunabie_anio_cnije2018_dbf.zip
OK 313403 CNIJE 2017 Expl_esp_delito_narc_cnije2018_dbf.zip
OK 199063 CNIJE 2017 Actos_procesales_cnije2018_dbf.zip
OK 858360 CNIJE 2017 Conclus_durante_anio_cnije2018_dbf.zip
OK 398037 CNIJE 2017 Existenc_cierre_anio_cnije2018_dbf.zip
OK 257547 CNIJE 2017 Tocas_adolescentes_cnije2018_dbf.zip
OK 133074 CNIJE 2017 Asuntos_atend_adolesc_cnije2018_dbf.zip
OK 129248 CNIJE 2017 Implejust_oral_expena_cnije2018_dbf.zip
OK 238146 CNIJE 2017 Expediente_asunto_ing_cnije2018_dbf.zip
OK 275003 CNIJE 2017 Pruebas_reg_exp_abier_cnije2018_dbf.zip
OK 417618 CNIJE 2017 Cara_part_reg_exp_uno_cnije2018_dbf.zip
OK 335192 CNIJE 2017 Cara_part_reg_exp_dos_cnije2018_dbf.zip
OK 260632 CNIJE 2017 Conclusion_exce_penal_cnije2018_dbf.zip
OK 178680 CNIJE 2017 Pendiente_excep_penal_cnije2018_dbf.zip
OK 133782 CNIJE 2017 Exp_eta_ejec_dur_anio_cnije2018_dbf.zip
OK 338150 CNIJE 2017 Tocas_excepto_penal_cnije2018_dbf.zip
OK 209850 CNIJE 2017 Just_alt_mec_adulto_cnije2018_dbf.zip
OK 124619 CNIJE 2017 Solic_rec_adultos_cnije2018_dbf.zip
OK 243422 CNIJE 2017 Exp_abiertos_adultos_cnije2018_dbf.zip
OK 188969 CNIJE 2017 Expe_ingre_adulto_cnije2018_dbf.zip
OK 205119 CNIJE 2017 Exp_conc_seg_adulto_cnije2018_dbf.zip
OK 185109 CNIJE 2017 Exped_tramite_adulto_cnije2018_dbf.zip
OK 201761 CNIJE 2017 Exp_esp_adolescente_cnije2018_dbf.zip
OK 125207 CNIJE 2017 Solic_rec_adolescente_cnije2018_dbf.zip
OK 241268 CNIJE 2017 Exp_abiertos_adolesc_cnije2018_dbf.zip
OK 189653 CNIJE 2017 Expe_ingre_adolesc_cnije2018_dbf.zip
OK 185575 CNIJE 2017 Exped_tramite_adolesc_cnije2018_dbf.zip
OK 123591 CNIJE 2017 Soli_recib_exppenal_cnije2018_dbf.zip
OK 115988 CNIJE 2017 Exp_abiertos_exppenal_cnije2018_dbf.zip
OK 131616 CNIJE 2017 Expe_ingre_expenal_cnije2018_dbf.zip
OK 137142 CNIJE 2017 Exp_con_seg_expenal_cnije2018_dbf.zip
OK 104376 CNIJE 2017 Exped_tramite_expenal_cnije2018_dbf.zip
OK 142108 CNIJE 2017 Opera_just_mec_alter_cnije2018_dbf.zip
OK 474491 CNIJE 2017 Estructura_recursos_cnije2018_dbf.zip
OK 263521 CNIJE 2017 Solic_expabierto_adul_cnije2018_dbf.zip
OK 262324 CNIJE 2017 Req_expabierto_adulto_cnije2018_dbf.zip
OK 263948 CNIJE 2017 Expe_concluido_adulto_cnije2018_dbf.zip
OK 271309 CNIJE 2017 Solic_expabier_adoles_cnije2018_dbf.zip
OK 268440 CNIJE 2017 Req_expabierto_adoles_cnije2018_dbf.zip
OK 266365 CNIJE 2017 Expe_concluido_adoles_cnije2018_dbf.zip
OK 206442 CNIJE 2017 Exp_conc_seg_adolesc_cnije2018_dbf.zip
OK 224925 CNIJE 2017 Soli_expabiert_penal_cnije2018_dbf.zip
OK 222070 CNIJE 2017 Invit_expabiert_penal_cnije2018_dbf.zip
OK 172627 CNIJE 2017 Expe_concluid_expenal_cnije2018_dbf.zip
OK 182304 CNPJ 2016 Estruc_organizacional_cnpjf2017_dbf.zip
OK 242416 CNPJ 2016 Recursos_cnpjf2017_dbf.zip
OK 286139 CNPJ 2016 Agencias_MPF_cnpjf2017_dbf.zip
OK 201532 CNPJ 2016 Infraestructura_cnpjf2017_dbf.zip
OK 196089 CNPJ 2016 Func_esp_cnpjf2017_dbf.zip
OK 258207 CNPJ 2016 Serv_periciales_cnpjf2017_dbf.zip
OK 236837 CNPJ 2016 Rechum_serv_pericial_cnpjf2017_dbf.zip
OK 169487 CNPJ 2016 Ejerc_funcion_PJ_cnpjf2017_dbf.zip
OK 201070 CNPJ 2016 Denuncias_querellas_cnpjf2017_dbf.zip
OK 178008 CNPJ 2016 Actas_circunstanciada_cnpjf2017_dbf.zip
OK 194274 CNPJ 2016 Exis_inicio_anio_cnpjf2017_dbf.zip
OK 310448 CNPJ 2016 Ingresos_aperturas_cnpjf2017_dbf.zip
OK 184649 CNPJ 2016 Reingresos_cnpjf2017_dbf.zip
OK 212258 CNPJ 2016 Conclus_durante_anio_cnpjf2017_dbf.zip
OK 193264 CNPJ 2016 Cierre_durante_anio_cnpjf2017_dbf.zip
OK 207050 CNPJ 2016 Exis_cierre_anio_cnpjf2017_dbf.zip
OK 198674 CNPJ 2016 Reasignaciones_cnpjf2017_dbf.zip
OK 223443 CNPJ 2016 Ordenes_aprehension_cnpjf2017_dbf.zip
OK 227376 CNPJ 2016 Comb_ctrl_delsalud_cnpjf2017_dbf.zip
OK 201487 CNPJ 2016 Aseguramientos_cnpjf2017_dbf.zip
OK 224779 CNPJE 2017 Estruc_org_procu_just_cnpje2018_dbf.zip
OK 318374 CNPJE 2017 Recursos_hum_pres_mat_cnpje2018_dbf.zip
OK 643085 CNPJE 2017 Agencias_minis_public_cnpje2018_dbf.zip
OK 276528 CNPJE 2017 Infra_ejerc_func_proc_cnpje2018_dbf.zip
OK 236033 CNPJE 2017 Ejercicio_func_especi_cnpje2018_dbf.zip
OK 424257 CNPJE 2017 Servic_per_serv_medi_cnpje2018_dbf.zip
OK 239044 CNPJE 2017 Ejer_fun_ser_pericial_cnpje2018_dbf.zip
OK 219428 CNPJE 2017 Centros_just_mujeres_cnpje2018_dbf.zip
OK 257586 CNPJE 2017 Rec_centros_jus_mujer_cnpje2018_dbf.zip
OK 338653 CNPJE 2017 Ejerfun_cen_jus_mujer_cnpje2018_dbf.zip
OK 248380 CNPJE 2017 Victima_cen_jus_mujer_cnpje2018_dbf.zip
OK 177048 CNPJE 2017 Implem_sist_penal_acu_cnpje2018_dbf.zip
OK 187785 CNPJE 2017 Denuncias_querellas_cnpje2018_dbf.zip
OK 187578 CNPJE 2017 Actas_circunstancias_cnpje2018_dbf.zip
OK 1768058 CNPJE 2017 Ingres_aper_durante_cnpje2018_dbf.zip
OK 565363 CNPJE 2017 Victimas_ingres_apert_cnpje2018_dbf.zip
OK 320090 CNPJE 2017 Inculpados_imputados_cnpje2018_dbf.zip
OK 278982 CNPJE 2017 Explora_delito_narco_cnpje2018_dbf.zip
OK 237353 CNPJE 2017 Medidas_cautelares_cnpje2018_dbf.zip
OK 460466 CNPJE 2017 Conclus_durante_anio_cnpje2018_dbf.zip
OK 323617 CNPJE 2017 Cierres_durante_anio_cnpje2018_dbf.zip
OK 434573 CNPJE 2017 Existencia_anio_cnpje2018_dbf.zip
OK 192230 CNPJE 2017 Ordenes_judiciales_cnpje2018_dbf.zip
OK 178071 CNPJE 2017 Vehicu_roba_recupe_cnpje2018_dbf.zip
OK 179510 CNPJE 2017 Aseguramiento_armas_cnpje2018_dbf.zip
OK 179246 CNPJE 2017 Imple_SIJP_adolesc_cnpje2018_dbf.zip
OK 192838 CNPJE 2017 Denuncia_querella_ado_cnpje2018_dbf.zip
OK 1450861 CNPJE 2017 Ingresos_apertura_ado_cnpje2018_dbf.zip
OK 493452 CNPJE 2017 Victimas_ingresos_ado_cnpje2018_dbf.zip
OK 281158 CNPJE 2017 Adolescente_inculpado_cnpje2018_dbf.zip
OK 272220 CNPJE 2017 Explora_delitot_narco_cnpje2018_dbf.zip
OK 208401 CNPJE 2017 Med_caute_prote_ado_cnpje2018_dbf.zip
OK 390582 CNPJE 2017 Conclus_ado_durante_cnpje2018_dbf.zip
OK 294831 CNPJE 2017 Cierres_ado_durante_cnpje2018_dbf.zip
OK 384805 CNPJE 2017 Existencias_ado_anio_cnpje2018_dbf.zip
OK 192667 CNPJE 2017 Orden_judicial_ado_cnpje2018_dbf.zip
OK 193208 CNPJE 2017 Aplic_mecanis_alterna_cnpje2018_dbf.zip
OK 356090 CNPJE 2017 Estru_org_rec_hum_pre_cnpje2018_dbf.zip
OK 180695 CNPJE 2017 Recursos_presupuestal_cnpje2018_dbf.zip
OK 202388 CNPJE 2017 Recursos_materiales_cnpje2018_dbf.zip
OK 235187 CNPJE 2017 Mec_alt_penal_adulto_cnpje2018_dbf.zip
OK 268699 CNPJE 2017 Solicitudes_rec_cnpje2018_dbf.zip
OK 263788 CNPJE 2017 Solicregist_expabiert_cnpje2018_dbf.zip
OK 264492 CNPJE 2017 Requeridos_registrado_cnpje2018_dbf.zip
OK 258887 CNPJE 2017 Exp_conclu_dura_anio_cnpje2018_dbf.zip
OK 219151 CNPJE 2017 Exp_ing_segui_cumplim_cnpje2018_dbf.zip
OK 229309 CNPJE 2017 Exp_conc_area_seg_cum_cnpje2018_dbf.zip
OK 217000 CNPJE 2017 Exp_tram_soli_integra_cnpje2018_dbf.zip
OK 235803 CNPJE 2017 Mec_alt_penal_adoles_cnpje2018_dbf.zip
OK 258999 CNPJE 2017 Exped_abier_dura_anio_cnpje2018_dbf.zip
OK 259224 CNPJE 2017 Solregis_expabier_ado_cnpje2018_dbf.zip
OK 259286 CNPJE 2017 Req_exp_abie_adoles_cnpje2018_dbf.zip
OK 252090 CNPJE 2017 Expconc_dura_anio_ado_cnpje2018_dbf.zip
OK 219885 CNPJE 2017 Expingresaron_ado_cnpje2018_dbf.zip
OK 226411 CNPJE 2017 Expconc_tramit_ado_cnpje2018_dbf.zip
OK 215815 CNPJE 2017 Exptramit_solic_ado_cnpje2018_dbf.zip
OK 195177 CNPJE 2018 Estruc_org_procu_just_cnpje2019_dbf.zip
OK 281066 CNPJE 2018 Recursos_hum_pres_mat_cnpje2019_dbf.zip
OK 341500 CNPJE 2018 Agencias_minis_public_cnpje2019_dbf.zip
OK 188915 CNPJE 2018 Infra_ejerc_func_proc_cnpje2019_dbf.zip
OK 218877 CNPJE 2018 Ejercicio_func_especi_cnpje2019_dbf.zip
OK 287459 CNPJE 2018 Servic_per_serv_medi_cnpje2019_dbf.zip
OK 215357 CNPJE 2018 Ejer_fun_ser_pericial_cnpje2019_dbf.zip
OK 405499 CNPJE 2018 Sistema_tradicional_cnpje2019_dbf.zip
OK 287004 CNPJE 2018 Victimas_ingres_apert_cnpje2019_dbf.zip
OK 217572 CNPJE 2018 Inculpados_imputados_cnpje2019_dbf.zip
OK 159112 CNPJE 2018 Orden_judicial_st_cnpje2019_dbf.zip
OK 152405 CNPJE 2018 Compa_recib_determina_cnpje2019_dbf.zip
OK 359299 CNPJE 2018 Etapa_investa_inicial_cnpje2019_dbf.zip
OK 381894 CNPJE 2018 Victima_carp_inveabie_cnpje2019_dbf.zip
OK 253973 CNPJE 2018 Impureg_carpinvabiert_cnpje2019_dbf.zip
OK 325239 CNPJE 2018 Cierre_etapa_inicial_cnpje2019_dbf.zip
OK 169492 CNPJE 2018 Inicio_etainvest_comp_cnpje2019_dbf.zip
OK 295752 CNPJE 2018 Cierre_etainvest_comp_cnpje2019_dbf.zip
OK 210109 CNPJE 2018 Carpe_invest_concluir_cnpje2019_dbf.zip
OK 201446 CNPJE 2018 Medida_caut_prote_sis_cnpje2019_dbf.zip
OK 159784 CNPJE 2018 Ordenes_jud_sist_pena_cnpje2019_dbf.zip
OK 1436726 CNPJE 2018 Caracter_geogra_delit_cnpje2019_dbf.zip
OK 250884 CNPJE 2018 Explo_espe_deli_narco_cnpje2019_dbf.zip
OK 291258 CNPJE 2018 Exp_especi_carac_vict_cnpje2019_dbf.zip
OK 151973 CNPJE 2018 Aseguramiento_armas_cnpje2019_dbf.zip
OK 151835 CNPJE 2018 Vehiculos_roba_recupe_cnpje2019_dbf.zip
OK 360367 CNPJE 2018 Sistema_escrito_oral_cnpje2019_dbf.zip
OK 288631 CNPJE 2018 Victimas_reg_api_inic_cnpje2019_dbf.zip
OK 217153 CNPJE 2018 Adolesimp_reg_api_ini_cnpje2019_dbf.zip
OK 160739 CNPJE 2018 Ordenes_jud_reg_api_cnpje2019_dbf.zip
OK 150535 CNPJE 2018 Implementacion_SIJPA_cnpje2019_dbf.zip
OK 296427 CNPJE 2018 Inicio_etp_invest_ini_cnpje2019_dbf.zip
OK 316352 CNPJE 2018 Victima_regcarpabiert_cnpje2019_dbf.zip
OK 228139 CNPJE 2018 Adoles_regcarpabiert_cnpje2019_dbf.zip
OK 298973 CNPJE 2018 Cierre_etp_invest_ini_cnpje2019_dbf.zip
OK 149341 CNPJE 2018 Inicio_invest_complem_cnpje2019_dbf.zip
OK 289316 CNPJE 2018 Cierre_invest_complem_cnpje2019_dbf.zip
OK 203943 CNPJE 2018 Carp_inves_pend_SIJPA_cnpje2019_dbf.zip
OK 194428 CNPJE 2018 Medida_cautelar_SIJPA_cnpje2019_dbf.zip
OK 161368 CNPJE 2018 Orden_judicial_SIJPA_cnpje2019_dbf.zip
OK 1239492 CNPJE 2018 Caract_geo_delitos_cnpje2019_dbf.zip
OK 248898 CNPJE 2018 Explora_espec_delnarc_cnpje2019_dbf.zip
OK 267144 CNPJE 2018 Exp_espcarac_vict_ado_cnpje2019_dbf.zip
OK 151489 CNPJE 2018 Aplic_mecanis_alterna_cnpje2019_dbf.zip
OK 233159 CNPJE 2018 Estru_org_rec_hum_pre_cnpje2019_dbf.zip
OK 155151 CNPJE 2018 Recursos_presupuestal_cnpje2019_dbf.zip
OK 175721 CNPJE 2018 Recursos_materiales_cnpje2019_dbf.zip
OK 207515 CNPJE 2018 Explo_esp_caract_deli_cnpje2019_dbf.zip
OK 252253 CNPJE 2018 Solicitudes_rec_cnpje2019_dbf.zip
OK 282770 CNPJE 2018 Solicregist_expabiert_cnpje2019_dbf.zip
OK 279859 CNPJE 2018 Requeridos_registrado_cnpje2019_dbf.zip
OK 230215 CNPJE 2018 Exp_conclu_dura_anio_cnpje2019_dbf.zip
OK 193108 CNPJE 2018 Exp_ing_segui_cumplim_cnpje2019_dbf.zip
OK 204114 CNPJE 2018 Exp_conc_area_seg_cum_cnpje2019_dbf.zip
OK 191417 CNPJE 2018 Exp_pend_concl_solici_cnpje2019_dbf.zip
OK 208249 CNPJE 2018 Explo_espe_carac_deli_cnpje2019_dbf.zip
OK 240112 CNPJE 2018 Solici_recib_dura_exp_cnpje2019_dbf.zip
OK 270915 CNPJE 2018 Solregis_expabier_ado_cnpje2019_dbf.zip
OK 272426 CNPJE 2018 Req_exp_abie_adoles_cnpje2019_dbf.zip
OK 224287 CNPJE 2018 Expconc_dura_anio_ado_cnpje2019_dbf.zip
OK 192404 CNPJE 2018 Expingresaron_ado_cnpje2019_dbf.zip
OK 200918 CNPJE 2018 Expconc_pendien_adole_cnpje2019_dbf.zip
OK 189882 CNPJE 2018 Expediente_solici_ado_cnpje2019_dbf.zip
OK 2134631 ECOPRED 2014 ecopred14_base_datos.pdf
OK 6661451 ECOSEP 2012 ecosep_2012_dbf.zip
OK 2201081 EDER 2017 eder2017_fd.pdf
OK 878079 EDER 2017 eder2017_descripcion_calculoR.pdf
OK 1939399 EDF 2024 fetales_base_de_datos_2024_dbf.zip
OK 6191905 ENAMIN 1996 enamin96_bd_dbf.zip
OK 14919 ENAMIN 1996 fd_enamin1996.pdf
OK 14604 ENASJUP 2022 BD_ENASJUP_2022_csv.zip
OK 440588 ENASJUP 2022 FD_ENASJUP_2022.xlsx
OK 6541741 ENECE 2001 bd_enece01_dbf.zip
OK 12026 ENECE 2001 fd_enece01.pdf
OK 27431525 ENESS 2013 bd_eness13_dbf.zip
OK 9376448 ENESS 2013 fd_eness_2013.pdf
OK 785243 ENESS 2013 rvar_eness_2013.pdf
OK 14376386 ENEU 1987 eneu_1987_dbf.zip
OK 13311 ENEU 1987 fd_eneu_187-294.pdf
OK 26249128 ENEU 1994 eneu_1994_dbf.zip
OK 14265 ENEU 1994 fd-eneu-394-404.pdf
OK 28887805 ENEU 1997 eneu_1997_dbf.zip
OK 68808840 ENEU 2001 eneu_2001_dbf.zip
OK 819552 ENH 2014 viviendas_enh_2014_csv.zip
OK 459797 ENH 2014 hogares_enh_2014_csv.zip
OK 2832337 ENH 2014 sociodemograficas_enh_2014_csv.zip
OK 1397105 ENH 2016 vivienda_enh_2016_csv.zip
OK 273661 ENH 2016 hogar_enh_2016_csv.zip
OK 2482325 ENH 2016 persona_enh_2016_csv.zip
OK 3774514 ENPL 2006 enpl_06_sav.zip
OK 142628 ENPL 2006 descripcion_archivos_xlsx.zip
OK 401 EVF 2021 LM_EVI_EVF_TEyTR_csv.zip
OK 509176 JUSTICIAPENAL 2017 TA_Expedientes_ehriij2018_dbf.zip
OK 1190878 JUSTICIAPENAL 2017 TA_Delitos_ehriij2018_dbf.zip
OK 1556186 JUSTICIAPENAL 2017 TA_Procesados_ehriij2018_dbf.zip
OK 787567 JUSTICIAPENAL 2017 TA_Procesados_delito_ehriij2018_dbf.zip
OK 4217407 JUSTICIAPENAL 2017 TA_Procesados_medida_ehriij2018_dbf.zip
OK 1242745 JUSTICIAPENAL 2017 TA_Victimas_ehriij2018_dbf.zip
OK 1085522 JUSTICIAPENAL 2017 TA_Victima_delito_ehriij2018_dbf.zip
OK 947730 JUSTICIAPENAL 2017 TA_Victi_procesado_ehriij2018_dbf.zip
OK 834919 JUSTICIAPENAL 2017 TA_Tramites_ehriij2018_dbf.zip
OK 417647 JUSTICIAPENAL 2017 TA_Conclusiones_ehriij2018_dbf.zip
OK 367036 JUSTICIAPENAL 2017 TA_Delito_conclusion_ehriij2018_dbf.zip
OK 717119 JUSTICIAPENAL 2017 JC_Expedientes_ehriij2018_dbf.zip
OK 2130999 JUSTICIAPENAL 2017 JC_Delitos_ehriij2018_dbf.zip
OK 2807790 JUSTICIAPENAL 2017 JC_Imputados_ehriij2018_dbf.zip
OK 1484295 JUSTICIAPENAL 2017 JC_Imputados_delito_ehriij2018_dbf.zip
OK 3140606 JUSTICIAPENAL 2017 JC_Imputados_medida_ehriij2018_dbf.zip
OK 1898872 JUSTICIAPENAL 2017 JC_Victimas_ehriij2018_dbf.zip
OK 2019147 JUSTICIAPENAL 2017 JC_Victima_delito_ehriij2018_dbf.zip
OK 1736366 JUSTICIAPENAL 2017 JC_Victi_imputado_ehriij2018_dbf.zip
OK 1407264 JUSTICIAPENAL 2017 JC_Tramites_ehriij2018_dbf.zip
OK 850707 JUSTICIAPENAL 2017 JC_Conclusiones_ehriij2018_dbf.zip
OK 706225 JUSTICIAPENAL 2017 JC_Delito_conclusion_ehriij2018_dbf.zip
OK 240208 JUSTICIAPENAL 2017 JO_Expedientes_ehriij2018_dbf.zip
OK 417400 JUSTICIAPENAL 2017 JO_Delitos_ehriij2018_dbf.zip
OK 553330 JUSTICIAPENAL 2017 JO_Imputados_ehriij2018_dbf.zip
OK 305208 JUSTICIAPENAL 2017 JO_Imputados_delito_ehriij2018_dbf.zip
OK 272600 JUSTICIAPENAL 2017 JO_Imputados_medida_ehriij2018_dbf.zip
OK 458638 JUSTICIAPENAL 2017 JO_Victimas_ehriij2018_dbf.zip
OK 359426 JUSTICIAPENAL 2017 JO_Victima_delito_ehriij2018_dbf.zip
OK 343778 JUSTICIAPENAL 2017 JO_Victi_Imputado_ehriij2018_dbf.zip
OK 317731 JUSTICIAPENAL 2017 JO_Tramites_ehriij2018_dbf.zip
OK 266949 JUSTICIAPENAL 2017 JO_Conclusiones_ehriij2018_dbf.zip
OK 229760 JUSTICIAPENAL 2017 JO_Delito_conclusion_ehriij2018_dbf.zip
OK 200058 JUSTICIAPENAL 2017 AM_Expedientes_ehriij2018_dbf.zip
OK 282074 JUSTICIAPENAL 2017 AM_Delitos_ehriij2018_dbf.zip
OK 337709 JUSTICIAPENAL 2017 AM_Adol_procesados_ehriij2018_dbf.zip
OK 203748 JUSTICIAPENAL 2017 AM_Adolprocesa_deli_ehriij2018_dbf.zip
OK 261573 JUSTICIAPENAL 2017 AM_Adolprocesa_medid_ehriij2018_dbf.zip
OK 323577 JUSTICIAPENAL 2017 AM_Victimas_ehriij2018_dbf.zip
OK 209802 JUSTICIAPENAL 2017 AM_Victima_delito_ehriij2018_dbf.zip
OK 216336 JUSTICIAPENAL 2017 AM_Victi_adolproces_ehriij2018_dbf.zip
OK 205589 JUSTICIAPENAL 2017 AM_Tramites_ehriij2018_dbf.zip
OK 226358 JUSTICIAPENAL 2017 AM_Conclusiones_ehriij2018_dbf.zip
OK 201972 JUSTICIAPENAL 2017 AM_Delito_conclusion_ehriij2018_dbf.zip
OK 205686 JUSTICIAPENAL 2017 OA_Expedientes_ehriij2018_dbf.zip
OK 300367 JUSTICIAPENAL 2017 OA_Delitos_ehriij2018_dbf.zip
OK 353950 JUSTICIAPENAL 2017 OA_Adol_imputados_ehriij2018_dbf.zip
OK 217478 JUSTICIAPENAL 2017 OA_Adolimputado_deli_ehriij2018_dbf.zip
OK 288829 JUSTICIAPENAL 2017 OA_Adolimputado_medi_ehriij2018_dbf.zip
OK 333837 JUSTICIAPENAL 2017 OA_Victimas_ehriij2018_dbf.zip
OK 226688 JUSTICIAPENAL 2017 OA_Victima_delito_ehriij2018_dbf.zip
OK 228993 JUSTICIAPENAL 2017 OA_Victi_adolimputad_ehriij2018_dbf.zip
OK 205790 JUSTICIAPENAL 2017 OA_Tramites_ehriij2018_dbf.zip
OK 246955 JUSTICIAPENAL 2017 OA_Conclusiones_ehriij2018_dbf.zip
OK 215995 JUSTICIAPENAL 2017 OA_Delito_conclusion_ehriij2018_dbf.zip
OK 711255 JUSTICIAPENAL 2017 TA_Narcoticos_ehriij2018_dbf.zip
OK 1130029 JUSTICIAPENAL 2017 JC_Narcoticos_ehriij2018_dbf.zip
OK 551245 JUSTICIAPENAL 2017 JO_Narcoticos_ehriij2018_dbf.zip
OK 565685 JUSTICIAPENAL 2017 AM_Narcoticos_ehriij2018_dbf.zip
OK 585339 JUSTICIAPENAL 2017 OA_Narcoticos_ehriij2018_dbf.zip
OK 289430 MCS 2015 mcs_agropecuario_2015_concil_2010_csv.zip
OK 2678556 MCS 2015 mcs_concentrado_2015_concil_2010_csv.zip
OK 1115784 MCS 2015 mcs_vivi_2015_concil_2010_csv.zip
OK 243055 MCS 2015 mcs_gastohogar_2015_concil_2010_csv.zip
OK 1946764 MCS 2015 mcs_hogares_2015_concil_2010_csv.zip
OK 2978913 MCS 2015 mcs_ingresos_2015_concil_2010_csv.zip
OK 867587 MCS 2015 mcs_noagropecuario_2015_concil_2010_csv.zip
OK 3683765 MCS 2015 mcs_gastopersona_2015_concil_2010_csv.zip
OK 7566109 MCS 2015 mcs_poblacion_2015_concil_2010_csv.zip
OK 1380447 MCS 2015 mcs_trabajos_2015_concil_2010_csv.zip
OK 1946764 MCS 2015 mcs_hogares_2015_concil_2010_csv.zip
OK 1380447 MCS 2015 mcs_trabajos_2015_concil_2010_csv.zip
OK 783432 MODUTIH 2004 endutih_2004_bd_dbf.zip
OK 62976 MODUTIH 2004 fd_endutih04.xls
OK 4098142 MODUTIH 2011 Modutih2011_bd_dbf.zip
OK 147103 MODUTIH 2011 modutih2011_descripcion_archivos.pdf
OK 53159 MOLEC 2024 molec_feb24_sav.zip
OK 60766 MOPRADEF 2014 mopradef_bd_noviembre_2014_sav.zip
OK 55382 MOPRADEF 2014 mopradef_bd_agosto_2014_sav.zip
OK 54334 MOPRADEF 2014 mopradef_bd_may14_sav.zip
OK 55600 MOPRADEF 2014 mopradef_bd_feb14_sav.zip
OK 36896467 RELLABORALES 2001 laborales_base_datos_2001_2005_dbf.zip
OK 10044042 RELLABORALES 2023 laborales_bd_catalogos_2023_dbf.zip
tanda cerrada: 401 caminadas, 0.61 GB
