pendientes: 578
OK 44585196 CCPV 2020 Censo2020_CIGEL.csv
OK 190510229 ENOE 2008 enoe2008_conapo2005_14ymas_dbf.zip
OK 28763683 ENOE 2009T2 2009trim2_csv.zip
OK 135971084 ENOE 2010 enoe2010_conapo2010_14ymas_dbf.zip
OK 192272645 ENOE 2010 enoe2010_conapo2005_14ymas_dbf.zip
OK 29499341 ENOE 2011T3 2011trim3_csv.zip
OK 22768706 ENOE 2014T2 2014trim2_csv.zip
OK 1580411 ENOE 2021 enoe_n_validacion_secundaria_coe.pdf
OK 1643425 ENOE 2021 enoe_n_321_fd_c_bas_amp.pdf
OK 2702910 ENOE 2021 enoe_n_validacion_primaria_coe.pdf
OK 1827823 ENOE 2021 enoe_n_validacion_primaria_soc.pdf
OK 1236685 ENOE 2021 enoe_n_validacion_especial.pdf
OK 101129 CONEVAL Cambios pobreza 2016-2020 (resultados) Evol_pob_pob_ext_nac_ent_2016_2020.zip
OK 264350 ENIGH 1998 hogares_dbf.zip
OK 744609 ENIGH 1998 poblacion_dbf.zip
OK 421351 ENIGH 1998 ingresos_dbf.zip
OK 5549430 ENIGH 1998 gastos_dbf.zip
OK 454846 ENIGH 1998 nomon_dbf.zip
OK 866347 ENIGH 1998 concen_dbf.zip
OK 1416636 ENIGH 1998 describe98.pdf
OK 24211 ENIGH 1998 variable98_pdf.zip
OK 1619422 ENIGH 2018 enigh2018_ns_viviendas_csv.zip
OK 2961029 ENIGH 2018 enigh2018_ns_hogares_csv.zip
OK 8060653 ENIGH 2018 enigh2018_ns_poblacion_csv.zip
OK 36260221 ENIGH 2018 enigh2018_ns_gastoshogar_csv.zip
OK 521817 ENIGH 2018 enigh2018_ns_erogaciones_csv.zip
OK 88482 ENIGH 2018 enigh2018_ns_gastotarjetas_csv.zip
OK 3713884 ENIGH 2018 enigh2018_ns_ingresos_csv.zip
OK 1966464 ENIGH 2018 enigh2018_ns_gastospersona_csv.zip
OK 1654073 ENIGH 2018 enigh2018_ns_trabajos_csv.zip
OK 444418 ENIGH 2018 enigh2018_ns_agro_csv.zip
OK 1070825 ENIGH 2018 enigh2018_ns_noagro_csv.zip
OK 10834143 ENIGH 2018 enigh2018_ns_concentradohogar_csv.zip
OK 2548556 ENIGH 2018 enigh18_descripcion_calculo_r.pdf
OK 1848886 ENIGH 2024 enigh2024_ns_viviendas_csv.zip
OK 3330147 ENIGH 2024 enigh2024_ns_hogares_csv.zip
OK 9055376 ENIGH 2024 enigh2024_ns_poblacion_csv.zip
OK 54393736 ENIGH 2024 enigh2024_ns_gastoshogar_csv.zip
OK 749406 ENIGH 2024 enigh2024_ns_erogaciones_csv.zip
OK 159487 ENIGH 2024 enigh2024_ns_gastotarjetas_csv.zip
OK 4292608 ENIGH 2024 enigh2024_ns_ingresos_csv.zip
OK 2090789 ENIGH 2024 enigh2024_ns_gastospersona_csv.zip
OK 1928668 ENIGH 2024 enigh2024_ns_trabajos_csv.zip
OK 513315 ENIGH 2024 enigh2024_ns_agro_csv.zip
OK 1347538 ENIGH 2024 enigh2024_ns_noagro_csv.zip
OK 13171058 ENIGH 2024 enigh2024_ns_concentradohogar_csv.zip
OK 716391 ENIGH 2024 enigh2024_ns_agroproductos_csv.zip
OK 290216 ENIGH 2024 enigh2024_ns_agroconsumo_csv.zip
OK 266461 ENIGH 2024 enigh2024_ns_agrogasto_csv.zip
OK 1357792 ENIGH 2024 enigh2024_ns_noagroimportes_csv.zip
OK 3863 ENIGH 2024 enigh2024_ns_ingresos_jcf_csv.zip
OK 2967447 ENIGH 2024 889463924494.pdf
