pendientes: 1398
RECHAZO OTRA(6376655f) https://www.inegi.org.mx/contenidos/programas/ccpv/2020/microdatos/Censo2020_CIGEL.csv
OK 486238463 CCPV 2020 Censo2020_CA_eum_csv.zip
OK 3184369 CCPV 2020 Censo2020_CA_ags_csv.zip
OK 2888217 CCPV 2020 Censo2020_CA_bc_csv.zip
OK 1679400 CCPV 2020 Censo2020_CA_bcs_csv.zip
OK 2909934 CCPV 2020 Censo2020_CA_cam_csv.zip
OK 7383383 CCPV 2020 Censo2020_CA_coa_csv.zip
OK 2210701 CCPV 2020 Censo2020_CA_col_csv.zip
OK 34750069 CCPV 2020 Censo2020_CA_chs_csv.zip
OK 10225931 CCPV 2020 Censo2020_CA_chh_csv.zip
OK 10295515 CCPV 2020 Censo2020_CA_cdmx_csv.zip
OK 8059972 CCPV 2020 Censo2020_CA_dgo_csv.zip
OK 13680719 CCPV 2020 Censo2020_CA_gto_csv.zip
OK 22794707 CCPV 2020 Censo2020_CA_gro_csv.zip
OK 17225011 CCPV 2020 Censo2020_CA_hgo_csv.zip
OK 26060543 CCPV 2020 Censo2020_CA_jal_csv.zip
OK 41189169 CCPV 2020 Censo2020_CA_mex_csv.zip
OK 23291877 CCPV 2020 Censo2020_CA_mich_csv.zip
OK 8616893 CCPV 2020 Censo2020_CA_mor_csv.zip
OK 5965609 CCPV 2020 Censo2020_CA_nay_csv.zip
OK 11441651 CCPV 2020 Censo2020_CA_nl_csv.zip
OK 62680676 CCPV 2020 Censo2020_CA_oax_csv.zip
OK 40854611 CCPV 2020 Censo2020_CA_pue_csv.zip
OK 4938234 CCPV 2020 Censo2020_CA_qro_csv.zip
OK 2740487 CCPV 2020 Censo2020_CA_qroo_csv.zip
OK 11840500 CCPV 2020 Censo2020_CA_slp_csv.zip
OK 5646267 CCPV 2020 Censo2020_CA_sin_csv.zip
OK 9066117 CCPV 2020 Censo2020_CA_son_csv.zip
OK 5389208 CCPV 2020 Censo2020_CA_tab_csv.zip
OK 8603808 CCPV 2020 Censo2020_CA_tam_csv.zip
OK 11489496 CCPV 2020 Censo2020_CA_tla_csv.zip
OK 46148995 CCPV 2020 Censo2020_CA_ver_csv.zip
OK 16123490 CCPV 2020 Censo2020_CA_yuc_csv.zip
OK 9633818 CCPV 2020 Censo2020_CA_zac_csv.zip
OK 95642 CCPV 2020 diccionario_cuestionario_ampliado_cpv2020.xlsx
OK 210951 CCPV 2020 Censo2020_clasificaciones_CPV.xlsx
OK 41486 CCPV 2020 instrucciones_etiquetado_cpv2020_sas.pdf
OK 41211 CCPV 2020 instrucciones_etiquetado_cpv2020_stata.pdf
OK 5199433 CCPV 2020 Censo2020_CL_eum_csv.zip
OK 48739 CCPV 2020 Censo2020_CL_ags_csv.zip
OK 94596 CCPV 2020 Censo2020_CL_bc_csv.zip
OK 39559 CCPV 2020 Censo2020_CL_bcs_csv.zip
OK 57378 CCPV 2020 Censo2020_CL_cam_csv.zip
OK 70816 CCPV 2020 Censo2020_CL_coa_csv.zip
OK 24900 CCPV 2020 Censo2020_CL_col_csv.zip
OK 498628 CCPV 2020 Censo2020_CL_chs_csv.zip
OK 204343 CCPV 2020 Censo2020_CL_chh_csv.zip
OK 17042 CCPV 2020 Censo2020_CL_cdmx_csv.zip
OK 115739 CCPV 2020 Censo2020_CL_dgo_csv.zip
OK 233283 CCPV 2020 Censo2020_CL_gto_csv.zip
OK 182800 CCPV 2020 Censo2020_CL_gro_csv.zip
OK 147299 CCPV 2020 Censo2020_CL_hgo_csv.zip
OK 216763 CCPV 2020 Censo2020_CL_jal_csv.zip
OK 149074 CCPV 2020 Censo2020_CL_mex_csv.zip
OK 213868 CCPV 2020 Censo2020_CL_mich_csv.zip
OK 49074 CCPV 2020 Censo2020_CL_mor_csv.zip
OK 65228 CCPV 2020 Censo2020_CL_nay_csv.zip
OK 89244 CCPV 2020 Censo2020_CL_nl_csv.zip
OK 296857 CCPV 2020 Censo2020_CL_oax_csv.zip
OK 198769 CCPV 2020 Censo2020_CL_pue_csv.zip
OK 62754 CCPV 2020 Censo2020_CL_qro_csv.zip
OK 44989 CCPV 2020 Censo2020_CL_qroo_csv.zip
OK 161138 CCPV 2020 Censo2020_CL_slp_csv.zip
OK 124642 CCPV 2020 Censo2020_CL_sin_csv.zip
OK 145464 CCPV 2020 Censo2020_CL_son_csv.zip
OK 81150 CCPV 2020 Censo2020_CL_tab_csv.zip
OK 109374 CCPV 2020 Censo2020_CL_tam_csv.zip
OK 28590 CCPV 2020 Censo2020_CL_tla_csv.zip
OK 486393 CCPV 2020 Censo2020_CL_ver_csv.zip
OK 53590 CCPV 2020 Censo2020_CL_yuc_csv.zip
OK 104336 CCPV 2020 Censo2020_CL_zac_csv.zip
OK 117283 CCPV 2020 Censo2020_CL_descriptor_bd.xlsx
OK 19669 CCPV 2020 Censo2020_CAAS_ags_csv.zip
OK 68671 CCPV 2020 Censo2020_CAAS_bc_csv.zip
OK 14453 CCPV 2020 Censo2020_CAAS_bcs_csv.zip
OK 10199 CCPV 2020 Censo2020_CAAS_cam_csv.zip
OK 31696 CCPV 2020 Censo2020_CAAS_coa_csv.zip
OK 16122 CCPV 2020 Censo2020_CAAS_col_csv.zip
OK 39096 CCPV 2020 Censo2020_CAAS_chs_csv.zip
OK 51696 CCPV 2020 Censo2020_CAAS_chh_csv.zip
OK 72532 CCPV 2020 Censo2020_CAAS_cdmx_csv.zip
OK 22906 CCPV 2020 Censo2020_CAAS_dgo_csv.zip
OK 55264 CCPV 2020 Censo2020_CAAS_gto_csv.zip
OK 31519 CCPV 2020 Censo2020_CAAS_gro_csv.zip
OK 25008 CCPV 2020 Censo2020_CAAS_hgo_csv.zip
OK 94482 CCPV 2020 Censo2020_CAAS_jal_csv.zip
OK 81202 CCPV 2020 Censo2020_CAAS_mex_csv.zip
OK 50562 CCPV 2020 Censo2020_CAAS_mich_csv.zip
OK 23512 CCPV 2020 Censo2020_CAAS_mor_csv.zip
OK 20803 CCPV 2020 Censo2020_CAAS_nay_csv.zip
OK 38414 CCPV 2020 Censo2020_CAAS_nl_csv.zip
OK 29837 CCPV 2020 Censo2020_CAAS_oax_csv.zip
OK 34699 CCPV 2020 Censo2020_CAAS_pue_csv.zip
OK 22547 CCPV 2020 Censo2020_CAAS_qro_csv.zip
OK 12997 CCPV 2020 Censo2020_CAAS_qroo_csv.zip
OK 28641 CCPV 2020 Censo2020_CAAS_slp_csv.zip
OK 35743 CCPV 2020 Censo2020_CAAS_sin_csv.zip
OK 37956 CCPV 2020 Censo2020_CAAS_son_csv.zip
OK 9204 CCPV 2020 Censo2020_CAAS_tab_csv.zip
OK 25075 CCPV 2020 Censo2020_CAAS_tam_csv.zip
OK 7553 CCPV 2020 Censo2020_CAAS_tla_csv.zip
OK 47260 CCPV 2020 Censo2020_CAAS_ver_csv.zip
OK 22115 CCPV 2020 Censo2020_CAAS_yuc_csv.zip
OK 15174 CCPV 2020 Censo2020_CAAS_zac_csv.zip
OK 77167 CCPV 2020 Censo2020_CAAS_descriptor_bd.xlsx
OK 1096124 CCPV 2020 Censo2020_CEU_ags_csv.zip
OK 3756718 CCPV 2020 Censo2020_CEU_bc_csv.zip
OK 1096171 CCPV 2020 Censo2020_CEU_bcs_csv.zip
OK 762291 CCPV 2020 Censo2020_CEU_cam_csv.zip
OK 4034422 CCPV 2020 Censo2020_CEU_coa_csv.zip
OK 1016391 CCPV 2020 Censo2020_CEU_col_csv.zip
OK 3592711 CCPV 2020 Censo2020_CEU_chs_csv.zip
OK 5081782 CCPV 2020 Censo2020_CEU_chh_csv.zip
OK 4742083 CCPV 2020 Censo2020_CEU_cdmx_csv.zip
OK 2203041 CCPV 2020 Censo2020_CEU_dgo_csv.zip
OK 4964604 CCPV 2020 Censo2020_CEU_gto_csv.zip
OK 4064706 CCPV 2020 Censo2020_CEU_gro_csv.zip
OK 3147223 CCPV 2020 Censo2020_CEU_hgo_csv.zip
OK 7520143 CCPV 2020 Censo2020_CEU_jal_csv.zip
OK 11351319 CCPV 2020 Censo2020_CEU_mex_csv.zip
OK 5138878 CCPV 2020 Censo2020_CEU_mich_csv.zip
OK 2351900 CCPV 2020 Censo2020_CEU_mor_csv.zip
OK 1370067 CCPV 2020 Censo2020_CEU_nay_csv.zip
OK 5392596 CCPV 2020 Censo2020_CEU_nl_csv.zip
OK 5285721 CCPV 2020 Censo2020_CEU_oax_csv.zip
OK 5980443 CCPV 2020 Censo2020_CEU_pue_csv.zip
OK 1948215 CCPV 2020 Censo2020_CEU_qro_csv.zip
OK 1506565 CCPV 2020 Censo2020_CEU_qroo_csv.zip
OK 2696460 CCPV 2020 Censo2020_CEU_slp_csv.zip
OK 2975229 CCPV 2020 Censo2020_CEU_sin_csv.zip
OK 4267022 CCPV 2020 Censo2020_CEU_son_csv.zip
OK 1279131 CCPV 2020 Censo2020_CEU_tab_csv.zip
OK 4246791 CCPV 2020 Censo2020_CEU_tam_csv.zip
OK 1667046 CCPV 2020 Censo2020_CEU_tla_csv.zip
OK 6779061 CCPV 2020 Censo2020_CEU_ver_csv.zip
OK 2437909 CCPV 2020 Censo2020_CEU_yuc_csv.zip
OK 2162901 CCPV 2020 Censo2020_CEU_zac_csv.zip
OK 52106 CCPV 2020 Censo2020_CEU_descriptor_bd.xlsx
OK 34987089 ENOE 2005T4 2005trim4_csv.zip
OK 139027173 ENOE 2006 enoe2006_conapo2010_14ymas_dbf.zip
OK 190125531 ENOE 2006 enoe2006_conapo2005_14ymas_dbf.zip
OK 32289700 ENOE 2006T1 2006trim1_csv.zip
OK 35487335 ENOE 2007T3 2007trim3_csv.zip
OK 138516934 ENOE 2008 enoe2008_conapo2010_14ymas_dbf.zip
