RESTAURA: 166 archivos (147 subdirectorios + 20 al azar, semilla=20260921) -> /home/pc0/mm-respaldo-corpus/restauraciones-tmp/restaura-corpus-2frray2_
  COINCIDE data_raw/2005trim1_csv.zip 33534030 a9c7823dc60a
  COINCIDE data_raw/A6_CONDUSEF_DATOS_ABIERTOS/anuario_actividades_condusef_acciones_defensa__02_acciones_defensa_2024.csv 73821 ed697e5201fe
  COINCIDE data_raw/A6_MMAD_PROTESTA_MEXICO/mmALL_073120_csv.csv 15058276 5906226e24c9
  COINCIDE data_raw/A6_OECD_GOV_TRUST_INTEGRIDAD/oecd_pii.csv 14004135 f2811c30748d
  COINCIDE data_raw/A6_SICEE_INE_ELECCIONES/catalogo_elecciones_federales.json 19653 c9ddfd2a7419
  COINCIDE data_raw/ADQ15_Brasdefer_corpus_pragmatico/actos_de_habla.html 262019 eeff2afe7d58
  COINCIDE data_raw/ADQ15_CNBV_AhorroFinanciero_Financiamiento/AFyFeM_Dic_2023.pdf 2380404 6f6afb876754
  COINCIDE data_raw/ADQ15_CNBV_BDIF_inclusion_financiera/52Sep2022_ACCESO_DEM_NAL.csv 2569 34d31c39897e
  COINCIDE data_raw/ADQ15_ENAFIN_2024_RNM_INEGI/IPE_CV-EE-IC_ENAFIN_2024-00_Def_V1_260625.xlsx 41972 23056b528c28
  COINCIDE data_raw/ADQ15_IFT_SFD_uso_confianza/basededatossfd.zip 4660022 4cf0e61a5f2e
  COINCIDE data_raw/ADQ15_JPAL_Experimento_Informacion_Electoral_2009/Replication-files-24ft7wz.zip 184801 bade222ed313
  COINCIDE data_raw/ADQ15_OMCA_conflictos_agua/omca_acerca_ocam.html 8497 1deee057ab94
  COINCIDE data_raw/ADQ15_VotarEntreBalas_DataCivica/veb_datos_landing.html 149090 a80c98d5be70
  COINCIDE data_raw/ADQ15_WB6667_Tutores_Pedagogicos_Moviles_2016/313_03_conafe_bit_cora_supervisor.pdf 91324 f6553958d5d2
  COINCIDE data_raw/ADQ15_WB870_Enterprise_Survey_MX_2010/ES LAC 2010 Core_Mex.pdf 756863 6f7e160047cf
  COINCIDE data_raw/ADQCORRE_R74R75_GDELT/GDELT.MASTERREDUCEDV2.1979-2013.zip 1088704384 a9f0a4ff2258
  COINCIDE data_raw/ADQCORRE_R74R75_GDELT2_MX20260824/gdeltv2-export-20260824-96files.tar.gz 6201400 d5149334cb9e
  COINCIDE data_raw/ADQCORRE_R74R75_MASSMOB/mmALL_073120_v16.tab 15534524 3a175c20bc1d
  COINCIDE data_raw/DD_CompraNet_2025/DD_PIC_CONTRATOS_2400703.xlsx 18502 a16c3166d7b8
  COINCIDE data_raw/ENAPROCE_instrumentos/enaproce2015_micro.pdf 287157 69892f70f3eb
  COINCIDE data_raw/FP29_PEW_2025/SR_25.12.01_social-trust_topline.pdf 523726 103ef06eafba
  COINCIDE data_raw/GEN2_FUENTES_FINANCIERAS_20/040_1a_R16.xls 5491712 3b6ac444df10
  COINCIDE data_raw/GEN2_FUENTES_FINANCIERAS_CONTINUACION/banxico_imor_producto_2026T1.html 223734 c9691762bb6e
  COINCIDE data_raw/GEN2_N34_PRODUCTO_DANO/banxico_satisfaccion_usuarios_2019_2024.xlsx 5794893 67d4a97b86e6
  COINCIDE data_raw/GEN2_UNIVERSO_C_FINDEX_2025/GlobalFindex2025-glossary.xlsx 26841 8eb99754e6e1
  COINCIDE data_raw/R1_1_AGROASEMEX/PAA_componente_apoyo.csv 210586 b9ff8a730ba7
  COINCIDE data_raw/R2.1_ECCO/SE_REPORTE_GENERAL_ECCO_2023.pdf 2407229 ec47822d2a7b
  COINCIDE data_raw/R2.1_R2.2_R10.2_RNM_microdato/datosgobmx_ckan_package_search_enaproce_enestyc_cero_resultados.json 216 d26a2cdbc9fc
  COINCIDE data_raw/R3.4_Banxico_CoDi_SPEI/banxico_codi_avances_banco_mexico.html 8271 3052e7114cb2
  COINCIDE data_raw/R4_1_SESTAD_ESTAD/SESTAD_reporte_2021.pdf 1006873 f4383a277ad9
  COINCIDE data_raw/R7.3_PUB_Bienestar/padron_unico_bienestar.csv 114046 89e46568abd3
  COINCIDE data_raw/R7.4_R7.5_ACLED_HDX/mexico_demonstration_events_by_month-year.xlsx 9075 376bdf04ca9c
  COINCIDE data_raw/R8.1_contraloria_social/contraloria_social_2019_2025.csv 520 3b5a77751a8c
  COINCIDE data_raw/R9_1_ENSANUT_utilizadores/ensanut_2018_utilizadores_servicios_salud.pdf 930234 164309f47424
  COINCIDE data_raw/RUPC_datamx_2019/compranet_rupc_datamx.json 5810200 2e6c98ed3e55
  COINCIDE data_raw/academico_bauchet2014/ssrn_bauchet_2589578.pdf 272496 cbb6a2d43acb
  COINCIDE data_raw/academico_icpsr35024/icpsr35024_ds1_subconjunto_codebook.pdf 28502 f5fa8c4cf37a
  COINCIDE data_raw/academico_tandas_mexico/Campos-1998-Las-tandas-en-Mexico.pdf 3805683 6cb62eaa7b3e
  COINCIDE data_raw/asf_auditoria_165_ds_vacunacion_isste_2024/2024_0165_a.pdf 635172 f9eaacec224f
  COINCIDE data_raw/asf_informe_cuenta_publica_2023/MR_General_a.pdf 4113672 62bb8144ed77
  COINCIDE data_raw/cngmd2023/m1/alcaldias_cngmd2023_csv.zip 2849626 176f28a2b37b
  COINCIDE data_raw/compranet_historico/compranet_historico.csv 951619345 78f4139437f7
  COINCIDE data_raw/condusef_redeco_reune/despachos_cobranza_30_09_25.csv 673104 f95f88725e9f
  COINCIDE data_raw/cultura_constitucional_unam_iij/Mexicanos_Constitucion.pdf 1400864 e3f92f609352
  COINCIDE data_raw/ecopred2014/ecopred14_bd_dbf.zip 22296331 c1c62e7f201c
  COINCIDE data_raw/eder2011/eder2011_bases_dbf.zip 10394938 c6f9f0a55c48
  COINCIDE data_raw/eder2017/eder2017_bases_csv.zip 13313736 bcc7eb90c2d0
  COINCIDE data_raw/eder2025/889463930242.pdf 4380365 9737a557c3f2
  COINCIDE data_raw/edr2024/defunciones_base_datos_2024_dbf.zip 28238311 a8acb8f0f5aa
  COINCIDE data_raw/elcos2012/ELCOS_BD_dbf.zip 3902958 925013378cef
  COINCIDE data_raw/electoral_calendario_pel_ine/informe2015_CGor201504-29.pdf.txt 151401 6f68f1282358
  COINCIDE data_raw/electoral_local_2023_2024/calendario_f232a/IEC.CG.206.2023_Calendario_Integral_PEL_2024.pdf 1654757 97e548af8651
  COINCIDE data_raw/electoral_local_municipal_serie/iec_coahuila_2017_ayuntamientos_x_casilla.xlsx 1923086 e672f2db1513
  COINCIDE data_raw/electoral_sicee_federal/sicee_federal_dip_mr_2018.zip 40276204 0c6c40bb408c
  COINCIDE data_raw/electoral_sicee_local/sicee_local_ags_pel_2016.zip 1121512 5373242a2cb9
  COINCIDE data_raw/enaproce2015/ejem_base_micro_ciega_csv.zip 4006 01aafb888b44
  COINCIDE data_raw/enaproce2018/ejem_base_micro_ciega_csv.zip 5704 2df2046ac8d5
  COINCIDE data_raw/enasem2018/enasem_2018_bd_csv.zip 8767343 bfd8ffd172e2
  COINCIDE data_raw/enasem2021/enasem_2021_bd_csv.zip 7438658 68b8f7ecbd55
  COINCIDE data_raw/enasem2024/enasem_2024_bd_csv.zip 11929796 6712f1b0cc5e
  COINCIDE data_raw/enasic2022/889463927082.pdf 1390271 2f51b5aaddf3
  COINCIDE data_raw/enbiare2021/enbiare_2021_base_de_datos_csv.zip 5684658 afe9013a4cc2
  COINCIDE data_raw/encig2011/Base_datos_encig2011_dbf.zip 4396245 5af6cb24a476
  COINCIDE data_raw/encig2013/encig13_base_datos_dbf.zip 9621208 48d29d560d38
  COINCIDE data_raw/encig2015/encig15_base_datos_dbf.zip 15529099 3f588cb19666
  COINCIDE data_raw/encig2017/encig17_base_datos_dbf.zip 40715724 801efc4c46d8
  COINCIDE data_raw/encig2019/encig19_base_datos_dbf.zip 37627091 626395c6b13a
  COINCIDE data_raw/encig2021/encig21_base_datos_RData.zip 20550259 592967d6496d
  COINCIDE data_raw/encig2023/encig23_base_datos_RData.zip 14242874 6b16471bc765
  COINCIDE data_raw/encig2025/encig25_base_datos_RData.zip 12802149 f185870dd73e
  COINCIDE data_raw/endireh2003/bd_endireh_2003_RData.zip 6618655 7acbdf50d043
  COINCIDE data_raw/endireh2006/bd_endireh_2006_RData.zip 18614575 e3456fb7c551
  COINCIDE data_raw/endireh2011/bd_endireh_2011_RData.zip 19922788 fe864778df66
  COINCIDE data_raw/endireh2016/bd_mujeres_endireh2016_sitioinegi_RData.zip 73131647 8173a019b5c9
  COINCIDE data_raw/endireh2021/bd_endireh_2021_RData.zip 36646028 a29e50210700
  COINCIDE data_raw/endutih2023/FD_ENDUTIH2023.xlsx 140760 0f78146a6d61
  COINCIDE data_raw/endutih2024/endutih2024_bd_dbf.zip 8823853 ef723ed125c8
  COINCIDE data_raw/endutih2025/endutih2025_bd_dbf.zip 9041121 a927528779c5
  COINCIDE data_raw/enfih2019/enfih_2019_base_de_datos_csv.zip 4404049 be372533d504
  COINCIDE data_raw/engasto2012/engasto12_fd.pdf 1461889 aabc23ca5924
  COINCIDE data_raw/engasto2013/gasto_dbf.zip 60663633 422ef16e6b80
  COINCIDE data_raw/enjuve_imjuve/ENJ005EDUCACION.xls 1079296 2f56aed31e52
  COINCIDE data_raw/ennvih/calculo-de-factores-de-expansion.pdf 337947 cc297561caa5
  COINCIDE data_raw/ennvih_diseno/calculo-de-factores-de-expansion.pdf 337947 cc297561caa5
  COINCIDE data_raw/enoe_microdatos_post2019/2019trim1_csv.zip 31269571 9337691044a7
  COINCIDE data_raw/enpol2016/enpol_2016_csv.zip 16801537 a405ed7777b8
  COINCIDE data_raw/enpol2021/bd_enpol_2021_csv.zip 35914746 8307f9e45420
  COINCIDE data_raw/ensafi2023/ensafi_2023_bd_csv.zip 5027338 c0594079ddf4
  COINCIDE data_raw/ensu2025/ensu_bd_2025_csv.zip 12332522 317ed14f2f2f
  COINCIDE data_raw/enti2022/enti_2022_bd_dbf.zip 18671874 9443db5e0970
  COINCIDE data_raw/envipe2011/base_de_datos_envipe_2011_dbf.zip 8956716 d6c660f00ca2
  COINCIDE data_raw/envipe2012/base_de_datos_envipe_2012_dbf.zip 10171572 d7caa74ea426
  COINCIDE data_raw/envipe2013/bd_envipe13_dbf.zip 10433209 b0b9fd1d1daf
  COINCIDE data_raw/envipe2014/bd_envipe2014_dbf.zip 11506651 8f1d0eb519a0
  COINCIDE data_raw/envipe2015/bd_envipe2015_dbf.zip 15422694 6c2fcb165a17
  COINCIDE data_raw/envipe2016/bd_envipe2016_dbf.zip 18625348 8c939550590b
  COINCIDE data_raw/envipe2017/bd_envipe2017_dbf.zip 18932534 86df9910dae3
  COINCIDE data_raw/envipe2018/bd_envipe2018_dbf.zip 26205205 8f0b10263718
  COINCIDE data_raw/envipe2019/bd_envipe2019_dbf.zip 26082327 f7cb0d6f3317
  COINCIDE data_raw/envipe2020/bd_envipe_2020_dbf.zip 27600154 8d12bb0f71f1
  COINCIDE data_raw/envipe2021/bd_envipe_2021_RData.zip 18802198 167df80f9b18
  COINCIDE data_raw/envipe2022/bd_envipe_2022_RData.zip 17290935 46ee6cd1f598
  COINCIDE data_raw/envipe2023/bd_envipe_2023_RData.zip 15447717 ec54a7763706
  COINCIDE data_raw/envipe2024/bd_envipe_2024_RData.zip 17337721 b1217ac453b5
  COINCIDE data_raw/envipe2025/bd_envipe_2025_RData.zip 16419635 4a7683284d29
  COINCIDE data_raw/gen2_corrupcion_fuente_general/Encuesta-MCCI_2019-2024.xlsx 4109327 ffa39bbb62e6
  COINCIDE data_raw/ieepco_oaxaca_municipal/ESTADISTICA_CONCEJALES_2016_IEEPCO.xlsx 968301 b66e01f30f50
  COINCIDE data_raw/iepc_jalisco_voto_nulo_2024/anexo_3_hoja_de_vaciado_y_cuestionario.pdf 154954 436f41fdeaae
  COINCIDE data_raw/ietam_tamaulipas_municipal/2018_Abasolo.xlsx 58881 8ae575b4eaec
  COINCIDE data_raw/iieg_inclusion_financiera_jalisco/iieg_inclusion_financiera_jalisco_2022.xlsx 80389 09a60f56b303
  COINCIDE data_raw/imss_bienestar_infraestructura/SEGUIM_ACCIONES_INFRA_FISICA_OBRA_CONS_MANT_1Y2TRIM24.xlsx 251823 d396172e4744
  COINCIDE data_raw/ine_conteos_censales_participacion/DatosAbiertos_DECEyEC_ConteosCensales2024.zip 82419841 c0de34d04e78
  COINCIDE data_raw/ine_fiscalizacion_agenda_gasto_candidatura_2024/PREFO_23-24_CAM_AE_240624.csv 112060366 a2b0da1ea286
  COINCIDE data_raw/ine_marco_geografico_electoral/CRFE_17052016_5aSE_P07_1.pdf 81704 093bfba0e1ff
  COINCIDE data_raw/inegi_cngf_2025/cngf_2025_m1s1.pdf 2014714 02670008ebe4
  COINCIDE data_raw/inegi_mmsi_2016/cuestionario_mmsi_2016.pdf 705908 48d59dfc6f26
  COINCIDE data_raw/inegi_rnm_ddi/ensu2025_rnm_ddi.xml 2628278 0dd6ed1a2f7e
  COINCIDE data_raw/ipe_inegi/CV-EE-IC_IPE_Externos_Encuestas_2022_08_26.xlsx 45970 912fc9de75d9
  COINCIDE data_raw/lapop_earthquake_2017/Final_dataset_Mexico_Earthquake.dta 674621 291e68bce67b
  COINCIDE data_raw/losmexicanos_unam_iij/cienciaytecnologia/Encuesta_Nacional_de_Ciencia_y_Tecnologia.csv 821296 bdebbf6c4016
  COINCIDE data_raw/milk_rct_microseguro/Bauchet-Price-and-Information-Life-Microinsurance-Mexico-author-version-2012.pdf 1335782 4d252d1938f4
  COINCIDE data_raw/mociba2015/mociba2015_bd_dbf.zip 2756809 2e55f731d7e1
  COINCIDE data_raw/mociba2016/mociba2016_bd_dbf.zip 1251420 29941a375e0f
  COINCIDE data_raw/mociba2017/mociba2017_bd_dbf.zip 526927 1ffde5f48966
  COINCIDE data_raw/mociba2019/mociba2019_bd_dbf.zip 543734 69887fee4761
  COINCIDE data_raw/mociba2020/mociba2020_bd_RData.zip 1292082 087d65999d23
  COINCIDE data_raw/mociba2021/mociba2021_bd_RData.zip 1195723 b6abcf46ebb5
  COINCIDE data_raw/mociba2022/mociba2022_bd_RData.zip 1227243 e6202603b988
  COINCIDE data_raw/mociba2023/mociba2023_bd_RData.zip 1236848 7860c46a6221
  COINCIDE data_raw/mociba2024/mociba2024_bd_RData.zip 1341731 3b09ea6eb524
  COINCIDE data_raw/mociba2025/mociba2025_bd_RData.zip 1339899 3b37b59014d8
  COINCIDE data_raw/nber_w33208_fintech_lending_no_credit_history/w33208.rev1.pdf 9735904 8090cfb5ca80
  COINCIDE data_raw/osf_interacting_as_equals/2018_SEE_PRE_NAL_MUN.xlsx 464098 2b7fa5e6a638
  COINCIDE data_raw/pdn_bulk_2026_09/pdn_s1_2026-09-06.zip 2912499396 cff2a5fbdbed
  COINCIDE data_raw/pdn_declaranet_sfp/06_datos_abiertos_declaranet_2013.csv 44314482 77d70bcd0f23
  COINCIDE data_raw/sesna_informe_situacion_sea/Informe-de-Situacion-SEA-VF-15.04.24.pdf 1866983 5ec749232e1b
  COINCIDE data_raw/tepjf_elecciones_concurrentes/JEA_Elecciones_concurrentes.pdf 1441115 87c24383d5c0
  COINCIDE data_raw/wb_enterprise_surveys_mx2023/ES_B-READY_2023_Questionnaire.pdf 1041388 0bb8c9f76f29
  COINCIDE descargas_mx/00-DECISIONES-Y-PARALELOS-POST694.md 9360 7ab7759b85e2
  COINCIDE descargas_mx/ACADEMICO-dataverse-mps2012/10.7910_DVN_27083 -- Simulation draws.zip 53370465 e0a6d576ed78
  COINCIDE descargas_mx/Descargas Manuales/1008973606Mexico_LAPOP_final 2006 data set 092906.sav 430124 f43fcf78533f
  COINCIDE descargas_mx/ENSANUT2024-v2026-09-01/actividad_fisica_ensanut2024_w-adultos.Catálogo.xlsx 282151 108aaee45530
  COINCIDE descargas_mx/ICPSR_35024/35024-Questionnaire-spanish.pdf 1252847 fe5be81eb534
  COINCIDE descargas_mx/UNIVERSO-2026-09/CONEVAL/Pobreza_municipal_2020_VCOMPL.rar 130045136 c37a4ee04675
  COINCIDE descargas_mx/academico_icpsr35024/icpsr35024_documentacion_v1.zip 14665813 8e48c789c584
  COINCIDE descargas_mx/list-cran/mexico.Rd 3592 cd8cdaefb2d0
  COINCIDE reserva_respondentes/ENCO/2025-06/enco_2025_junio_dbf.zip 159172 fd283a1afb03
  COINCIDE descargas_mx/ENSANUT2024-v2026-09-01/frec_pr_ensanut2024_w.csv.csv.zip 70490 07928c26dcd2
  COINCIDE data_raw/cngmd2023/m2/contrata_publica_cngmd2023_csv.zip 3746888 75ebca7c9119
  COINCIDE data_raw/banxico_encuesta_competencias_financieras_2021_manual.pdf 258473 0ea050743b30
  COINCIDE data_raw/ADQ15_WB6667_Tutores_Pedagogicos_Moviles_2016/cuestionario_alumnos.xlsx 52860 7ad4d32b3fcf
  COINCIDE data_raw/ejemplobd_enestyc_2005_dbf.zip 16512 8415df511337
  COINCIDE descargas_mx/Descargas Manuales/MEX_2012-2014_ECEPIE_v01_M_v01_A_PUF_Stata12 - without unique Spanish characters.zip 1447314 7ad557106f1c
  COINCIDE data_raw/conjunto_de_datos_enoe_2018_4t_csv.zip 41902692 33863942d1b4
  COINCIDE descargas_mx/ENSANUT2024-v2026-09-01/frec_es_sup_ensanut2024_w.stata.stata.zip 56524 592657d98be1
  COINCIDE descargas_mx/ENCARGO-MOTOR-LINAJE-1-NC0401.md 8399 9c22a09ad6c5
  COINCIDE data_raw/ADQ15_CNBV_AhorroFinanciero_Financiamiento/AFyFeM_Mar_2023.pdf 2884405 d0d074ee7593
  COINCIDE data_raw/encig2025/encig25_base_datos_dbf.zip 34460181 fa92a6ea4119
  COINCIDE data_raw/electoral_sicee_federal/sicee_federal_sen_mr_2018.zip 39787188 fc83f3e8aaba
  COINCIDE data_raw/ADQ15_WB6667_Tutores_Pedagogicos_Moviles_2016/MEX_2016_APIPIE_v01_M.metadata.json 3854 38a7c1cfe8d8
  COINCIDE descargas_mx/F00010701-WVS7_Sample_Design_Mexico_2018.pdf 209667 148b41f4315a
  COINCIDE data_raw/electoral_local_municipal_serie/iee_ags_2021_ayto_mun7.xlsx 17344 8b951f7c220c
  COINCIDE data_raw/electoral_local_municipal_serie/iee_ags_2021_ayto_mun1.xlsx 129641 6c4d1b6c50ff
  COINCIDE data_raw/do_workers_value_formal_jobs_mexico_20260316.pdf 899285 8a71718fc15b
  COINCIDE data_raw/electoral_sicee_local/sicee_local_ver_pel_2021.zip 9517155 561a696fd1b6
  COINCIDE descargas_mx/ENSANUT2024-v2026-09-01/sangre_hemoglobina_ensanut2024_w.csv.csv.zip 677916 32b2ff77e844
RESTAURA-RESUMEN: restaurados=166 bytes=6637618524 coincide=166 no_coincide=0 dir=/home/pc0/mm-respaldo-corpus/restauraciones-tmp/restaura-corpus-2frray2_ -> VERDE
  (directorio temporal borrado; --conserva lo deja)
